Component: Arm Compiler for Embedded 6.21 Tool: armlink [5ec1fa00]

==============================================================================

Section Cross References

    startup_stm32f103xb.o(RESET) refers to startup_stm32f103xb.o(STACK) for __initial_sp
    startup_stm32f103xb.o(RESET) refers to startup_stm32f103xb.o(.text) for Reset_Handler
    startup_stm32f103xb.o(RESET) refers to stm32f1xx_it.o(.text.NMI_Handler) for NMI_Handler
    startup_stm32f103xb.o(RESET) refers to stm32f1xx_it.o(.text.HardFault_Handler) for HardFault_Handler
    startup_stm32f103xb.o(RESET) refers to stm32f1xx_it.o(.text.MemManage_Handler) for MemManage_Handler
    startup_stm32f103xb.o(RESET) refers to stm32f1xx_it.o(.text.BusFault_Handler) for BusFault_Handler
    startup_stm32f103xb.o(RESET) refers to stm32f1xx_it.o(.text.UsageFault_Handler) for UsageFault_Handler
    startup_stm32f103xb.o(RESET) refers to stm32f1xx_it.o(.text.SVC_Handler) for SVC_Handler
    startup_stm32f103xb.o(RESET) refers to stm32f1xx_it.o(.text.DebugMon_Handler) for DebugMon_Handler
    startup_stm32f103xb.o(RESET) refers to stm32f1xx_it.o(.text.PendSV_Handler) for PendSV_Handler
    startup_stm32f103xb.o(RESET) refers to stm32f1xx_it.o(.text.SysTick_Handler) for SysTick_Handler
    startup_stm32f103xb.o(RESET) refers to stm32f1xx_it.o(.text.DMA1_Channel4_IRQHandler) for DMA1_Channel4_IRQHandler
    startup_stm32f103xb.o(RESET) refers to stm32f1xx_it.o(.text.DMA1_Channel5_IRQHandler) for DMA1_Channel5_IRQHandler
    startup_stm32f103xb.o(RESET) refers to stm32f1xx_it.o(.text.USART1_IRQHandler) for USART1_IRQHandler
    startup_stm32f103xb.o(.text) refers to system_stm32f1xx.o(.text.SystemInit) for SystemInit
    startup_stm32f103xb.o(.text) refers to entry.o(.ARM.Collect$$$$00000000) for __main
    main.o(.text.main) refers to stm32f1xx_hal.o(.text.HAL_Init) for HAL_Init
    main.o(.text.main) refers to main.o(.text.SystemClock_Config) for SystemClock_Config
    main.o(.text.main) refers to gpio.o(.text.MX_GPIO_Init) for MX_GPIO_Init
    main.o(.text.main) refers to dma.o(.text.MX_DMA_Init) for MX_DMA_Init
    main.o(.text.main) refers to usart.o(.text.MX_USART1_UART_Init) for MX_USART1_UART_Init
    main.o(.text.main) refers to tim.o(.text.MX_TIM1_Init) for MX_TIM1_Init
    main.o(.text.main) refers to system.o(.text.System_Init) for System_Init
    main.o(.text.main) refers to system.o(.text.System_Loop) for System_Loop
    main.o(.ARM.exidx.text.main) refers to main.o(.text.main) for [Anonymous Symbol]
    main.o(.text.SystemClock_Config) refers to stm32f1xx_hal_rcc.o(.text.HAL_RCC_OscConfig) for HAL_RCC_OscConfig
    main.o(.text.SystemClock_Config) refers to stm32f1xx_hal_rcc.o(.text.HAL_RCC_ClockConfig) for HAL_RCC_ClockConfig
    main.o(.text.SystemClock_Config) refers to stm32f1xx_hal_rcc.o(.text.HAL_RCC_EnableCSS) for HAL_RCC_EnableCSS
    main.o(.ARM.exidx.text.SystemClock_Config) refers to main.o(.text.SystemClock_Config) for [Anonymous Symbol]
    main.o(.ARM.exidx.text.Error_Handler) refers to main.o(.text.Error_Handler) for [Anonymous Symbol]
    gpio.o(.text.MX_GPIO_Init) refers to stm32f1xx_hal_gpio.o(.text.HAL_GPIO_WritePin) for HAL_GPIO_WritePin
    gpio.o(.text.MX_GPIO_Init) refers to stm32f1xx_hal_gpio.o(.text.HAL_GPIO_Init) for HAL_GPIO_Init
    gpio.o(.ARM.exidx.text.MX_GPIO_Init) refers to gpio.o(.text.MX_GPIO_Init) for [Anonymous Symbol]
    dma.o(.text.MX_DMA_Init) refers to stm32f1xx_hal_cortex.o(.text.HAL_NVIC_SetPriority) for HAL_NVIC_SetPriority
    dma.o(.text.MX_DMA_Init) refers to stm32f1xx_hal_cortex.o(.text.HAL_NVIC_EnableIRQ) for HAL_NVIC_EnableIRQ
    dma.o(.ARM.exidx.text.MX_DMA_Init) refers to dma.o(.text.MX_DMA_Init) for [Anonymous Symbol]
    tim.o(.text.MX_TIM1_Init) refers to tim.o(.bss.htim1) for htim1
    tim.o(.text.MX_TIM1_Init) refers to stm32f1xx_hal_tim.o(.text.HAL_TIM_Base_Init) for HAL_TIM_Base_Init
    tim.o(.text.MX_TIM1_Init) refers to main.o(.text.Error_Handler) for Error_Handler
    tim.o(.text.MX_TIM1_Init) refers to stm32f1xx_hal_tim.o(.text.HAL_TIM_ConfigClockSource) for HAL_TIM_ConfigClockSource
    tim.o(.text.MX_TIM1_Init) refers to stm32f1xx_hal_tim_ex.o(.text.HAL_TIMEx_MasterConfigSynchronization) for HAL_TIMEx_MasterConfigSynchronization
    tim.o(.ARM.exidx.text.MX_TIM1_Init) refers to tim.o(.text.MX_TIM1_Init) for [Anonymous Symbol]
    tim.o(.ARM.exidx.text.HAL_TIM_Base_MspInit) refers to tim.o(.text.HAL_TIM_Base_MspInit) for [Anonymous Symbol]
    tim.o(.ARM.exidx.text.HAL_TIM_Base_MspDeInit) refers to tim.o(.text.HAL_TIM_Base_MspDeInit) for [Anonymous Symbol]
    usart.o(.text.MX_USART1_UART_Init) refers to usart.o(.bss.huart1) for huart1
    usart.o(.text.MX_USART1_UART_Init) refers to stm32f1xx_hal_uart.o(.text.HAL_UART_Init) for HAL_UART_Init
    usart.o(.text.MX_USART1_UART_Init) refers to main.o(.text.Error_Handler) for Error_Handler
    usart.o(.ARM.exidx.text.MX_USART1_UART_Init) refers to usart.o(.text.MX_USART1_UART_Init) for [Anonymous Symbol]
[...]
    .text                                    0x080002ae   Section        0  strncmp.o(.text)
    .text                                    0x080002cc   Section        0  strncasecmp.o(.text)
    .text                                    0x080002fe   Section        0  strtol.o(.text)
    .text                                    0x0800036e   Section        0  fmul.o(.text)
    .text                                    0x080003d2   Section        0  fdiv.o(.text)
    .text                                    0x0800044e   Section        0  dmul.o(.text)
    .text                                    0x08000532   Section        0  ddiv.o(.text)
    .text                                    0x08000610   Section        0  dflti.o(.text)
    .text                                    0x08000632   Section        0  dfixi.o(.text)
    .text                                    0x08000670   Section        0  f2d.o(.text)
    .text                                    0x08000696   Section        0  d2f.o(.text)
    .text                                    0x080006ce   Section        0  uidiv.o(.text)
    .text                                    0x080006fa   Section        0  llshl.o(.text)
    .text                                    0x08000718   Section        0  llushr.o(.text)
    .text                                    0x08000738   Section        0  ctype_o.o(.text)
    .text                                    0x08000740   Section        0  isspace_o.o(.text)
    .text                                    0x08000752   Section        0  tolower.o(.text)
    .text                                    0x0800075e   Section        0  _strtoul.o(.text)
    .text                                    0x080007fc   Section        0  strtof.o(.text)
    .text                                    0x08000804   Section        0  iusefp.o(.text)
    .text                                    0x08000804   Section        0  fepilogue.o(.text)
    .text                                    0x08000872   Section        0  depilogue.o(.text)
    .text                                    0x0800092c   Section        0  dadd.o(.text)
    .text                                    0x08000a7a   Section        0  dfixul.o(.text)
    .text                                    0x08000aac   Section       48  cdrcmple.o(.text)
    .text                                    0x08000adc   Section       48  init.o(.text)
    .text                                    0x08000b0c   Section        0  llsshr.o(.text)
    .text                                    0x08000b30   Section        0  _chval.o(.text)
    _local_sscanf                            0x08000b4d   Thumb Code    62  strtod.o(.text)
    .text                                    0x08000b4c   Section        0  strtod.o(.text)
    _fp_value                                0x08000bf5   Thumb Code   296  scanf_fp.o(.text)
    .text                                    0x08000bf4   Section        0  scanf_fp.o(.text)
    .text                                    0x08000f54   Section        0  _sgetc.o(.text)
    .text                                    0x08000f94   Section        0  dfltul.o(.text)
    [Anonymous Symbol]                       0x08000fac   Section        0  stm32f1xx_it.o(.text.BusFault_Handler)
    [Anonymous Symbol]                       0x08000fae   Section        0  stm32f1xx_it.o(.text.DMA1_Channel4_IRQHandler)
    [Anonymous Symbol]                       0x08000fba   Section        0  stm32f1xx_it.o(.text.DMA1_Channel5_IRQHandler)
    [Anonymous Symbol]                       0x08000fc6   Section        0  stm32f1xx_it.o(.text.DebugMon_Handler)
    DelayUs                                  0x08000fc9   Thumb Code    50  system.o(.text.DelayUs)
    [Anonymous Symbol]                       0x08000fc8   Section        0  system.o(.text.DelayUs)
    [Anonymous Symbol]                       0x08000ffc   Section        0  main.o(.text.Error_Handler)
    [Anonymous Symbol]                       0x08001006   Section        0  stm32f1xx_hal_dma.o(.text.HAL_DMA_Abort)
    [Anonymous Symbol]                       0x08001046   Section        0  stm32f1xx_hal_dma.o(.text.HAL_DMA_Abort_IT)
    [Anonymous Symbol]                       0x080010f6   Section        0  stm32f1xx_hal_dma.o(.text.HAL_DMA_IRQHandler)
    [Anonymous Symbol]                       0x0800125c   Section        0  stm32f1xx_hal_dma.o(.text.HAL_DMA_Init)
    [Anonymous Symbol]                       0x080012e2   Section        0  stm32f1xx_hal_dma.o(.text.HAL_DMA_Start_IT)
    [Anonymous Symbol]                       0x08001380   Section        0  stm32f1xx_hal.o(.text.HAL_Delay)
    [Anonymous Symbol]                       0x080013a8   Section        0  stm32f1xx_hal_gpio.o(.text.HAL_GPIO_Init)
    [Anonymous Symbol]                       0x08001598   Section        0  stm32f1xx_hal_gpio.o(.text.HAL_GPIO_ReadPin)
    [Anonymous Symbol]                       0x080015a2   Section        0  stm32f1xx_hal_gpio.o(.text.HAL_GPIO_WritePin)
    [Anonymous Symbol]                       0x080015ac   Section        0  stm32f1xx_hal.o(.text.HAL_GetTick)
    [Anonymous Symbol]                       0x080015b8   Section        0  stm32f1xx_hal.o(.text.HAL_IncTick)
    [Anonymous Symbol]                       0x080015d2   Section        0  stm32f1xx_hal.o(.text.HAL_Init)
    [Anonymous Symbol]                       0x080015f8   Section        0  stm32f1xx_hal.o(.text.HAL_InitTick)
    [Anonymous Symbol]                       0x08001648   Section        0  stm32f1xx_hal_msp.o(.text.HAL_MspInit)
    [Anonymous Symbol]                       0x0800168a   Section        0  stm32f1xx_hal_cortex.o(.text.HAL_NVIC_EnableIRQ)
    [Anonymous Symbol]                       0x080016aa   Section        0  stm32f1xx_hal_cortex.o(.text.HAL_NVIC_SetPriority)
    [Anonymous Symbol]                       0x08001700   Section        0  stm32f1xx_hal_cortex.o(.text.HAL_NVIC_SetPriorityGrouping)
    [Anonymous Symbol]                       0x08001720   Section        0  stm32f1xx_hal_rcc.o(.text.HAL_RCC_CSSCallback)
    [Anonymous Symbol]                       0x08001724   Section        0  stm32f1xx_hal_rcc.o(.text.HAL_RCC_ClockConfig)
    [Anonymous Symbol]                       0x08001894   Section        0  stm32f1xx_hal_rcc.o(.text.HAL_RCC_EnableCSS)
    [Anonymous Symbol]                       0x080018a0   Section        0  stm32f1xx_hal_rcc.o(.text.HAL_RCC_GetPCLK1Freq)
    [Anonymous Symbol]                       0x080018c6   Section        0  stm32f1xx_hal_rcc.o(.text.HAL_RCC_GetPCLK2Freq)
    [Anonymous Symbol]                       0x080018ec   Section        0  stm32f1xx_hal_rcc.o(.text.HAL_RCC_GetSysClockFreq)
    HAL_RCC_GetSysClockFreq.aPLLMULFactorTable 0x08001944   Number         0  stm32f1xx_hal_rcc.o(.text.HAL_RCC_GetSysClockFreq)
    HAL_RCC_GetSysClockFreq.aPredivFactorTable 0x08001954   Number         0  stm32f1xx_hal_rcc.o(.text.HAL_RCC_GetSysClockFreq)
    [Anonymous Symbol]                       0x08001958   Section        0  stm32f1xx_hal_rcc.o(.text.HAL_RCC_NMI_IRQHandler)
    [Anonymous Symbol]                       0x08001974   Section        0  stm32f1xx_hal_rcc.o(.text.HAL_RCC_OscConfig)
    [Anonymous Symbol]                       0x08001cd8   Section        0  stm32f1xx_hal_cortex.o(.text.HAL_SYSTICK_Config)
    [Anonymous Symbol]                       0x08001d04   Section        0  stm32f1xx_hal_tim_ex.o(.text.HAL_TIMEx_MasterConfigSynchronization)
    [Anonymous Symbol]                       0x08001d78   Section        0  stm32f1xx_hal_tim.o(.text.HAL_TIM_Base_Init)
    [Anonymous Symbol]                       0x08001dd0   Section        0  tim.o(.text.HAL_TIM_Base_MspInit)
    [Anonymous Symbol]                       0x08001e00   Section        0  stm32f1xx_hal_tim.o(.text.HAL_TIM_Base_Start)
    [Anonymous Symbol]                       0x08001e5a   Section        0  stm32f1xx_hal_tim.o(.text.HAL_TIM_Base_Stop)
    [Anonymous Symbol]                       0x08001e84   Section        0  stm32f1xx_hal_tim.o(.text.HAL_TIM_ConfigClockSource)
    [Anonymous Symbol]                       0x08002020   Section        0  stm32f1xx_hal_uart.o(.text.HAL_UARTEx_RxEventCallback)
    [Anonymous Symbol]                       0x08002024   Section        0  stm32f1xx_hal_uart.o(.text.HAL_UART_DMAStop)
    [Anonymous Symbol]                       0x080020aa   Section        0  stm32f1xx_hal_uart.o(.text.HAL_UART_ErrorCallback)
    [Anonymous Symbol]                       0x080020ac   Section        0  stm32f1xx_hal_uart.o(.text.HAL_UART_IRQHandler)
    [Anonymous Symbol]                       0x08002360   Section        0  system.o(.text.HAL_UART_IdleCallback)
    [Anonymous Symbol]                       0x08002410   Section        0  stm32f1xx_hal_uart.o(.text.HAL_UART_Init)
    [Anonymous Symbol]                       0x0800246e   Section        0  usart.o(.text.HAL_UART_MspInit)
    [Anonymous Symbol]                       0x08002560   Section        0  stm32f1xx_hal_uart.o(.text.HAL_UART_Receive_DMA)
    [Anonymous Symbol]                       0x08002582   Section        0  stm32f1xx_hal_uart.o(.text.HAL_UART_RxCpltCallback)
    [Anonymous Symbol]                       0x08002584   Section        0  stm32f1xx_hal_uart.o(.text.HAL_UART_RxHalfCpltCallback)
    [Anonymous Symbol]                       0x08002588   Section        0  stm32f1xx_hal_uart.o(.text.HAL_UART_Transmit)
    [Anonymous Symbol]                       0x08002632   Section        0  stm32f1xx_hal_uart.o(.text.HAL_UART_TxCpltCallback)
    HW_GPIOA_ReadPin                         0x08002635   Thumb Code    18  hal_gpio.o(.text.HW_GPIOA_ReadPin)
    [Anonymous Symbol]                       0x08002634   Section        0  hal_gpio.o(.text.HW_GPIOA_ReadPin)
    HW_GPIOA_WritePin                        0x08002647   Thumb Code    20  hal_gpio.o(.text.HW_GPIOA_WritePin)
    [Anonymous Symbol]                       0x08002646   Section        0  hal_gpio.o(.text.HW_GPIOA_WritePin)
    [Anonymous Symbol]                       0x0800265c   Section        0  stm32f1xx_it.o(.text.HardFault_Handler)
    [Anonymous Symbol]                       0x08002660   Section        0  llos_crc.o(.text.LLOS_CRC_CAL)
    [Anonymous Symbol]                       0x080027cc   Section        0  llos_conf.o(.text.LLOS_Cmd_Factory)
    [Anonymous Symbol]                       0x080027d0   Section        0  llos.o(.text.LLOS_Cmd_IDN)
    [Anonymous Symbol]                       0x08002820   Section        0  llos.o(.text.LLOS_Cmd_Init)
    [Anonymous Symbol]                       0x08002924   Section        0  llos.o(.text.LLOS_Cmd_Input)
    [Anonymous Symbol]                       0x080029f0   Section        0  llos.o(.text.LLOS_Cmd_ParamBool)
    [Anonymous Symbol]                       0x08002b10   Section        0  llos.o(.text.LLOS_Cmd_ParamCopyText)
    [Anonymous Symbol]                       0x08002c24   Section        0  llos.o(.text.LLOS_Cmd_ParamFloat)
    [Anonymous Symbol]                       0x08002ea0   Section        0  llos.o(.text.LLOS_Cmd_ParamInt32)
    [Anonymous Symbol]                       0x08003130   Section        0  llos.o(.text.LLOS_Cmd_RST)
    [Anonymous Symbol]                       0x08003154   Section        0  llos_conf.o(.text.LLOS_Cmd_Test)
    [Anonymous Symbol]                       0x080031cc   Section        0  llos_ds18b20.o(.text.LLOS_DS18B20_Init)
    LLOS_DS18B20_RST                         0x080032f5   Thumb Code    82  llos_ds18b20.o(.text.LLOS_DS18B20_RST)
    [Anonymous Symbol]                       0x080032f4   Section        0  llos_ds18b20.o(.text.LLOS_DS18B20_RST)
    LLOS_DS18B20_ReadByte                    0x08003349   Thumb Code    88  llos_ds18b20.o(.text.LLOS_DS18B20_ReadByte)
    [Anonymous Symbol]                       0x08003348   Section        0  llos_ds18b20.o(.text.LLOS_DS18B20_ReadByte)
    LLOS_DS18B20_WriteByte                   0x080033a1   Thumb Code    82  llos_ds18b20.o(.text.LLOS_DS18B20_WriteByte)
    [Anonymous Symbol]                       0x080033a0   Section        0  llos_ds18b20.o(.text.LLOS_DS18B20_WriteByte)
    [Anonymous Symbol]                       0x080033f4   Section        0  llos.o(.text.LLOS_DelayMs)
    [Anonymous Symbol]                       0x0800342c   Section        0  llos.o(.text.LLOS_DelayUs)
    [Anonymous Symbol]                       0x08003464   Section        0  llos.o(.text.LLOS_Device_Find)
    [Anonymous Symbol]                       0x08003498   Section        0  llos.o(.text.LLOS_Device_ReadPin)
    [Anonymous Symbol]                       0x080034e0   Section        0  hal_gpio.o(.text.LLOS_Device_Register_GPIO)
    [Anonymous Symbol]                       0x08003568   Section        0  llos.o(.text.LLOS_Device_WritePin)
    [Anonymous Symbol]                       0x080035b0   Section        0  llos.o(.text.LLOS_Init)
    [Anonymous Symbol]                       0x080037f0   Section        0  llos.o(.text.LLOS_Loop)
    [Anonymous Symbol]                       0x08003968   Section        0  llos.o(.text.LLOS_Ms_To_Tick)
    [Anonymous Symbol]                       0x0800397c   Section        0  llos.o(.text.LLOS_Msg_Clear)
    [Anonymous Symbol]                       0x080039dc   Section        0  llos.o(.text.LLOS_Msg_Receive)
    [Anonymous Symbol]                       0x080039ec   Section        0  llos.o(.text.LLOS_Register_Device)
    [Anonymous Symbol]                       0x08003aa4   Section        0  llos.o(.text.LLOS_Register_Events)
    [Anonymous Symbol]                       0x08003b04   Section        0  llos.o(.text.LLOS_Start_Event)
    [Anonymous Symbol]                       0x08003ba0   Section        0  llos.o(.text.LLOS_Tick_Increase)
    [Anonymous Symbol]                       0x08003cb4   Section        0  llos.o(.text.LLOS_malloc)
    [Anonymous Symbol]                       0x08003d52   Section        0  dma.o(.text.MX_DMA_Init)
    [Anonymous Symbol]                       0x08003d96   Section        0  gpio.o(.text.MX_GPIO_Init)
    [Anonymous Symbol]                       0x08003e52   Section        0  tim.o(.text.MX_TIM1_Init)
    [Anonymous Symbol]                       0x08003ec2   Section        0  usart.o(.text.MX_USART1_UART_Init)
    [Anonymous Symbol]                       0x08003efc   Section        0  stm32f1xx_it.o(.text.MemManage_Handler)
    [Anonymous Symbol]                       0x08003f00   Section        0  stm32f1xx_it.o(.text.NMI_Handler)
    [Anonymous Symbol]                       0x08003f06   Section        0  stm32f1xx_it.o(.text.PendSV_Handler)
    [Anonymous Symbol]                       0x08003f08   Section        0  stm32f1xx_it.o(.text.SVC_Handler)
    [Anonymous Symbol]                       0x08003f0a   Section        0  stm32f1xx_it.o(.text.SysTick_Handler)
    [Anonymous Symbol]                       0x08003f1c   Section        0  main.o(.text.SystemClock_Config)
    [Anonymous Symbol]                       0x08003f82   Section        0  system_stm32f1xx.o(.text.SystemInit)
    [Anonymous Symbol]                       0x08003f84   Section        0  system.o(.text.System_Init)
    [Anonymous Symbol]                       0x08004038   Section        0  system.o(.text.System_Loop)
    [Anonymous Symbol]                       0x08004060   Section        0  stm32f1xx_hal_tim.o(.text.TIM_Base_SetConfig)
    Task_DS18B20_Events                      0x080040fd   Thumb Code   108  taskds18b20.o(.text.Task_DS18B20_Events)
    [Anonymous Symbol]                       0x080040fc   Section        0  taskds18b20.o(.text.Task_DS18B20_Events)
    [Anonymous Symbol]                       0x0800419c   Section        0  taskds18b20.o(.text.Task_DS18B20_Init)
    Task_Events                              0x08004289   Thumb Code   456  llos_ds18b20.o(.text.Task_Events)
    [Anonymous Symbol]                       0x08004288   Section        0  llos_ds18b20.o(.text.Task_Events)
    Trim                                     0x08004469   Thumb Code    36  llos.o(.text.Trim)
    [Anonymous Symbol]                       0x08004468   Section        0  llos.o(.text.Trim)
    UART_DMAAbortOnError                     0x080044d1   Thumb Code    12  stm32f1xx_hal_uart.o(.text.UART_DMAAbortOnError)
    [Anonymous Symbol]                       0x080044d0   Section        0  stm32f1xx_hal_uart.o(.text.UART_DMAAbortOnError)
    UART_DMAError                            0x080044dd   Thumb Code   100  stm32f1xx_hal_uart.o(.text.UART_DMAError)
    [Anonymous Symbol]                       0x080044dc   Section        0  stm32f1xx_hal_uart.o(.text.UART_DMAError)
    UART_DMAReceiveCplt                      0x08004541   Thumb Code   128  stm32f1xx_hal_uart.o(.text.UART_DMAReceiveCplt)
    [Anonymous Symbol]                       0x08004540   Section        0  stm32f1xx_hal_uart.o(.text.UART_DMAReceiveCplt)
    UART_DMARxHalfCplt                       0x080045c1   Thumb Code    24  stm32f1xx_hal_uart.o(.text.UART_DMARxHalfCplt)
    [Anonymous Symbol]                       0x080045c0   Section        0  stm32f1xx_hal_uart.o(.text.UART_DMARxHalfCplt)
    UART_EndRxTransfer                       0x080045d9   Thumb Code    80  stm32f1xx_hal_uart.o(.text.UART_EndRxTransfer)
    [Anonymous Symbol]                       0x080045d8   Section        0  stm32f1xx_hal_uart.o(.text.UART_EndRxTransfer)
    UART_Receive_IT                          0x08004629   Thumb Code   190  stm32f1xx_hal_uart.o(.text.UART_Receive_IT)
    [Anonymous Symbol]                       0x08004628   Section        0  stm32f1xx_hal_uart.o(.text.UART_Receive_IT)
    UART_SetConfig                           0x080046e7   Thumb Code   146  stm32f1xx_hal_uart.o(.text.UART_SetConfig)
    [Anonymous Symbol]                       0x080046e6   Section        0  stm32f1xx_hal_uart.o(.text.UART_SetConfig)
    [Anonymous Symbol]                       0x08004778   Section        0  stm32f1xx_hal_uart.o(.text.UART_Start_Receive_DMA)
    UART_WaitOnFlagUntilTimeout              0x08004811   Thumb Code   122  stm32f1xx_hal_uart.o(.text.UART_WaitOnFlagUntilTimeout)
    [Anonymous Symbol]                       0x08004810   Section        0  stm32f1xx_hal_uart.o(.text.UART_WaitOnFlagUntilTimeout)
    [Anonymous Symbol]                       0x0800488a   Section        0  stm32f1xx_it.o(.text.USART1_IRQHandler)
    [Anonymous Symbol]                       0x080048a4   Section        0  stm32f1xx_it.o(.text.UsageFault_Handler)
    __NVIC_SystemReset                       0x080048a9   Thumb Code    36  system.o(.text.__NVIC_SystemReset)
    [Anonymous Symbol]                       0x080048a8   Section        0  system.o(.text.__NVIC_SystemReset)
    compare                                  0x080048cd   Thumb Code    40  llos.o(.text.compare)
    [Anonymous Symbol]                       0x080048cc   Section        0  llos.o(.text.compare)
    [Anonymous Symbol]                       0x080048f4   Section        0  system.o(.text.fputc)
    [Anonymous Symbol]                       0x08004914   Section        0  main.o(.text.main)
    i.__0printf                              0x08004938   Section        0  printfa.o(i.__0printf)
    i.__aeabi_errno_addr                     0x08004958   Section        0  errno.o(i.__aeabi_errno_addr)
    i.__scatterload_copy                     0x08004960   Section       14  handlers.o(i.__scatterload_copy)
    i.__scatterload_null                     0x0800496e   Section        2  handlers.o(i.__scatterload_null)
    i.__scatterload_zeroinit                 0x08004970   Section       14  handlers.o(i.__scatterload_zeroinit)
    _fp_digits                               0x08004981   Thumb Code   366  printfa.o(i._fp_digits)
    i._fp_digits                             0x08004980   Section        0  printfa.o(i._fp_digits)
    i._is_digit                              0x08004b04   Section        0  scanf_fp.o(i._is_digit)
    _printf_core                             0x08004b15   Thumb Code  1744  printfa.o(i._printf_core)
    i._printf_core                           0x08004b14   Section        0  printfa.o(i._printf_core)
    _printf_post_padding                     0x080051f1   Thumb Code    36  printfa.o(i._printf_post_padding)
    i._printf_post_padding                   0x080051f0   Section        0  printfa.o(i._printf_post_padding)
    _printf_pre_padding                      0x08005215   Thumb Code    46  printfa.o(i._printf_pre_padding)
    i._printf_pre_padding                    0x08005214   Section        0  printfa.o(i._printf_pre_padding)
    i.puts                                   0x08005244   Section        0  puts.o(i.puts)
    i.strtof                                 0x08005268   Section        0  strtof.o(i.strtof)
    .constdata                               0x0800527c   Section      129  ctype_o.o(.constdata)
    table                                    0x08005300   Data           4  ctype_o.o(.constdata)
    .constdata                               0x08005300   Section        4  ctype_o.o(.constdata)
    .Lstr.84                                 0x0800531c   Data          52  llos.o(.rodata.str1.1)
    [Anonymous Symbol]                       0x0800531c   Section        0  llos.o(.rodata.str1.1)
    .Lstr.85                                 0x08005350   Data          52  llos.o(.rodata.str1.1)
    .Lstr                                    0x08005384   Data          52  llos.o(.rodata.str1.1)
    .Lstr.86                                 0x080053b8   Data          52  llos.o(.rodata.str1.1)
    .Lstr.93                                 0x080053ec   Data          62  llos.o(.rodata.str1.1)
    .Lstr.105                                0x0800542a   Data          39  llos.o(.rodata.str1.1)
    .Lstr.128                                0x08005451   Data          60  llos.o(.rodata.str1.1)
    .Lstr.125                                0x0800548d   Data          60  llos.o(.rodata.str1.1)
    .Lstr.121                                0x080054c9   Data          53  llos.o(.rodata.str1.1)
    .Lstr.94                                 0x080054fe   Data          44  llos.o(.rodata.str1.1)
    .Lstr.90                                 0x0800552a   Data          50  llos.o(.rodata.str1.1)
    .Lstr.92                                 0x0800555c   Data          50  llos.o(.rodata.str1.1)
    .Lstr.88                                 0x0800558e   Data          52  llos.o(.rodata.str1.1)
    .Lstr.91                                 0x080055c2   Data          46  llos.o(.rodata.str1.1)
    .Lstr.89                                 0x080055f0   Data          48  llos.o(.rodata.str1.1)
    .Lstr.131                                0x08005620   Data          62  llos.o(.rodata.str1.1)
    .L.str.13                                0x0800565e   Data           7  llos.o(.rodata.str1.1)
    .L.str.57                                0x08005665   Data           3  llos.o(.rodata.str1.1)
    .L.str.50                                0x08005668   Data           3  llos.o(.rodata.str1.1)
    .L.str.54                                0x0800566b   Data           3  llos.o(.rodata.str1.1)
    .L.str.55                                0x0800566e   Data           3  llos.o(.rodata.str1.1)
    .L.str.58                                0x08005671   Data           3  llos.o(.rodata.str1.1)
    .L.str.51                                0x08005674   Data           3  llos.o(.rodata.str1.1)
    .L.str.60                                0x08005677   Data           3  llos.o(.rodata.str1.1)
    .L.str.56                                0x0800567a   Data           3  llos.o(.rodata.str1.1)
    .L.str.67                                0x0800567d   Data           5  llos.o(.rodata.str1.1)
    .L.str.66                                0x08005682   Data           5  llos.o(.rodata.str1.1)
    .L.str.64                                0x08005687   Data           5  llos.o(.rodata.str1.1)
    .L.str.65                                0x08005688   Data           4  llos.o(.rodata.str1.1)
    .L.str.59                                0x0800568c   Data           3  llos.o(.rodata.str1.1)
    .L.str.53                                0x0800568f   Data           3  llos.o(.rodata.str1.1)
    .L.str.52                                0x08005692   Data           3  llos.o(.rodata.str1.1)
    .L.str.63                                0x08005695   Data           4  llos.o(.rodata.str1.1)
    .L.str.62                                0x08005699   Data           4  llos.o(.rodata.str1.1)
    .L.str.61                                0x0800569a   Data           3  llos.o(.rodata.str1.1)
    [Anonymous Symbol]                       0x0800569d   Section        0  llos_conf.o(.rodata.str1.1)
    .Lstr                                    0x080056bb   Data          65  llos_ds18b20.o(.rodata.str1.1)
    [Anonymous Symbol]                       0x080056bb   Section        0  llos_ds18b20.o(.rodata.str1.1)
    .Lstr.6                                  0x080056fc   Data          48  taskds18b20.o(.rodata.str1.1)
    [Anonymous Symbol]                       0x080056fc   Section        0  taskds18b20.o(.rodata.str1.1)
    .data                                    0x20000000   Section        4  stdout.o(.data)
    _errno                                   0x20000004   Data           4  errno.o(.data)
    .data                                    0x20000004   Section        4  errno.o(.data)
    ds18b20TaskId                            0x20000034   Data           1  llos_ds18b20.o(.data.ds18b20TaskId)
    ll_resolution                            0x20000048   Data           1  llos_ds18b20.o(.data.ll_resolution)
    taskDS18B20Id                            0x20000049   Data           1  taskds18b20.o(.data.taskDS18B20Id)
    tickMultiple                             0x2000004a   Data           1  llos.o(.data.tickMultiple)
    alarm_list                               0x20000050   Data           4  llos.o(.bss.alarm_list)
    busy                                     0x20000054   Data           1  llos_ds18b20.o(.bss.busy)
    context                                  0x20000058   Data           8  llos.o(.bss.context)
    deviceIndex                              0x20000060   Data           1  llos.o(.bss.deviceIndex)
    device_list                              0x20000064   Data           4  llos.o(.bss.device_list)
    eventCB_list                             0x20000068   Data           4  llos.o(.bss.eventCB_list)
    ll_LP_CB                                 0x20000194   Data           4  llos.o(.bss.ll_LP_CB)
    ll_cmd_bufSize                           0x20000198   Data           2  llos.o(.bss.ll_cmd_bufSize)
    ll_memCfgs.0                             0x2000019c   Data           4  llos.o(.bss.ll_memCfgs.0)
    ll_memCfgs.1                             0x200001a0   Data           2  llos.o(.bss.ll_memCfgs.1)
    ll_memCfgs.2                             0x200001a2   Data           1  llos.o(.bss.ll_memCfgs.2)
    ll_memCfgs.3                             0x200001a4   Data           1  llos.o(.bss.ll_memCfgs.3)
    ll_memCfgs.4                             0x200001a8   Data           1  llos.o(.bss.ll_memCfgs.4)
    ll_memCfgs.5                             0x200001ac   Data           1  llos.o(.bss.ll_memCfgs.5)
    ll_osDelayCB.0                           0x200001b0   Data           4  llos.o(.bss.ll_osDelayCB.0)
    ll_osDelayCB.1                           0x200001b4   Data           4  llos.o(.bss.ll_osDelayCB.1)
    ll_period                                0x200001b8   Data           2  llos_ds18b20.o(.bss.ll_period)
    ll_system_reset_hook                     0x200001bc   Data           4  llos.o(.bss.ll_system_reset_hook)
    msg_list                                 0x200001c0   Data           4  llos.o(.bss.msg_list)
    pMemPool                                 0x200001c4   Data        4096  system.o(.bss.pMemPool)
    ppid                                     0x200011c4   Data           4  llos.o(.bss.ppid)
    psn                                      0x200011c8   Data           4  llos.o(.bss.psn)
    pversion                                 0x200011cc   Data           4  llos.o(.bss.pversion)
    pvid                                     0x200011d0   Data           4  llos.o(.bss.pvid)
    rtc                                      0x200011d8   Data          16  llos.o(.bss.rtc)
    sysTick                                  0x200011e8   Data           8  llos.o(.bss.sysTick)
    taskIndex                                0x200011f0   Data           1  llos.o(.bss.taskIndex)
    timerCB_list                             0x200011f4   Data           4  llos.o(.bss.timerCB_list)
    STACK                                    0x20001300   Section     1024  startup_stm32f103xb.o(STACK)

    Global Symbols

    Symbol Name                              Value     Ov Type        Size  Object(Section)

    BuildAttributes$$THM_ISAv4$P$D$K$B$S$PE$A:L22UL41UL21$X:L11$S22US41US21$IEEE1$IW$~IW$USESV6$~STKCKD$USESV7$~SHL$OTIME$ROPI$IEEEJ$EBA8$MICROLIB$REQ8$PRES8$EABIv2 0x00000000   Number         0  anon$$obj.o ABSOLUTE
    _printf_a                                0x00000000   Number         0  printfstubs.o ABSOLUTE
    _printf_c                                0x00000000   Number         0  printfstubs.o ABSOLUTE
    _printf_charcount                        0x00000000   Number         0  printfstubs.o ABSOLUTE
    _printf_d                                0x00000000   Number         0  printfstubs.o ABSOLUTE
    _printf_e                                0x00000000   Number         0  printfstubs.o ABSOLUTE
    _printf_f                                0x00000000   Number         0  printfstubs.o ABSOLUTE
    _printf_flags                            0x00000000   Number         0  printfstubs.o ABSOLUTE
    _printf_fp_dec                           0x00000000   Number         0  printfstubs.o ABSOLUTE
    _printf_fp_hex                           0x00000000   Number         0  printfstubs.o ABSOLUTE
    _printf_g                                0x00000000   Number         0  printfstubs.o ABSOLUTE
    _printf_i                                0x00000000   Number         0  printfstubs.o ABSOLUTE
    _printf_int_dec                          0x00000000   Number         0  printfstubs.o ABSOLUTE
    _printf_l                                0x00000000   Number         0  printfstubs.o ABSOLUTE
    _printf_lc                               0x00000000   Number         0  printfstubs.o ABSOLUTE
    _printf_ll                               0x00000000   Number         0  printfstubs.o ABSOLUTE
    _printf_lld                              0x00000000   Number         0  printfstubs.o ABSOLUTE
    _printf_lli                              0x00000000   Number         0  printfstubs.o ABSOLUTE
    _printf_llo                              0x00000000   Number         0  printfstubs.o ABSOLUTE
    _printf_llu                              0x00000000   Number         0  printfstubs.o ABSOLUTE
    _printf_llx                              0x00000000   Number         0  printfstubs.o ABSOLUTE
    _printf_longlong_dec                     0x00000000   Number         0  printfstubs.o ABSOLUTE
    _printf_longlong_hex                     0x00000000   Number         0  printfstubs.o ABSOLUTE
    _printf_longlong_oct                     0x00000000   Number         0  printfstubs.o ABSOLUTE
    _printf_ls                               0x00000000   Number         0  printfstubs.o ABSOLUTE
    _printf_mbtowc                           0x00000000   Number         0  printfstubs.o ABSOLUTE
    _printf_n                                0x00000000   Number         0  printfstubs.o ABSOLUTE
    _printf_o                                0x00000000   Number         0  printfstubs.o ABSOLUTE
    _printf_p                                0x00000000   Number         0  printfstubs.o ABSOLUTE
    _printf_percent                          0x00000000   Number         0  printfstubs.o ABSOLUTE
    _printf_pre_padding                      0x00000000   Number         0  printfstubs.o ABSOLUTE
    _printf_return_value                     0x00000000   Number         0  printfstubs.o ABSOLUTE
    _printf_s                                0x00000000   Number         0  printfstubs.o ABSOLUTE
    _printf_sizespec                         0x00000000   Number         0  printfstubs.o ABSOLUTE
    _printf_str                              0x00000000   Number         0  printfstubs.o ABSOLUTE
    _printf_truncate_signed                  0x00000000   Number         0  printfstubs.o ABSOLUTE
    _printf_truncate_unsigned                0x00000000   Number         0  printfstubs.o ABSOLUTE
    _printf_u                                0x00000000   Number         0  printfstubs.o ABSOLUTE
    _printf_wc                               0x00000000   Number         0  printfstubs.o ABSOLUTE
    _printf_wctomb                           0x00000000   Number         0  printfstubs.o ABSOLUTE
    _printf_widthprec                        0x00000000   Number         0  printfstubs.o ABSOLUTE
    _printf_x                                0x00000000   Number         0  printfstubs.o ABSOLUTE
    __cpp_initialize__aeabi_                  - Undefined Weak Reference
    __cxa_finalize                            - Undefined Weak Reference
    __decompress                              - Undefined Weak Reference
    _clock_init                               - Undefined Weak Reference
    _microlib_exit                            - Undefined Weak Reference
    __Vectors_Size                           0x000000ec   Number         0  startup_stm32f103xb.o ABSOLUTE
    __Vectors                                0x08000000   Data           4  startup_stm32f103xb.o(RESET)
    __Vectors_End                            0x080000ec   Data           0  startup_stm32f103xb.o(RESET)
    __main                                   0x080000ed   Thumb Code     0  entry.o(.ARM.Collect$$$$00000000)
    _main_stk                                0x080000ed   Thumb Code     0  entry2.o(.ARM.Collect$$$$00000001)
    _main_scatterload                        0x080000f1   Thumb Code     0  entry5.o(.ARM.Collect$$$$00000004)
    __main_after_scatterload                 0x080000f5   Thumb Code     0  entry5.o(.ARM.Collect$$$$00000004)
    _main_clock                              0x080000f5   Thumb Code     0  entry7b.o(.ARM.Collect$$$$00000008)
    _main_cpp_init                           0x080000f5   Thumb Code     0  entry8b.o(.ARM.Collect$$$$0000000A)
    _main_init                               0x080000f5   Thumb Code     0  entry9a.o(.ARM.Collect$$$$0000000B)
    __rt_final_cpp                           0x080000fd   Thumb Code     0  entry10a.o(.ARM.Collect$$$$0000000D)
    __rt_final_exit                          0x080000fd   Thumb Code     0  entry11a.o(.ARM.Collect$$$$0000000F)
    Reset_Handler                            0x08000101   Thumb Code     8  startup_stm32f103xb.o(.text)
    ADC1_2_IRQHandler                        0x0800011b   Thumb Code     0  startup_stm32f103xb.o(.text)
    CAN1_RX1_IRQHandler                      0x0800011b   Thumb Code     0  startup_stm32f103xb.o(.text)
    CAN1_SCE_IRQHandler                      0x0800011b   Thumb Code     0  startup_stm32f103xb.o(.text)
    DMA1_Channel1_IRQHandler                 0x0800011b   Thumb Code     0  startup_stm32f103xb.o(.text)
    DMA1_Channel2_IRQHandler                 0x0800011b   Thumb Code     0  startup_stm32f103xb.o(.text)
    DMA1_Channel3_IRQHandler                 0x0800011b   Thumb Code     0  startup_stm32f103xb.o(.text)
    DMA1_Channel6_IRQHandler                 0x0800011b   Thumb Code     0  startup_stm32f103xb.o(.text)
    DMA1_Channel7_IRQHandler                 0x0800011b   Thumb Code     0  startup_stm32f103xb.o(.text)
    EXTI0_IRQHandler                         0x0800011b   Thumb Code     0  startup_stm32f103xb.o(.text)
    EXTI15_10_IRQHandler                     0x0800011b   Thumb Code     0  startup_stm32f103xb.o(.text)
    EXTI1_IRQHandler                         0x0800011b   Thumb Code     0  startup_stm32f103xb.o(.text)
    EXTI2_IRQHandler                         0x0800011b   Thumb Code     0  startup_stm32f103xb.o(.text)
    EXTI3_IRQHandler                         0x0800011b   Thumb Code     0  startup_stm32f103xb.o(.text)
    EXTI4_IRQHandler                         0x0800011b   Thumb Code     0  startup_stm32f103xb.o(.text)
    EXTI9_5_IRQHandler                       0x0800011b   Thumb Code     0  startup_stm32f103xb.o(.text)
    FLASH_IRQHandler                         0x0800011b   Thumb Code     0  startup_stm32f103xb.o(.text)
    I2C1_ER_IRQHandler                       0x0800011b   Thumb Code     0  startup_stm32f103xb.o(.text)
    I2C1_EV_IRQHandler                       0x0800011b   Thumb Code     0  startup_stm32f103xb.o(.text)
    I2C2_ER_IRQHandler                       0x0800011b   Thumb Code     0  startup_stm32f103xb.o(.text)
    I2C2_EV_IRQHandler                       0x0800011b   Thumb Code     0  startup_stm32f103xb.o(.text)
    PVD_IRQHandler                           0x0800011b   Thumb Code     0  startup_stm32f103xb.o(.text)
    RCC_IRQHandler                           0x0800011b   Thumb Code     0  startup_stm32f103xb.o(.text)
    RTC_Alarm_IRQHandler                     0x0800011b   Thumb Code     0  startup_stm32f103xb.o(.text)
    RTC_IRQHandler                           0x0800011b   Thumb Code     0  startup_stm32f103xb.o(.text)
    SPI1_IRQHandler                          0x0800011b   Thumb Code     0  startup_stm32f103xb.o(.text)
    SPI2_IRQHandler                          0x0800011b   Thumb Code     0  startup_stm32f103xb.o(.text)
    TAMPER_IRQHandler                        0x0800011b   Thumb Code     0  startup_stm32f103xb.o(.text)
    TIM1_BRK_IRQHandler                      0x0800011b   Thumb Code     0  startup_stm32f103xb.o(.text)
    TIM1_CC_IRQHandler                       0x0800011b   Thumb Code     0  startup_stm32f103xb.o(.text)
    TIM1_TRG_COM_IRQHandler                  0x0800011b   Thumb Code     0  startup_stm32f103xb.o(.text)
    TIM1_UP_IRQHandler                       0x0800011b   Thumb Code     0  startup_stm32f103xb.o(.text)
    TIM2_IRQHandler                          0x0800011b   Thumb Code     0  startup_stm32f103xb.o(.text)
    TIM3_IRQHandler                          0x0800011b   Thumb Code     0  startup_stm32f103xb.o(.text)
    TIM4_IRQHandler                          0x0800011b   Thumb Code     0  startup_stm32f103xb.o(.text)
    USART2_IRQHandler                        0x0800011b   Thumb Code     0  startup_stm32f103xb.o(.text)
    USART3_IRQHandler                        0x0800011b   Thumb Code     0  startup_stm32f103xb.o(.text)
    USBWakeUp_IRQHandler                     0x0800011b   Thumb Code     0  startup_stm32f103xb.o(.text)
    USB_HP_CAN1_TX_IRQHandler                0x0800011b   Thumb Code     0  startup_stm32f103xb.o(.text)
    USB_LP_CAN1_RX0_IRQHandler               0x0800011b   Thumb Code     0  startup_stm32f103xb.o(.text)
    WWDG_IRQHandler                          0x0800011b   Thumb Code     0  startup_stm32f103xb.o(.text)
    __aeabi_uldivmod                         0x08000125   Thumb Code    98  uldiv.o(.text)
    qsort                                    0x08000187   Thumb Code   156  qsort.o(.text)
    __aeabi_memset                           0x08000223   Thumb Code    14  memseta.o(.text)
    __aeabi_memset4                          0x08000223   Thumb Code     0  memseta.o(.text)
    __aeabi_memset8                          0x08000223   Thumb Code     0  memseta.o(.text)
    __aeabi_memclr                           0x08000231   Thumb Code     4  memseta.o(.text)
    __aeabi_memclr4                          0x08000231   Thumb Code     0  memseta.o(.text)
    __aeabi_memclr8                          0x08000231   Thumb Code     0  memseta.o(.text)
    _memset$wrapper                          0x08000235   Thumb Code    18  memseta.o(.text)
    strncpy                                  0x08000247   Thumb Code    24  strncpy.o(.text)
    strchr                                   0x0800025f   Thumb Code    20  strchr.o(.text)
    strlen                                   0x08000273   Thumb Code    14  strlen.o(.text)
    strcmp                                   0x08000281   Thumb Code    28  strcmp.o(.text)
    strcpy                                   0x0800029d   Thumb Code    18  strcpy.o(.text)
    strncmp                                  0x080002af   Thumb Code    30  strncmp.o(.text)
    strncasecmp                              0x080002cd   Thumb Code    50  strncasecmp.o(.text)
    strtol                                   0x080002ff   Thumb Code   112  strtol.o(.text)
    __aeabi_fmul                             0x0800036f   Thumb Code   100  fmul.o(.text)
    __aeabi_fdiv                             0x080003d3   Thumb Code   124  fdiv.o(.text)
    __aeabi_dmul                             0x0800044f   Thumb Code   228  dmul.o(.text)
    __aeabi_ddiv                             0x08000533   Thumb Code   222  ddiv.o(.text)
    __aeabi_i2d                              0x08000611   Thumb Code    34  dflti.o(.text)
    __aeabi_d2iz                             0x08000633   Thumb Code    62  dfixi.o(.text)
    __aeabi_f2d                              0x08000671   Thumb Code    38  f2d.o(.text)
    __aeabi_d2f                              0x08000697   Thumb Code    56  d2f.o(.text)
    __aeabi_uidiv                            0x080006cf   Thumb Code     0  uidiv.o(.text)
    __aeabi_uidivmod                         0x080006cf   Thumb Code    44  uidiv.o(.text)
    __aeabi_llsl                             0x080006fb   Thumb Code    30  llshl.o(.text)
    _ll_shift_l                              0x080006fb   Thumb Code     0  llshl.o(.text)
    __aeabi_llsr                             0x08000719   Thumb Code    32  llushr.o(.text)
    _ll_ushift_r                             0x08000719   Thumb Code     0  llushr.o(.text)
    __rt_ctype_table                         0x08000739   Thumb Code     4  ctype_o.o(.text)
    isspace                                  0x08000741   Thumb Code    18  isspace_o.o(.text)
    tolower                                  0x08000753   Thumb Code    12  tolower.o(.text)
    _strtoul                                 0x0800075f   Thumb Code   158  _strtoul.o(.text)
    __strtof_int                             0x080007fd   Thumb Code     8  strtof.o(.text)
    __I$use$fp                               0x08000805   Thumb Code     0  iusefp.o(.text)
    _float_round                             0x08000805   Thumb Code    18  fepilogue.o(.text)
    _float_epilogue                          0x08000817   Thumb Code    92  fepilogue.o(.text)
    _double_round                            0x08000873   Thumb Code    30  depilogue.o(.text)
    _double_epilogue                         0x08000891   Thumb Code   156  depilogue.o(.text)
    __aeabi_dadd                             0x0800092d   Thumb Code   322  dadd.o(.text)
    __aeabi_dsub                             0x08000a6f   Thumb Code     6  dadd.o(.text)
    __aeabi_drsub                            0x08000a75   Thumb Code     6  dadd.o(.text)
    __aeabi_d2ulz                            0x08000a7b   Thumb Code    48  dfixul.o(.text)
    __aeabi_cdrcmple                         0x08000aad   Thumb Code    48  cdrcmple.o(.text)
    __scatterload                            0x08000add   Thumb Code    38  init.o(.text)
    __scatterload_rt2                        0x08000add   Thumb Code     0  init.o(.text)
    __aeabi_lasr                             0x08000b0d   Thumb Code    36  llsshr.o(.text)
    _ll_sshift_r                             0x08000b0d   Thumb Code     0  llsshr.o(.text)
    _chval                                   0x08000b31   Thumb Code    28  _chval.o(.text)
    __strtod_int                             0x08000b8b   Thumb Code    94  strtod.o(.text)
    _scanf_real                              0x08000d1d   Thumb Code     0  scanf_fp.o(.text)
    _scanf_really_real                       0x08000d1d   Thumb Code   556  scanf_fp.o(.text)
    _sgetc                                   0x08000f55   Thumb Code    30  _sgetc.o(.text)
    _sbackspace                              0x08000f73   Thumb Code    34  _sgetc.o(.text)
    __aeabi_ul2d                             0x08000f95   Thumb Code    24  dfltul.o(.text)
    BusFault_Handler                         0x08000fad   Thumb Code     2  stm32f1xx_it.o(.text.BusFault_Handler)
    DMA1_Channel4_IRQHandler                 0x08000faf   Thumb Code    12  stm32f1xx_it.o(.text.DMA1_Channel4_IRQHandler)
    DMA1_Channel5_IRQHandler                 0x08000fbb   Thumb Code    12  stm32f1xx_it.o(.text.DMA1_Channel5_IRQHandler)
    DebugMon_Handler                         0x08000fc7   Thumb Code     2  stm32f1xx_it.o(.text.DebugMon_Handler)
    Error_Handler                            0x08000ffd   Thumb Code    10  main.o(.text.Error_Handler)
    HAL_DMA_Abort                            0x08001007   Thumb Code    64  stm32f1xx_hal_dma.o(.text.HAL_DMA_Abort)
    HAL_DMA_Abort_IT                         0x08001047   Thumb Code   176  stm32f1xx_hal_dma.o(.text.HAL_DMA_Abort_IT)
    HAL_DMA_IRQHandler                       0x080010f7   Thumb Code   358  stm32f1xx_hal_dma.o(.text.HAL_DMA_IRQHandler)
    HAL_DMA_Init                             0x0800125d   Thumb Code   134  stm32f1xx_hal_dma.o(.text.HAL_DMA_Init)
    HAL_DMA_Start_IT                         0x080012e3   Thumb Code   158  stm32f1xx_hal_dma.o(.text.HAL_DMA_Start_IT)
    HAL_Delay                                0x08001381   Thumb Code    40  stm32f1xx_hal.o(.text.HAL_Delay)
    HAL_GPIO_Init                            0x080013a9   Thumb Code   496  stm32f1xx_hal_gpio.o(.text.HAL_GPIO_Init)
    HAL_GPIO_ReadPin                         0x08001599   Thumb Code    10  stm32f1xx_hal_gpio.o(.text.HAL_GPIO_ReadPin)
    HAL_GPIO_WritePin                        0x080015a3   Thumb Code    10  stm32f1xx_hal_gpio.o(.text.HAL_GPIO_WritePin)
    HAL_GetTick                              0x080015ad   Thumb Code    12  stm32f1xx_hal.o(.text.HAL_GetTick)
    HAL_IncTick                              0x080015b9   Thumb Code    26  stm32f1xx_hal.o(.text.HAL_IncTick)
    HAL_Init                                 0x080015d3   Thumb Code    38  stm32f1xx_hal.o(.text.HAL_Init)
    HAL_InitTick                             0x080015f9   Thumb Code    80  stm32f1xx_hal.o(.text.HAL_InitTick)
    HAL_MspInit                              0x08001649   Thumb Code    66  stm32f1xx_hal_msp.o(.text.HAL_MspInit)
    HAL_NVIC_EnableIRQ                       0x0800168b   Thumb Code    32  stm32f1xx_hal_cortex.o(.text.HAL_NVIC_EnableIRQ)
    HAL_NVIC_SetPriority                     0x080016ab   Thumb Code    86  stm32f1xx_hal_cortex.o(.text.HAL_NVIC_SetPriority)
    HAL_NVIC_SetPriorityGrouping             0x08001701   Thumb Code    32  stm32f1xx_hal_cortex.o(.text.HAL_NVIC_SetPriorityGrouping)
    HAL_RCC_CSSCallback                      0x08001721   Thumb Code     2  stm32f1xx_hal_rcc.o(.text.HAL_RCC_CSSCallback)
    HAL_RCC_ClockConfig                      0x08001725   Thumb Code   368  stm32f1xx_hal_rcc.o(.text.HAL_RCC_ClockConfig)
    HAL_RCC_EnableCSS                        0x08001895   Thumb Code    12  stm32f1xx_hal_rcc.o(.text.HAL_RCC_EnableCSS)
    HAL_RCC_GetPCLK1Freq                     0x080018a1   Thumb Code    38  stm32f1xx_hal_rcc.o(.text.HAL_RCC_GetPCLK1Freq)
    HAL_RCC_GetPCLK2Freq                     0x080018c7   Thumb Code    38  stm32f1xx_hal_rcc.o(.text.HAL_RCC_GetPCLK2Freq)
    HAL_RCC_GetSysClockFreq                  0x080018ed   Thumb Code    88  stm32f1xx_hal_rcc.o(.text.HAL_RCC_GetSysClockFreq)
    HAL_RCC_NMI_IRQHandler                   0x08001959   Thumb Code    28  stm32f1xx_hal_rcc.o(.text.HAL_RCC_NMI_IRQHandler)
    HAL_RCC_OscConfig                        0x08001975   Thumb Code   868  stm32f1xx_hal_rcc.o(.text.HAL_RCC_OscConfig)
    HAL_SYSTICK_Config                       0x08001cd9   Thumb Code    44  stm32f1xx_hal_cortex.o(.text.HAL_SYSTICK_Config)
    HAL_TIMEx_MasterConfigSynchronization    0x08001d05   Thumb Code   116  stm32f1xx_hal_tim_ex.o(.text.HAL_TIMEx_MasterConfigSynchronization)
    HAL_TIM_Base_Init                        0x08001d79   Thumb Code    88  stm32f1xx_hal_tim.o(.text.HAL_TIM_Base_Init)
    HAL_TIM_Base_MspInit                     0x08001dd1   Thumb Code    48  tim.o(.text.HAL_TIM_Base_MspInit)
    HAL_TIM_Base_Start                       0x08001e01   Thumb Code    90  stm32f1xx_hal_tim.o(.text.HAL_TIM_Base_Start)
    HAL_TIM_Base_Stop                        0x08001e5b   Thumb Code    42  stm32f1xx_hal_tim.o(.text.HAL_TIM_Base_Stop)
    HAL_TIM_ConfigClockSource                0x08001e85   Thumb Code   412  stm32f1xx_hal_tim.o(.text.HAL_TIM_ConfigClockSource)
    HAL_UARTEx_RxEventCallback               0x08002021   Thumb Code     2  stm32f1xx_hal_uart.o(.text.HAL_UARTEx_RxEventCallback)
    HAL_UART_DMAStop                         0x08002025   Thumb Code   134  stm32f1xx_hal_uart.o(.text.HAL_UART_DMAStop)
    HAL_UART_ErrorCallback                   0x080020ab   Thumb Code     2  stm32f1xx_hal_uart.o(.text.HAL_UART_ErrorCallback)
    HAL_UART_IRQHandler                      0x080020ad   Thumb Code   692  stm32f1xx_hal_uart.o(.text.HAL_UART_IRQHandler)
    HAL_UART_IdleCallback                    0x08002361   Thumb Code   176  system.o(.text.HAL_UART_IdleCallback)
    HAL_UART_Init                            0x08002411   Thumb Code    94  stm32f1xx_hal_uart.o(.text.HAL_UART_Init)
    HAL_UART_MspInit                         0x0800246f   Thumb Code   242  usart.o(.text.HAL_UART_MspInit)
    HAL_UART_Receive_DMA                     0x08002561   Thumb Code    34  stm32f1xx_hal_uart.o(.text.HAL_UART_Receive_DMA)
    HAL_UART_RxCpltCallback                  0x08002583   Thumb Code     2  stm32f1xx_hal_uart.o(.text.HAL_UART_RxCpltCallback)
    HAL_UART_RxHalfCpltCallback              0x08002585   Thumb Code     2  stm32f1xx_hal_uart.o(.text.HAL_UART_RxHalfCpltCallback)
    HAL_UART_Transmit                        0x08002589   Thumb Code   170  stm32f1xx_hal_uart.o(.text.HAL_UART_Transmit)
    HAL_UART_TxCpltCallback                  0x08002633   Thumb Code     2  stm32f1xx_hal_uart.o(.text.HAL_UART_TxCpltCallback)
    HardFault_Handler                        0x0800265d   Thumb Code     2  stm32f1xx_it.o(.text.HardFault_Handler)
    LLOS_CRC_CAL                             0x08002661   Thumb Code   364  llos_crc.o(.text.LLOS_CRC_CAL)
    LLOS_Cmd_Factory                         0x080027cd   Thumb Code     4  llos_conf.o(.text.LLOS_Cmd_Factory)
    LLOS_Cmd_IDN                             0x080027d1   Thumb Code    64  llos.o(.text.LLOS_Cmd_IDN)
    LLOS_Cmd_Init                            0x08002821   Thumb Code   152  llos.o(.text.LLOS_Cmd_Init)
    LLOS_Cmd_Input                           0x08002925   Thumb Code   168  llos.o(.text.LLOS_Cmd_Input)
    LLOS_Cmd_ParamBool                       0x080029f1   Thumb Code   152  llos.o(.text.LLOS_Cmd_ParamBool)
    LLOS_Cmd_ParamCopyText                   0x08002b11   Thumb Code   156  llos.o(.text.LLOS_Cmd_ParamCopyText)
    LLOS_Cmd_ParamFloat                      0x08002c25   Thumb Code   580  llos.o(.text.LLOS_Cmd_ParamFloat)
    LLOS_Cmd_ParamInt32                      0x08002ea1   Thumb Code   600  llos.o(.text.LLOS_Cmd_ParamInt32)
    LLOS_Cmd_RST                             0x08003131   Thumb Code    34  llos.o(.text.LLOS_Cmd_RST)
    LLOS_Cmd_Test                            0x08003155   Thumb Code    92  llos_conf.o(.text.LLOS_Cmd_Test)
    LLOS_DS18B20_Init                        0x080031cd   Thumb Code   192  llos_ds18b20.o(.text.LLOS_DS18B20_Init)
    LLOS_DelayMs                             0x080033f5   Thumb Code    20  llos.o(.text.LLOS_DelayMs)
    LLOS_DelayUs                             0x0800342d   Thumb Code    20  llos.o(.text.LLOS_DelayUs)
    LLOS_Device_Find                         0x08003465   Thumb Code    52  llos.o(.text.LLOS_Device_Find)
    LLOS_Device_ReadPin                      0x08003499   Thumb Code    24  llos.o(.text.LLOS_Device_ReadPin)
    LLOS_Device_Register_GPIO                0x080034e1   Thumb Code    64  hal_gpio.o(.text.LLOS_Device_Register_GPIO)
    LLOS_Device_WritePin                     0x08003569   Thumb Code    20  llos.o(.text.LLOS_Device_WritePin)
    LLOS_Init                                0x080035b1   Thumb Code   480  llos.o(.text.LLOS_Init)
    LLOS_Loop                                0x080037f1   Thumb Code   376  llos.o(.text.LLOS_Loop)
    LLOS_Ms_To_Tick                          0x08003969   Thumb Code    18  llos.o(.text.LLOS_Ms_To_Tick)
    LLOS_Msg_Clear                           0x0800397d   Thumb Code    48  llos.o(.text.LLOS_Msg_Clear)
    LLOS_Msg_Receive                         0x080039dd   Thumb Code    16  llos.o(.text.LLOS_Msg_Receive)
    LLOS_Register_Device                     0x080039ed   Thumb Code   128  llos.o(.text.LLOS_Register_Device)
    LLOS_Register_Events                     0x08003aa5   Thumb Code    52  llos.o(.text.LLOS_Register_Events)
    LLOS_Start_Event                         0x08003b05   Thumb Code   108  llos.o(.text.LLOS_Start_Event)
    LLOS_Tick_Increase                       0x08003ba1   Thumb Code   276  llos.o(.text.LLOS_Tick_Increase)
    LLOS_malloc                              0x08003cb5   Thumb Code   158  llos.o(.text.LLOS_malloc)
    MX_DMA_Init                              0x08003d53   Thumb Code    68  dma.o(.text.MX_DMA_Init)
    MX_GPIO_Init                             0x08003d97   Thumb Code   188  gpio.o(.text.MX_GPIO_Init)
    MX_TIM1_Init                             0x08003e53   Thumb Code   112  tim.o(.text.MX_TIM1_Init)
    MX_USART1_UART_Init                      0x08003ec3   Thumb Code    58  usart.o(.text.MX_USART1_UART_Init)
    MemManage_Handler                        0x08003efd   Thumb Code     2  stm32f1xx_it.o(.text.MemManage_Handler)
    NMI_Handler                              0x08003f01   Thumb Code     6  stm32f1xx_it.o(.text.NMI_Handler)
    PendSV_Handler                           0x08003f07   Thumb Code     2  stm32f1xx_it.o(.text.PendSV_Handler)
    SVC_Handler                              0x08003f09   Thumb Code     2  stm32f1xx_it.o(.text.SVC_Handler)
    SysTick_Handler                          0x08003f0b   Thumb Code    16  stm32f1xx_it.o(.text.SysTick_Handler)
    SystemClock_Config                       0x08003f1d   Thumb Code   102  main.o(.text.SystemClock_Config)
    SystemInit                               0x08003f83   Thumb Code     2  system_stm32f1xx.o(.text.SystemInit)
    System_Init                              0x08003f85   Thumb Code   140  system.o(.text.System_Init)
    System_Loop                              0x08004039   Thumb Code    40  system.o(.text.System_Loop)
    TIM_Base_SetConfig                       0x08004061   Thumb Code   154  stm32f1xx_hal_tim.o(.text.TIM_Base_SetConfig)
    Task_DS18B20_Init                        0x0800419d   Thumb Code   124  taskds18b20.o(.text.Task_DS18B20_Init)
    UART_Start_Receive_DMA                   0x08004779   Thumb Code   150  stm32f1xx_hal_uart.o(.text.UART_Start_Receive_DMA)
    USART1_IRQHandler                        0x0800488b   Thumb Code    26  stm32f1xx_it.o(.text.USART1_IRQHandler)
    UsageFault_Handler                       0x080048a5   Thumb Code     2  stm32f1xx_it.o(.text.UsageFault_Handler)
    fputc                                    0x080048f5   Thumb Code    32  system.o(.text.fputc)
    main                                     0x08004915   Thumb Code    34  main.o(.text.main)
    __0printf                                0x08004939   Thumb Code    22  printfa.o(i.__0printf)
    __1printf                                0x08004939   Thumb Code     0  printfa.o(i.__0printf)
    __2printf                                0x08004939   Thumb Code     0  printfa.o(i.__0printf)
    __c89printf                              0x08004939   Thumb Code     0  printfa.o(i.__0printf)
    printf                                   0x08004939   Thumb Code     0  printfa.o(i.__0printf)
    __aeabi_errno_addr                       0x08004959   Thumb Code     4  errno.o(i.__aeabi_errno_addr)
    __rt_errno_addr                          0x08004959   Thumb Code     0  errno.o(i.__aeabi_errno_addr)
    __scatterload_copy                       0x08004961   Thumb Code    14  handlers.o(i.__scatterload_copy)
    __scatterload_null                       0x0800496f   Thumb Code     2  handlers.o(i.__scatterload_null)
    __scatterload_zeroinit                   0x08004971   Thumb Code    14  handlers.o(i.__scatterload_zeroinit)
    _is_digit                                0x08004b05   Thumb Code    14  scanf_fp.o(i._is_digit)
    puts                                     0x08005245   Thumb Code    30  puts.o(i.puts)
    strtof                                   0x08005269   Thumb Code    20  strtof.o(i.strtof)
    __ctype_table                            0x0800527c   Data         129  ctype_o.o(.constdata)
    AHBPrescTable                            0x08005304   Data          16  system_stm32f1xx.o(.rodata.AHBPrescTable)
    APBPrescTable                            0x08005314   Data           8  system_stm32f1xx.o(.rodata.APBPrescTable)
    Region$$Table$$Base                      0x0800572c   Number         0  anon$$obj.o(Region$$Table)
    Region$$Table$$Limit                     0x0800574c   Number         0  anon$$obj.o(Region$$Table)
    __stdout                                 0x20000000   Data           4  stdout.o(.data)
    SystemCoreClock                          0x20000008   Data           4  system_stm32f1xx.o(.data.SystemCoreClock)
    cmdList                                  0x2000000c   Data          40  llos_conf.o(.data.cmdList)
    ll_crcModel_CRC8_MAXIM                   0x20000038   Data          16  llos_crc.o(.data.ll_crcModel_CRC8_MAXIM)
    uwTickFreq                               0x2000004b   Data           1  stm32f1xx_hal.o(.data.uwTickFreq)
    uwTickPrio                               0x2000004c   Data           4  stm32f1xx_hal.o(.data.uwTickPrio)
    hdma_usart1_rx                           0x2000006c   Data          68  usart.o(.bss.hdma_usart1_rx)
    hdma_usart1_tx                           0x200000b0   Data          68  usart.o(.bss.hdma_usart1_tx)
    htim1                                    0x200000f4   Data          72  tim.o(.bss.htim1)
    huart1                                   0x2000013c   Data          72  usart.o(.bss.huart1)
    ll_DS18B20_Data                          0x20000184   Data           8  llos_ds18b20.o(.bss.ll_DS18B20_Data)
    ll_DS18B20_hw                            0x2000018c   Data           8  llos_ds18b20.o(.bss.ll_DS18B20_hw)
    usart1_recBuf                            0x200011f8   Data         258  system.o(.bss.usart1_recBuf)
    uwTick                                   0x200012fc   Data           4  stm32f1xx_hal.o(.bss.uwTick)
    __initial_sp                             0x20001700   Data           0  startup_stm32f103xb.o(STACK)



==============================================================================

Memory Map of the image

  Image Entry point : 0x080000ed

  Load Region LR_IROM1 (Base: 0x08000000, Size: 0x000057a0, Max: 0x00010000, ABSOLUTE)

    Execution Region ER_IROM1 (Exec base: 0x08000000, Load base: 0x08000000, Size: 0x0000574c, Max: 0x00010000, ABSOLUTE)

    Exec Addr    Load Addr    Size         Type   Attr      Idx    E Section Name        Object

    0x08000000   0x08000000   0x000000ec   Data   RO            3    RESET               startup_stm32f103xb.o
    0x080000ec   0x080000ec   0x00000000   Code   RO          992  * .ARM.Collect$$$$00000000  mc_w.l(entry.o)
    0x080000ec   0x080000ec   0x00000004   Code   RO         1147    .ARM.Collect$$$$00000001  mc_w.l(entry2.o)
    0x080000f0   0x080000f0   0x00000004   Code   RO         1150    .ARM.Collect$$$$00000004  mc_w.l(entry5.o)
    0x080000f4   0x080000f4   0x00000000   Code   RO         1152    .ARM.Collect$$$$00000008  mc_w.l(entry7b.o)
    0x080000f4   0x080000f4   0x00000000   Code   RO         1154    .ARM.Collect$$$$0000000A  mc_w.l(entry8b.o)
    0x080000f4   0x080000f4   0x00000008   Code   RO         1155    .ARM.Collect$$$$0000000B  mc_w.l(entry9a.o)
    0x080000fc   0x080000fc   0x00000000   Code   RO         1157    .ARM.Collect$$$$0000000D  mc_w.l(entry10a.o)
    0x080000fc   0x080000fc   0x00000000   Code   RO         1159    .ARM.Collect$$$$0000000F  mc_w.l(entry11a.o)
    0x080000fc   0x080000fc   0x00000004   Code   RO         1148    .ARM.Collect$$$$00002712  mc_w.l(entry2.o)
    0x08000100   0x08000100   0x00000024   Code   RO            4    .text               startup_stm32f103xb.o
    0x08000124   0x08000124   0x00000062   Code   RO          997    .text               mc_w.l(uldiv.o)
    0x08000186   0x08000186   0x0000009c   Code   RO          998    .text               mc_w.l(qsort.o)
    0x08000222   0x08000222   0x00000024   Code   RO          999    .text               mc_w.l(memseta.o)
    0x08000246   0x08000246   0x00000018   Code   RO         1000    .text               mc_w.l(strncpy.o)
    0x0800025e   0x0800025e   0x00000014   Code   RO         1001    .text               mc_w.l(strchr.o)
    0x08000272   0x08000272   0x0000000e   Code   RO         1002    .text               mc_w.l(strlen.o)
    0x08000280   0x08000280   0x0000001c   Code   RO         1003    .text               mc_w.l(strcmp.o)
    0x0800029c   0x0800029c   0x00000012   Code   RO         1004    .text               mc_w.l(strcpy.o)
    0x080002ae   0x080002ae   0x0000001e   Code   RO         1005    .text               mc_w.l(strncmp.o)
    0x080002cc   0x080002cc   0x00000032   Code   RO         1006    .text               mc_w.l(strncasecmp.o)
    0x080002fe   0x080002fe   0x00000070   Code   RO         1138    .text               mc_w.l(strtol.o)
    0x0800036e   0x0800036e   0x00000064   Code   RO         1139    .text               mf_w.l(fmul.o)
    0x080003d2   0x080003d2   0x0000007c   Code   RO         1140    .text               mf_w.l(fdiv.o)
    0x0800044e   0x0800044e   0x000000e4   Code   RO         1141    .text               mf_w.l(dmul.o)
    0x08000532   0x08000532   0x000000de   Code   RO         1142    .text               mf_w.l(ddiv.o)
    0x08000610   0x08000610   0x00000022   Code   RO         1143    .text               mf_w.l(dflti.o)
    0x08000632   0x08000632   0x0000003e   Code   RO         1144    .text               mf_w.l(dfixi.o)
    0x08000670   0x08000670   0x00000026   Code   RO         1145    .text               mf_w.l(f2d.o)
    0x08000696   0x08000696   0x00000038   Code   RO         1146    .text               mf_w.l(d2f.o)
    0x080006ce   0x080006ce   0x0000002c   Code   RO         1167    .text               mc_w.l(uidiv.o)
    0x080006fa   0x080006fa   0x0000001e   Code   RO         1168    .text               mc_w.l(llshl.o)
    0x08000718   0x08000718   0x00000020   Code   RO         1169    .text               mc_w.l(llushr.o)
    0x08000738   0x08000738   0x00000008   Code   RO         1170    .text               mc_w.l(ctype_o.o)
    0x08000740   0x08000740   0x00000012   Code   RO         1182    .text               mc_w.l(isspace_o.o)
    0x08000752   0x08000752   0x0000000c   Code   RO         1185    .text               mc_w.l(tolower.o)
    0x0800075e   0x0800075e   0x0000009e   Code   RO         1190    .text               mc_w.l(_strtoul.o)
    0x080007fc   0x080007fc   0x00000008   Code   RO         1191    .text               mc_w.l(strtof.o)
    0x08000804   0x08000804   0x00000000   Code   RO         1192    .text               mc_w.l(iusefp.o)
    0x08000804   0x08000804   0x0000006e   Code   RO         1193    .text               mf_w.l(fepilogue.o)
    0x08000872   0x08000872   0x000000ba   Code   RO         1194    .text               mf_w.l(depilogue.o)
    0x0800092c   0x0800092c   0x0000014e   Code   RO         1195    .text               mf_w.l(dadd.o)
    0x08000a7a   0x08000a7a   0x00000030   Code   RO         1196    .text               mf_w.l(dfixul.o)
    0x08000aaa   0x08000aaa   0x00000002   PAD
    0x08000aac   0x08000aac   0x00000030   Code   RO         1197    .text               mf_w.l(cdrcmple.o)
    0x08000adc   0x08000adc   0x00000030   Code   RO         1198    .text               mc_w.l(init.o)
    0x08000b0c   0x08000b0c   0x00000024   Code   RO         1199    .text               mc_w.l(llsshr.o)
    0x08000b30   0x08000b30   0x0000001c   Code   RO         1200    .text               mc_w.l(_chval.o)
    0x08000b4c   0x08000b4c   0x000000a8   Code   RO         1201    .text               mc_w.l(strtod.o)
    0x08000bf4   0x08000bf4   0x00000360   Code   RO         1203    .text               mc_w.l(scanf_fp.o)
    0x08000f54   0x08000f54   0x00000040   Code   RO         1206    .text               mc_w.l(_sgetc.o)
    0x08000f94   0x08000f94   0x00000018   Code   RO         1209    .text               mf_w.l(dfltul.o)
    0x08000fac   0x08000fac   0x00000002   Code   RO           44    .text.BusFault_Handler  stm32f1xx_it.o
    0x08000fae   0x08000fae   0x0000000c   Code   RO           56    .text.DMA1_Channel4_IRQHandler  stm32f1xx_it.o
    0x08000fba   0x08000fba   0x0000000c   Code   RO           58    .text.DMA1_Channel5_IRQHandler  stm32f1xx_it.o
    0x08000fc6   0x08000fc6   0x00000002   Code   RO           50    .text.DebugMon_Handler  stm32f1xx_it.o
    0x08000fc8   0x08000fc8   0x00000032   Code   RO          964    .text.DelayUs       system.o
    0x08000ffa   0x08000ffa   0x00000002   PAD
    0x08000ffc   0x08000ffc   0x0000000a   Code   RO           10    .text.Error_Handler  main.o
    0x08001006   0x08001006   0x00000040   Code   RO          499    .text.HAL_DMA_Abort  stm32f1xx_hal_dma.o
    0x08001046   0x08001046   0x000000b0   Code   RO          501    .text.HAL_DMA_Abort_IT  stm32f1xx_hal_dma.o
    0x080010f6   0x080010f6   0x00000166   Code   RO          505    .text.HAL_DMA_IRQHandler  stm32f1xx_hal_dma.o
    0x0800125c   0x0800125c   0x00000086   Code   RO          491    .text.HAL_DMA_Init  stm32f1xx_hal_dma.o
    0x080012e2   0x080012e2   0x0000009e   Code   RO          497    .text.HAL_DMA_Start_IT  stm32f1xx_hal_dma.o
    0x08001380   0x08001380   0x00000028   Code   RO          404    .text.HAL_Delay     stm32f1xx_hal.o
    0x080013a8   0x080013a8   0x000001f0   Code   RO          474    .text.HAL_GPIO_Init  stm32f1xx_hal_gpio.o
    0x08001598   0x08001598   0x0000000a   Code   RO          478    .text.HAL_GPIO_ReadPin  stm32f1xx_hal_gpio.o
    0x080015a2   0x080015a2   0x0000000a   Code   RO          480    .text.HAL_GPIO_WritePin  stm32f1xx_hal_gpio.o
    0x080015ac   0x080015ac   0x0000000c   Code   RO          396    .text.HAL_GetTick   stm32f1xx_hal.o
    0x080015b8   0x080015b8   0x0000001a   Code   RO          394    .text.HAL_IncTick   stm32f1xx_hal.o
    0x080015d2   0x080015d2   0x00000026   Code   RO          384    .text.HAL_Init      stm32f1xx_hal.o
    0x080015f8   0x080015f8   0x00000050   Code   RO          386    .text.HAL_InitTick  stm32f1xx_hal.o
    0x08001648   0x08001648   0x00000042   Code   RO           63    .text.HAL_MspInit   stm32f1xx_hal_msp.o
    0x0800168a   0x0800168a   0x00000020   Code   RO          520    .text.HAL_NVIC_EnableIRQ  stm32f1xx_hal_cortex.o
    0x080016aa   0x080016aa   0x00000056   Code   RO          518    .text.HAL_NVIC_SetPriority  stm32f1xx_hal_cortex.o
    0x08001700   0x08001700   0x00000020   Code   RO          516    .text.HAL_NVIC_SetPriorityGrouping  stm32f1xx_hal_cortex.o
    0x08001720   0x08001720   0x00000002   Code   RO          464    .text.HAL_RCC_CSSCallback  stm32f1xx_hal_rcc.o
    0x08001722   0x08001722   0x00000002   PAD
    0x08001724   0x08001724   0x00000170   Code   RO          442    .text.HAL_RCC_ClockConfig  stm32f1xx_hal_rcc.o
    0x08001894   0x08001894   0x0000000c   Code   RO          448    .text.HAL_RCC_EnableCSS  stm32f1xx_hal_rcc.o
    0x080018a0   0x080018a0   0x00000026   Code   RO          454    .text.HAL_RCC_GetPCLK1Freq  stm32f1xx_hal_rcc.o
    0x080018c6   0x080018c6   0x00000026   Code   RO          456    .text.HAL_RCC_GetPCLK2Freq  stm32f1xx_hal_rcc.o
    0x080018ec   0x080018ec   0x0000006c   Code   RO          444    .text.HAL_RCC_GetSysClockFreq  stm32f1xx_hal_rcc.o
    0x08001958   0x08001958   0x0000001c   Code   RO          462    .text.HAL_RCC_NMI_IRQHandler  stm32f1xx_hal_rcc.o
    0x08001974   0x08001974   0x00000364   Code   RO          440    .text.HAL_RCC_OscConfig  stm32f1xx_hal_rcc.o
    0x08001cd8   0x08001cd8   0x0000002c   Code   RO          528    .text.HAL_SYSTICK_Config  stm32f1xx_hal_cortex.o
    0x08001d04   0x08001d04   0x00000074   Code   RO          367    .text.HAL_TIMEx_MasterConfigSynchronization  stm32f1xx_hal_tim_ex.o
    0x08001d78   0x08001d78   0x00000058   Code   RO           73    .text.HAL_TIM_Base_Init  stm32f1xx_hal_tim.o
    0x08001dd0   0x08001dd0   0x00000030   Code   RO           22    .text.HAL_TIM_Base_MspInit  tim.o
    0x08001e00   0x08001e00   0x0000005a   Code   RO           83    .text.HAL_TIM_Base_Start  stm32f1xx_hal_tim.o
    0x08001e5a   0x08001e5a   0x0000002a   Code   RO           85    .text.HAL_TIM_Base_Stop  stm32f1xx_hal_tim.o
    0x08001e84   0x08001e84   0x0000019c   Code   RO          259    .text.HAL_TIM_ConfigClockSource  stm32f1xx_hal_tim.o
    0x08002020   0x08002020   0x00000002   Code   RO          740    .text.HAL_UARTEx_RxEventCallback  stm32f1xx_hal_uart.o
    0x08002022   0x08002022   0x00000002   PAD
    0x08002024   0x08002024   0x00000086   Code   RO          694    .text.HAL_UART_DMAStop  stm32f1xx_hal_uart.o
    0x080020aa   0x080020aa   0x00000002   Code   RO          738    .text.HAL_UART_ErrorCallback  stm32f1xx_hal_uart.o
    0x080020ac   0x080020ac   0x000002b4   Code   RO          732    .text.HAL_UART_IRQHandler  stm32f1xx_hal_uart.o
    0x08002360   0x08002360   0x000000b0   Code   RO          972    .text.HAL_UART_IdleCallback  system.o
    0x08002410   0x08002410   0x0000005e   Code   RO          650    .text.HAL_UART_Init  stm32f1xx_hal_uart.o
    0x0800246e   0x0800246e   0x000000f2   Code   RO           30    .text.HAL_UART_MspInit  usart.o
    0x08002560   0x08002560   0x00000022   Code   RO          686    .text.HAL_UART_Receive_DMA  stm32f1xx_hal_uart.o
    0x08002582   0x08002582   0x00000002   Code   RO          746    .text.HAL_UART_RxCpltCallback  stm32f1xx_hal_uart.o
    0x08002584   0x08002584   0x00000002   Code   RO          748    .text.HAL_UART_RxHalfCpltCallback  stm32f1xx_hal_uart.o
    0x08002586   0x08002586   0x00000002   PAD
    0x08002588   0x08002588   0x000000aa   Code   RO          666    .text.HAL_UART_Transmit  stm32f1xx_hal_uart.o
    0x08002632   0x08002632   0x00000002   Code   RO          742    .text.HAL_UART_TxCpltCallback  stm32f1xx_hal_uart.o
    0x08002634   0x08002634   0x00000012   Code   RO          981    .text.HW_GPIOA_ReadPin  hal_gpio.o
    0x08002646   0x08002646   0x00000014   Code   RO          979    .text.HW_GPIOA_WritePin  hal_gpio.o
    0x0800265a   0x0800265a   0x00000002   PAD
    0x0800265c   0x0800265c   0x00000002   Code   RO           40    .text.HardFault_Handler  stm32f1xx_it.o
    0x0800265e   0x0800265e   0x00000002   PAD
    0x08002660   0x08002660   0x0000016c   Code   RO          938    .text.LLOS_CRC_CAL  llos_crc.o
    0x080027cc   0x080027cc   0x00000004   Code   RO          909    .text.LLOS_Cmd_Factory  llos_conf.o
    0x080027d0   0x080027d0   0x00000050   Code   RO          855    .text.LLOS_Cmd_IDN  llos.o
    0x08002820   0x08002820   0x00000104   Code   RO          859    .text.LLOS_Cmd_Init  llos.o
    0x08002924   0x08002924   0x000000cc   Code   RO          863    .text.LLOS_Cmd_Input  llos.o
    0x080029f0   0x080029f0   0x00000120   Code   RO          865    .text.LLOS_Cmd_ParamBool  llos.o
    0x08002b10   0x08002b10   0x00000114   Code   RO          873    .text.LLOS_Cmd_ParamCopyText  llos.o
    0x08002c24   0x08002c24   0x0000027c   Code   RO          869    .text.LLOS_Cmd_ParamFloat  llos.o
    0x08002ea0   0x08002ea0   0x00000290   Code   RO          871    .text.LLOS_Cmd_ParamInt32  llos.o
    0x08003130   0x08003130   0x00000022   Code   RO          857    .text.LLOS_Cmd_RST  llos.o
    0x08003152   0x08003152   0x00000002   PAD
    0x08003154   0x08003154   0x00000078   Code   RO          907    .text.LLOS_Cmd_Test  llos_conf.o
    0x080031cc   0x080031cc   0x00000128   Code   RO          914    .text.LLOS_DS18B20_Init  llos_ds18b20.o
    0x080032f4   0x080032f4   0x00000052   Code   RO          916    .text.LLOS_DS18B20_RST  llos_ds18b20.o
    0x08003346   0x08003346   0x00000002   PAD
    0x08003348   0x08003348   0x00000058   Code   RO          924    .text.LLOS_DS18B20_ReadByte  llos_ds18b20.o
    0x080033a0   0x080033a0   0x00000052   Code   RO          922    .text.LLOS_DS18B20_WriteByte  llos_ds18b20.o
    0x080033f2   0x080033f2   0x00000002   PAD
    0x080033f4   0x080033f4   0x00000038   Code   RO          805    .text.LLOS_DelayMs  llos.o
    0x0800342c   0x0800342c   0x00000038   Code   RO          807    .text.LLOS_DelayUs  llos.o
    0x08003464   0x08003464   0x00000034   Code   RO          831    .text.LLOS_Device_Find  llos.o
    0x08003498   0x08003498   0x00000048   Code   RO          845    .text.LLOS_Device_ReadPin  llos.o
    0x080034e0   0x080034e0   0x00000088   Code   RO          977    .text.LLOS_Device_Register_GPIO  hal_gpio.o
    0x08003568   0x08003568   0x00000048   Code   RO          847    .text.LLOS_Device_WritePin  llos.o
    0x080035b0   0x080035b0   0x00000240   Code   RO          777    .text.LLOS_Init     llos.o
    0x080037f0   0x080037f0   0x00000178   Code   RO          783    .text.LLOS_Loop     llos.o
    0x08003968   0x08003968   0x00000012   Code   RO          797    .text.LLOS_Ms_To_Tick  llos.o
    0x0800397a   0x0800397a   0x00000002   PAD
    0x0800397c   0x0800397c   0x00000060   Code   RO          803    .text.LLOS_Msg_Clear  llos.o
    0x080039dc   0x080039dc   0x00000010   Code   RO          801    .text.LLOS_Msg_Receive  llos.o
    0x080039ec   0x080039ec   0x000000b8   Code   RO          827    .text.LLOS_Register_Device  llos.o
    0x08003aa4   0x08003aa4   0x00000060   Code   RO          781    .text.LLOS_Register_Events  llos.o
    0x08003b04   0x08003b04   0x0000009c   Code   RO          785    .text.LLOS_Start_Event  llos.o
    0x08003ba0   0x08003ba0   0x00000114   Code   RO          795    .text.LLOS_Tick_Increase  llos.o
    0x08003cb4   0x08003cb4   0x0000009e   Code   RO          779    .text.LLOS_malloc   llos.o
    0x08003d52   0x08003d52   0x00000044   Code   RO           17    .text.MX_DMA_Init   dma.o
    0x08003d96   0x08003d96   0x000000bc   Code   RO           14    .text.MX_GPIO_Init  gpio.o
    0x08003e52   0x08003e52   0x00000070   Code   RO           20    .text.MX_TIM1_Init  tim.o
    0x08003ec2   0x08003ec2   0x0000003a   Code   RO           28    .text.MX_USART1_UART_Init  usart.o
    0x08003efc   0x08003efc   0x00000002   Code   RO           42    .text.MemManage_Handler  stm32f1xx_it.o
    0x08003efe   0x08003efe   0x00000002   PAD
    0x08003f00   0x08003f00   0x00000006   Code   RO           38    .text.NMI_Handler   stm32f1xx_it.o
    0x08003f06   0x08003f06   0x00000002   Code   RO           52    .text.PendSV_Handler  stm32f1xx_it.o
    0x08003f08   0x08003f08   0x00000002   Code   RO           48    .text.SVC_Handler   stm32f1xx_it.o
    0x08003f0a   0x08003f0a   0x00000010   Code   RO           54    .text.SysTick_Handler  stm32f1xx_it.o
    0x08003f1a   0x08003f1a   0x00000002   PAD
    0x08003f1c   0x08003f1c   0x00000066   Code   RO            8    .text.SystemClock_Config  main.o
    0x08003f82   0x08003f82   0x00000002   Code   RO          769    .text.SystemInit    system_stm32f1xx.o
    0x08003f84   0x08003f84   0x000000b4   Code   RO          962    .text.System_Init   system.o
    0x08004038   0x08004038   0x00000028   Code   RO          968    .text.System_Loop   system.o
    0x08004060   0x08004060   0x0000009a   Code   RO           77    .text.TIM_Base_SetConfig  stm32f1xx_hal_tim.o
    0x080040fa   0x080040fa   0x00000002   PAD
    0x080040fc   0x080040fc   0x000000a0   Code   RO          986    .text.Task_DS18B20_Events  taskds18b20.o
    0x0800419c   0x0800419c   0x000000ec   Code   RO          984    .text.Task_DS18B20_Init  taskds18b20.o
    0x08004288   0x08004288   0x000001e0   Code   RO          918    .text.Task_Events   llos_ds18b20.o
    0x08004468   0x08004468   0x00000068   Code   RO          867    .text.Trim          llos.o
    0x080044d0   0x080044d0   0x0000000c   Code   RO          736    .text.UART_DMAAbortOnError  stm32f1xx_hal_uart.o
    0x080044dc   0x080044dc   0x00000064   Code   RO          684    .text.UART_DMAError  stm32f1xx_hal_uart.o
    0x08004540   0x08004540   0x00000080   Code   RO          764    .text.UART_DMAReceiveCplt  stm32f1xx_hal_uart.o
    0x080045c0   0x080045c0   0x00000018   Code   RO          766    .text.UART_DMARxHalfCplt  stm32f1xx_hal_uart.o
    0x080045d8   0x080045d8   0x00000050   Code   RO          696    .text.UART_EndRxTransfer  stm32f1xx_hal_uart.o
    0x08004628   0x08004628   0x000000be   Code   RO          734    .text.UART_Receive_IT  stm32f1xx_hal_uart.o
    0x080046e6   0x080046e6   0x00000092   Code   RO          654    .text.UART_SetConfig  stm32f1xx_hal_uart.o
    0x08004778   0x08004778   0x00000096   Code   RO          688    .text.UART_Start_Receive_DMA  stm32f1xx_hal_uart.o
    0x0800480e   0x0800480e   0x00000002   PAD
    0x08004810   0x08004810   0x0000007a   Code   RO          668    .text.UART_WaitOnFlagUntilTimeout  stm32f1xx_hal_uart.o
    0x0800488a   0x0800488a   0x0000001a   Code   RO           60    .text.USART1_IRQHandler  stm32f1xx_it.o
    0x080048a4   0x080048a4   0x00000002   Code   RO           46    .text.UsageFault_Handler  stm32f1xx_it.o
    0x080048a6   0x080048a6   0x00000002   PAD
    0x080048a8   0x080048a8   0x00000024   Code   RO          966    .text.__NVIC_SystemReset  system.o
    0x080048cc   0x080048cc   0x00000028   Code   RO          861    .text.compare       llos.o
    0x080048f4   0x080048f4   0x00000020   Code   RO          970    .text.fputc         system.o
    0x08004914   0x08004914   0x00000022   Code   RO            6    .text.main          main.o
    0x08004936   0x08004936   0x00000002   PAD
    0x08004938   0x08004938   0x00000020   Code   RO         1124    i.__0printf         mc_w.l(printfa.o)
    0x08004958   0x08004958   0x00000008   Code   RO         1186    i.__aeabi_errno_addr  mc_w.l(errno.o)
    0x08004960   0x08004960   0x0000000e   Code   RO         1212    i.__scatterload_copy  mc_w.l(handlers.o)
    0x0800496e   0x0800496e   0x00000002   Code   RO         1213    i.__scatterload_null  mc_w.l(handlers.o)
    0x08004970   0x08004970   0x0000000e   Code   RO         1214    i.__scatterload_zeroinit  mc_w.l(handlers.o)
    0x0800497e   0x0800497e   0x00000002   PAD
    0x08004980   0x08004980   0x00000184   Code   RO         1131    i._fp_digits        mc_w.l(printfa.o)
    0x08004b04   0x08004b04   0x0000000e   Code   RO         1205    i._is_digit         mc_w.l(scanf_fp.o)
    0x08004b12   0x08004b12   0x00000002   PAD
    0x08004b14   0x08004b14   0x000006dc   Code   RO         1132    i._printf_core      mc_w.l(printfa.o)
    0x080051f0   0x080051f0   0x00000024   Code   RO         1133    i._printf_post_padding  mc_w.l(printfa.o)
    0x08005214   0x08005214   0x0000002e   Code   RO         1134    i._printf_pre_padding  mc_w.l(printfa.o)
    0x08005242   0x08005242   0x00000002   PAD
    0x08005244   0x08005244   0x00000024   Code   RO          995    i.puts              mc_w.l(puts.o)
    0x08005268   0x08005268   0x00000014   Code   RO          991    i.strtof            m_ws.l(strtof.o)
    0x0800527c   0x0800527c   0x00000081   Data   RO         1171    .constdata          mc_w.l(ctype_o.o)
    0x080052fd   0x080052fd   0x00000003   PAD
    0x08005300   0x08005300   0x00000004   Data   RO         1172    .constdata          mc_w.l(ctype_o.o)
    0x08005304   0x08005304   0x00000010   Data   RO          774    .rodata.AHBPrescTable  system_stm32f1xx.o
    0x08005314   0x08005314   0x00000008   Data   RO          775    .rodata.APBPrescTable  system_stm32f1xx.o
    0x0800531c   0x0800531c   0x00000381   Data   RO          889    .rodata.str1.1      llos.o
    0x0800569d   0x0800569d   0x0000001e   Data   RO          911    .rodata.str1.1      llos_conf.o
    0x080056bb   0x080056bb   0x00000041   Data   RO          936    .rodata.str1.1      llos_ds18b20.o
    0x080056fc   0x080056fc   0x00000030   Data   RO          989    .rodata.str1.1      taskds18b20.o
    0x0800572c   0x0800572c   0x00000020   Data   RO         1211    Region$$Table       anon$$obj.o


    Execution Region RW_IRAM1 (Exec base: 0x20000000, Load base: 0x08005750, Size: 0x00001700, Max: 0x00005000, ABSOLUTE)

    Exec Addr    Load Addr    Size         Type   Attr      Idx    E Section Name        Object

    0x20000000   0x08005750   0x00000004   Data   RW         1161    .data               mc_w.l(stdout.o)
    0x20000004   0x08005754   0x00000004   Data   RW         1189    .data               mc_w.l(errno.o)
    0x20000008   0x08005758   0x00000004   Data   RW          773    .data.SystemCoreClock  system_stm32f1xx.o
    0x2000000c   0x0800575c   0x00000028   Data   RW          912    .data.cmdList       llos_conf.o
    0x20000034   0x08005784   0x00000001   Data   RW          934    .data.ds18b20TaskId  llos_ds18b20.o
    0x20000035   0x08005785   0x00000003   PAD
    0x20000038   0x08005788   0x00000010   Data   RW          949    .data.ll_crcModel_CRC8_MAXIM  llos_crc.o
    0x20000048   0x08005798   0x00000001   Data   RW          932    .data.ll_resolution  llos_ds18b20.o
    0x20000049   0x08005799   0x00000001   Data   RW          988    .data.taskDS18B20Id  taskds18b20.o
    0x2000004a   0x0800579a   0x00000001   Data   RW          893    .data.tickMultiple  llos.o
    0x2000004b   0x0800579b   0x00000001   Data   RW          435    .data.uwTickFreq    stm32f1xx_hal.o
    0x2000004c   0x0800579c   0x00000004   Data   RW          434    .data.uwTickPrio    stm32f1xx_hal.o
    0x20000050        -       0x00000004   Zero   RW          887    .bss.alarm_list     llos.o
    0x20000054        -       0x00000001   Zero   RW          935    .bss.busy           llos_ds18b20.o
    0x20000055   0x080057a0   0x00000003   PAD
    0x20000058        -       0x00000008   Zero   RW          905    .bss.context        llos.o
    0x20000060        -       0x00000001   Zero   RW          899    .bss.deviceIndex    llos.o
    0x20000061   0x080057a0   0x00000003   PAD
    0x20000064        -       0x00000004   Zero   RW          888    .bss.device_list    llos.o
    0x20000068        -       0x00000004   Zero   RW          884    .bss.eventCB_list   llos.o
    0x2000006c        -       0x00000044   Zero   RW           35    .bss.hdma_usart1_rx  usart.o
    0x200000b0        -       0x00000044   Zero   RW           36    .bss.hdma_usart1_tx  usart.o
    0x200000f4        -       0x00000048   Zero   RW           26    .bss.htim1          tim.o
    0x2000013c        -       0x00000048   Zero   RW           34    .bss.huart1         usart.o
    0x20000184        -       0x00000008   Zero   RW          931    .bss.ll_DS18B20_Data  llos_ds18b20.o
    0x2000018c        -       0x00000008   Zero   RW          930    .bss.ll_DS18B20_hw  llos_ds18b20.o
    0x20000194        -       0x00000004   Zero   RW          892    .bss.ll_LP_CB       llos.o
    0x20000198        -       0x00000002   Zero   RW          904    .bss.ll_cmd_bufSize  llos.o
    0x2000019a   0x080057a0   0x00000002   PAD
    0x2000019c        -       0x00000004   Zero   RW          878    .bss.ll_memCfgs.0   llos.o
    0x200001a0        -       0x00000002   Zero   RW          879    .bss.ll_memCfgs.1   llos.o
    0x200001a2        -       0x00000001   Zero   RW          880    .bss.ll_memCfgs.2   llos.o
    0x200001a3   0x080057a0   0x00000001   PAD
    0x200001a4        -       0x00000001   Zero   RW          881    .bss.ll_memCfgs.3   llos.o
    0x200001a5   0x080057a0   0x00000003   PAD
    0x200001a8        -       0x00000001   Zero   RW          882    .bss.ll_memCfgs.4   llos.o
    0x200001a9   0x080057a0   0x00000003   PAD
    0x200001ac        -       0x00000001   Zero   RW          883    .bss.ll_memCfgs.5   llos.o
    0x200001ad   0x080057a0   0x00000003   PAD
    0x200001b0        -       0x00000004   Zero   RW          876    .bss.ll_osDelayCB.0  llos.o
    0x200001b4        -       0x00000004   Zero   RW          877    .bss.ll_osDelayCB.1  llos.o
    0x200001b8        -       0x00000002   Zero   RW          933    .bss.ll_period      llos_ds18b20.o
    0x200001ba   0x080057a0   0x00000002   PAD
    0x200001bc        -       0x00000004   Zero   RW          875    .bss.ll_system_reset_hook  llos.o
    0x200001c0        -       0x00000004   Zero   RW          885    .bss.msg_list       llos.o
    0x200001c4        -       0x00001000   Zero   RW          975    .bss.pMemPool       system.o
    0x200011c4        -       0x00000004   Zero   RW          901    .bss.ppid           llos.o
    0x200011c8        -       0x00000004   Zero   RW          903    .bss.psn            llos.o
    0x200011cc        -       0x00000004   Zero   RW          902    .bss.pversion       llos.o
    0x200011d0        -       0x00000004   Zero   RW          900    .bss.pvid           llos.o
    0x200011d4   0x080057a0   0x00000004   PAD
    0x200011d8        -       0x00000010   Zero   RW          894    .bss.rtc            llos.o
    0x200011e8        -       0x00000008   Zero   RW          891    .bss.sysTick        llos.o
    0x200011f0        -       0x00000001   Zero   RW          890    .bss.taskIndex      llos.o
    0x200011f1   0x080057a0   0x00000003   PAD
    0x200011f4        -       0x00000004   Zero   RW          886    .bss.timerCB_list   llos.o
    0x200011f8        -       0x00000102   Zero   RW          974    .bss.usart1_recBuf  system.o
    0x200012fa   0x080057a0   0x00000002   PAD
    0x200012fc        -       0x00000004   Zero   RW          436    .bss.uwTick         stm32f1xx_hal.o
    0x20001300        -       0x00000400   Zero   RW            1    STACK               startup_stm32f103xb.o


==============================================================================

Image component sizes


      Code (inc. data)   RO Data    RW Data    ZI Data      Debug   Object Name

        68          0          0          0          0          0   dma.o
       188          0          0          0          0          0   gpio.o
       174         72          0          0          0          0   hal_gpio.o
      4838       1060        897          1         98          0   llos.o
       124         28         30         40          0          0   llos_conf.o
       364          0          0         16          0          0   llos_crc.o
      1028        128         65          2         19          0   llos_ds18b20.o
       146          0          0          0          0          0   main.o
        36          8        236          0       1024          0   startup_stm32f103xb.o
       196          0          0          5          4          0   stm32f1xx_hal.o
       194          0          0          0          0          0   stm32f1xx_hal_cortex.o
       890          0          0          0          0          0   stm32f1xx_hal_dma.o
       516          4          0          0          0          0   stm32f1xx_hal_gpio.o
        66          0          0          0          0          0   stm32f1xx_hal_msp.o
      1462         20          0          0          0          0   stm32f1xx_hal_rcc.o
       786          0          0          0          0          0   stm32f1xx_hal_tim.o
       116          0          0          0          0          0   stm32f1xx_hal_tim_ex.o
      2086          0          0          0          0          0   stm32f1xx_hal_uart.o
        86          0          0          0          0          0   stm32f1xx_it.o
       514         40          0          0       4354          0   system.o
         2          0         24          4          0          0   system_stm32f1xx.o
       396        164         48          1          0          0   taskds18b20.o
       160          0          0          0         72          0   tim.o
       300          0          0          0        208          0   usart.o

    ----------------------------------------------------------------------
     14768       1524       1332         72       5808          0   Object Totals
         0          0         32          0          0          0   (incl. Generated)
        32          0          0          3         29          0   (incl. Padding)

    ----------------------------------------------------------------------

      Code (inc. data)   RO Data    RW Data    ZI Data      Debug   Library Member Name

        20          0          0          0          0          0   strtof.o
        28          0          0          0          0          0   _chval.o
        64          0          0          0          0          0   _sgetc.o
       158          0          0          0          0          0   _strtoul.o
         8          4        133          0          0          0   ctype_o.o
         0          0          0          0          0          0   entry.o
         0          0          0          0          0          0   entry10a.o
         0          0          0          0          0          0   entry11a.o
         8          4          0          0          0          0   entry2.o
         4          0          0          0          0          0   entry5.o
         0          0          0          0          0          0   entry7b.o
         0          0          0          0          0          0   entry8b.o
         8          4          0          0          0          0   entry9a.o
         8          4          0          4          0          0   errno.o
        30          0          0          0          0          0   handlers.o
        48         10          0          0          0          0   init.o
        18          0          0          0          0          0   isspace_o.o
         0          0          0          0          0          0   iusefp.o
        30          0          0          0          0          0   llshl.o
        36          0          0          0          0          0   llsshr.o
        32          0          0          0          0          0   llushr.o
        36          0          0          0          0          0   memseta.o
      2258         90          0          0          0          0   printfa.o
        36          6          0          0          0          0   puts.o
       156          0          0          0          0          0   qsort.o
       878         12          0          0          0          0   scanf_fp.o
         0          0          0          4          0          0   stdout.o
        20          0          0          0          0          0   strchr.o
        28          0          0          0          0          0   strcmp.o
        18          0          0          0          0          0   strcpy.o
        14          0          0          0          0          0   strlen.o
        50          0          0          0          0          0   strncasecmp.o
        30          0          0          0          0          0   strncmp.o
        24          0          0          0          0          0   strncpy.o
       168         12          0          0          0          0   strtod.o
         8          0          0          0          0          0   strtof.o
       112          0          0          0          0          0   strtol.o
        12          0          0          0          0          0   tolower.o
        44          0          0          0          0          0   uidiv.o
        98          0          0          0          0          0   uldiv.o
        48          0          0          0          0          0   cdrcmple.o
        56          0          0          0          0          0   d2f.o
       334          0          0          0          0          0   dadd.o
       222          0          0          0          0          0   ddiv.o
       186          0          0          0          0          0   depilogue.o
        62          0          0          0          0          0   dfixi.o
        48          0          0          0          0          0   dfixul.o
        34          0          0          0          0          0   dflti.o
        24          0          0          0          0          0   dfltul.o
       228          0          0          0          0          0   dmul.o
        38          0          0          0          0          0   f2d.o
       124          0          0          0          0          0   fdiv.o
       110          0          0          0          0          0   fepilogue.o
       100          0          0          0          0          0   fmul.o

    ----------------------------------------------------------------------
      6112        146        136          8          0          0   Library Totals
         8          0          3          0          0          0   (incl. Padding)

    ----------------------------------------------------------------------

      Code (inc. data)   RO Data    RW Data    ZI Data      Debug   Library Name

        20          0          0          0          0          0   m_ws.l
      4470        146        133          8          0          0   mc_w.l
      1614          0          0          0          0          0   mf_w.l

    ----------------------------------------------------------------------
      6112        146        136          8          0          0   Library Totals

    ----------------------------------------------------------------------

==============================================================================


      Code (inc. data)   RO Data    RW Data    ZI Data      Debug   

     20880       1670       1468         80       5808          0   Grand Totals
     20880       1670       1468         80       5808          0   ELF Image Totals
     20880       1670       1468         80          0          0   ROM Totals

==============================================================================

    Total RO  Size (Code + RO Data)                22348 (  21.82kB)
    Total RW  Size (RW Data + ZI Data)              5888 (   5.75kB)
    Total ROM Size (Code + RO Data + RW Data)      22428 (  21.90kB)

==============================================================================

