Component: Arm Compiler for Embedded 6.21 Tool: armlink [5ec1fa00]

==============================================================================

Section Cross References

    startup_stm32f103xb.o(RESET) refers to startup_stm32f103xb.o(STACK) for __initial_sp
    startup_stm32f103xb.o(RESET) refers to startup_stm32f103xb.o(.text) for Reset_Handler
    startup_stm32f103xb.o(RESET) refers to stm32f1xx_it.o(.text.NMI_Handler) for NMI_Handler
    startup_stm32f103xb.o(RESET) refers to stm32f1xx_it.o(.text.HardFault_Handler) for HardFault_Handler
    startup_stm32f103xb.o(RESET) refers to stm32f1xx_it.o(.text.MemManage_Handler) for MemManage_Handler
    startup_stm32f103xb.o(RESET) refers to stm32f1xx_it.o(.text.BusFault_Handler) for BusFault_Handler
    startup_stm32f103xb.o(RESET) refers to stm32f1xx_it.o(.text.UsageFault_Handler) for UsageFault_Handler
    startup_stm32f103xb.o(RESET) refers to stm32f1xx_it.o(.text.SVC_Handler) for SVC_Handler
    startup_stm32f103xb.o(RESET) refers to stm32f1xx_it.o(.text.DebugMon_Handler) for DebugMon_Handler
    startup_stm32f103xb.o(RESET) refers to stm32f1xx_it.o(.text.PendSV_Handler) for PendSV_Handler
    startup_stm32f103xb.o(RESET) refers to stm32f1xx_it.o(.text.SysTick_Handler) for SysTick_Handler
    startup_stm32f103xb.o(RESET) refers to stm32f1xx_it.o(.text.DMA1_Channel4_IRQHandler) for DMA1_Channel4_IRQHandler
    startup_stm32f103xb.o(RESET) refers to stm32f1xx_it.o(.text.DMA1_Channel5_IRQHandler) for DMA1_Channel5_IRQHandler
    startup_stm32f103xb.o(RESET) refers to stm32f1xx_it.o(.text.USART1_IRQHandler) for USART1_IRQHandler
    startup_stm32f103xb.o(.text) refers to system_stm32f1xx.o(.text.SystemInit) for SystemInit
    startup_stm32f103xb.o(.text) refers to entry.o(.ARM.Collect$$$$00000000) for __main
    main.o(.text.main) refers to stm32f1xx_hal.o(.text.HAL_Init) for HAL_Init
    main.o(.text.main) refers to main.o(.text.SystemClock_Config) for SystemClock_Config
    main.o(.text.main) refers to gpio.o(.text.MX_GPIO_Init) for MX_GPIO_Init
    main.o(.text.main) refers to dma.o(.text.MX_DMA_Init) for MX_DMA_Init
    main.o(.text.main) refers to usart.o(.text.MX_USART1_UART_Init) for MX_USART1_UART_Init
    main.o(.text.main) refers to system.o(.text.System_Init) for System_Init
    main.o(.text.main) refers to system.o(.text.System_Loop) for System_Loop
    main.o(.ARM.exidx.text.main) refers to main.o(.text.main) for [Anonymous Symbol]
    main.o(.text.SystemClock_Config) refers to stm32f1xx_hal_rcc.o(.text.HAL_RCC_OscConfig) for HAL_RCC_OscConfig
    main.o(.text.SystemClock_Config) refers to stm32f1xx_hal_rcc.o(.text.HAL_RCC_ClockConfig) for HAL_RCC_ClockConfig
    main.o(.text.SystemClock_Config) refers to stm32f1xx_hal_rcc.o(.text.HAL_RCC_EnableCSS) for HAL_RCC_EnableCSS
    main.o(.ARM.exidx.text.SystemClock_Config) refers to main.o(.text.SystemClock_Config) for [Anonymous Symbol]
    main.o(.ARM.exidx.text.Error_Handler) refers to main.o(.text.Error_Handler) for [Anonymous Symbol]
    gpio.o(.text.MX_GPIO_Init) refers to stm32f1xx_hal_gpio.o(.text.HAL_GPIO_WritePin) for HAL_GPIO_WritePin
    gpio.o(.text.MX_GPIO_Init) refers to stm32f1xx_hal_gpio.o(.text.HAL_GPIO_Init) for HAL_GPIO_Init
    gpio.o(.ARM.exidx.text.MX_GPIO_Init) refers to gpio.o(.text.MX_GPIO_Init) for [Anonymous Symbol]
    dma.o(.text.MX_DMA_Init) refers to stm32f1xx_hal_cortex.o(.text.HAL_NVIC_SetPriority) for HAL_NVIC_SetPriority
    dma.o(.text.MX_DMA_Init) refers to stm32f1xx_hal_cortex.o(.text.HAL_NVIC_EnableIRQ) for HAL_NVIC_EnableIRQ
    dma.o(.ARM.exidx.text.MX_DMA_Init) refers to dma.o(.text.MX_DMA_Init) for [Anonymous Symbol]
    usart.o(.text.MX_USART1_UART_Init) refers to usart.o(.bss.huart1) for huart1
    usart.o(.text.MX_USART1_UART_Init) refers to stm32f1xx_hal_uart.o(.text.HAL_UART_Init) for HAL_UART_Init
    usart.o(.text.MX_USART1_UART_Init) refers to main.o(.text.Error_Handler) for Error_Handler
    usart.o(.ARM.exidx.text.MX_USART1_UART_Init) refers to usart.o(.text.MX_USART1_UART_Init) for [Anonymous Symbol]
    usart.o(.text.HAL_UART_MspInit) refers to stm32f1xx_hal_gpio.o(.text.HAL_GPIO_Init) for HAL_GPIO_Init
    usart.o(.text.HAL_UART_MspInit) refers to usart.o(.bss.hdma_usart1_rx) for hdma_usart1_rx
    usart.o(.text.HAL_UART_MspInit) refers to stm32f1xx_hal_dma.o(.text.HAL_DMA_Init) for HAL_DMA_Init
    usart.o(.text.HAL_UART_MspInit) refers to main.o(.text.Error_Handler) for Error_Handler
    usart.o(.text.HAL_UART_MspInit) refers to usart.o(.bss.hdma_usart1_tx) for hdma_usart1_tx
    usart.o(.text.HAL_UART_MspInit) refers to stm32f1xx_hal_cortex.o(.text.HAL_NVIC_SetPriority) for HAL_NVIC_SetPriority
    usart.o(.text.HAL_UART_MspInit) refers to stm32f1xx_hal_cortex.o(.text.HAL_NVIC_EnableIRQ) for HAL_NVIC_EnableIRQ
    usart.o(.ARM.exidx.text.HAL_UART_MspInit) refers to usart.o(.text.HAL_UART_MspInit) for [Anonymous Symbol]
    usart.o(.text.HAL_UART_MspDeInit) refers to stm32f1xx_hal_gpio.o(.text.HAL_GPIO_DeInit) for HAL_GPIO_DeInit
[...]
    Removing stm32f1xx_hal_cortex.o(.ARM.exidx.text.HAL_SYSTICK_Callback), (8 bytes).
    Removing stm32f1xx_hal_pwr.o(.text), (0 bytes).
    Removing stm32f1xx_hal_pwr.o(.text.HAL_PWR_DeInit), (26 bytes).
    Removing stm32f1xx_hal_pwr.o(.ARM.exidx.text.HAL_PWR_DeInit), (8 bytes).
    Removing stm32f1xx_hal_pwr.o(.text.HAL_PWR_EnableBkUpAccess), (12 bytes).
    Removing stm32f1xx_hal_pwr.o(.ARM.exidx.text.HAL_PWR_EnableBkUpAccess), (8 bytes).
    Removing stm32f1xx_hal_pwr.o(.text.HAL_PWR_DisableBkUpAccess), (12 bytes).
    Removing stm32f1xx_hal_pwr.o(.ARM.exidx.text.HAL_PWR_DisableBkUpAccess), (8 bytes).
    Removing stm32f1xx_hal_pwr.o(.text.HAL_PWR_ConfigPVD), (118 bytes).
    Removing stm32f1xx_hal_pwr.o(.ARM.exidx.text.HAL_PWR_ConfigPVD), (8 bytes).
    Removing stm32f1xx_hal_pwr.o(.text.HAL_PWR_EnablePVD), (12 bytes).
    Removing stm32f1xx_hal_pwr.o(.ARM.exidx.text.HAL_PWR_EnablePVD), (8 bytes).
    Removing stm32f1xx_hal_pwr.o(.text.HAL_PWR_DisablePVD), (12 bytes).
    Removing stm32f1xx_hal_pwr.o(.ARM.exidx.text.HAL_PWR_DisablePVD), (8 bytes).
    Removing stm32f1xx_hal_pwr.o(.text.HAL_PWR_EnableWakeUpPin), (22 bytes).
    Removing stm32f1xx_hal_pwr.o(.ARM.exidx.text.HAL_PWR_EnableWakeUpPin), (8 bytes).
    Removing stm32f1xx_hal_pwr.o(.text.HAL_PWR_DisableWakeUpPin), (22 bytes).
    Removing stm32f1xx_hal_pwr.o(.ARM.exidx.text.HAL_PWR_DisableWakeUpPin), (8 bytes).
    Removing stm32f1xx_hal_pwr.o(.text.HAL_PWR_EnterSLEEPMode), (30 bytes).
    Removing stm32f1xx_hal_pwr.o(.ARM.exidx.text.HAL_PWR_EnterSLEEPMode), (8 bytes).
    Removing stm32f1xx_hal_pwr.o(.text.HAL_PWR_EnterSTOPMode), (72 bytes).
    Removing stm32f1xx_hal_pwr.o(.ARM.exidx.text.HAL_PWR_EnterSTOPMode), (8 bytes).
    Removing stm32f1xx_hal_pwr.o(.text.PWR_OverloadWfe), (6 bytes).
    Removing stm32f1xx_hal_pwr.o(.ARM.exidx.text.PWR_OverloadWfe), (8 bytes).
    Removing stm32f1xx_hal_pwr.o(.text.HAL_PWR_EnterSTANDBYMode), (36 bytes).
    Removing stm32f1xx_hal_pwr.o(.ARM.exidx.text.HAL_PWR_EnterSTANDBYMode), (8 bytes).
    Removing stm32f1xx_hal_pwr.o(.text.HAL_PWR_EnableSleepOnExit), (18 bytes).
    Removing stm32f1xx_hal_pwr.o(.ARM.exidx.text.HAL_PWR_EnableSleepOnExit), (8 bytes).
    Removing stm32f1xx_hal_pwr.o(.text.HAL_PWR_DisableSleepOnExit), (18 bytes).
    Removing stm32f1xx_hal_pwr.o(.ARM.exidx.text.HAL_PWR_DisableSleepOnExit), (8 bytes).
    Removing stm32f1xx_hal_pwr.o(.text.HAL_PWR_EnableSEVOnPend), (18 bytes).
    Removing stm32f1xx_hal_pwr.o(.ARM.exidx.text.HAL_PWR_EnableSEVOnPend), (8 bytes).
    Removing stm32f1xx_hal_pwr.o(.text.HAL_PWR_DisableSEVOnPend), (18 bytes).
    Removing stm32f1xx_hal_pwr.o(.ARM.exidx.text.HAL_PWR_DisableSEVOnPend), (8 bytes).
    Removing stm32f1xx_hal_pwr.o(.text.HAL_PWR_PVD_IRQHandler), (30 bytes).
    Removing stm32f1xx_hal_pwr.o(.ARM.exidx.text.HAL_PWR_PVD_IRQHandler), (8 bytes).
    Removing stm32f1xx_hal_pwr.o(.text.HAL_PWR_PVDCallback), (2 bytes).
    Removing stm32f1xx_hal_pwr.o(.ARM.exidx.text.HAL_PWR_PVDCallback), (8 bytes).
    Removing stm32f1xx_hal_flash.o(.text), (0 bytes).
    Removing stm32f1xx_hal_flash.o(.text.HAL_FLASH_Program), (164 bytes).
    Removing stm32f1xx_hal_flash.o(.ARM.exidx.text.HAL_FLASH_Program), (8 bytes).
    Removing stm32f1xx_hal_flash.o(.text.FLASH_WaitForLastOperation), (102 bytes).
    Removing stm32f1xx_hal_flash.o(.ARM.exidx.text.FLASH_WaitForLastOperation), (8 bytes).
    Removing stm32f1xx_hal_flash.o(.text.HAL_FLASH_Program_IT), (92 bytes).
    Removing stm32f1xx_hal_flash.o(.ARM.exidx.text.HAL_FLASH_Program_IT), (8 bytes).
    Removing stm32f1xx_hal_flash.o(.text.HAL_FLASH_IRQHandler), (290 bytes).
    Removing stm32f1xx_hal_flash.o(.ARM.exidx.text.HAL_FLASH_IRQHandler), (8 bytes).
    Removing stm32f1xx_hal_flash.o(.text.FLASH_SetErrorCode), (80 bytes).
    Removing stm32f1xx_hal_flash.o(.ARM.exidx.text.FLASH_SetErrorCode), (8 bytes).
    Removing stm32f1xx_hal_flash.o(.text.HAL_FLASH_OperationErrorCallback), (2 bytes).
    Removing stm32f1xx_hal_flash.o(.ARM.exidx.text.HAL_FLASH_OperationErrorCallback), (8 bytes).
    Removing stm32f1xx_hal_flash.o(.text.HAL_FLASH_EndOfOperationCallback), (2 bytes).
    Removing stm32f1xx_hal_flash.o(.ARM.exidx.text.HAL_FLASH_EndOfOperationCallback), (8 bytes).
    Removing stm32f1xx_hal_flash.o(.text.HAL_FLASH_Unlock), (46 bytes).
    Removing stm32f1xx_hal_flash.o(.ARM.exidx.text.HAL_FLASH_Unlock), (8 bytes).
    Removing stm32f1xx_hal_flash.o(.text.HAL_FLASH_Lock), (20 bytes).
    Removing stm32f1xx_hal_flash.o(.ARM.exidx.text.HAL_FLASH_Lock), (8 bytes).
    Removing stm32f1xx_hal_flash.o(.text.HAL_FLASH_OB_Unlock), (42 bytes).
    Removing stm32f1xx_hal_flash.o(.ARM.exidx.text.HAL_FLASH_OB_Unlock), (8 bytes).
    Removing stm32f1xx_hal_flash.o(.text.HAL_FLASH_OB_Lock), (20 bytes).
    Removing stm32f1xx_hal_flash.o(.ARM.exidx.text.HAL_FLASH_OB_Lock), (8 bytes).
    Removing stm32f1xx_hal_flash.o(.text.HAL_FLASH_OB_Launch), (4 bytes).
    Removing stm32f1xx_hal_flash.o(.ARM.exidx.text.HAL_FLASH_OB_Launch), (8 bytes).
    Removing stm32f1xx_hal_flash.o(.text.HAL_FLASH_GetError), (12 bytes).
    Removing stm32f1xx_hal_flash.o(.ARM.exidx.text.HAL_FLASH_GetError), (8 bytes).
    Removing stm32f1xx_hal_flash.o(.bss.pFlash), (32 bytes).
    Removing stm32f1xx_hal_flash_ex.o(.text), (0 bytes).
    Removing stm32f1xx_hal_flash_ex.o(.text.HAL_FLASHEx_Erase), (210 bytes).
    Removing stm32f1xx_hal_flash_ex.o(.ARM.exidx.text.HAL_FLASHEx_Erase), (8 bytes).
    Removing stm32f1xx_hal_flash_ex.o(.text.FLASH_PageErase), (40 bytes).
    Removing stm32f1xx_hal_flash_ex.o(.ARM.exidx.text.FLASH_PageErase), (8 bytes).
    Removing stm32f1xx_hal_flash_ex.o(.text.HAL_FLASHEx_Erase_IT), (94 bytes).
    Removing stm32f1xx_hal_flash_ex.o(.ARM.exidx.text.HAL_FLASHEx_Erase_IT), (8 bytes).
    Removing stm32f1xx_hal_flash_ex.o(.text.HAL_FLASHEx_OBErase), (92 bytes).
    Removing stm32f1xx_hal_flash_ex.o(.ARM.exidx.text.HAL_FLASHEx_OBErase), (8 bytes).
    Removing stm32f1xx_hal_flash_ex.o(.text.FLASH_OB_RDP_LevelConfig), (108 bytes).
    Removing stm32f1xx_hal_flash_ex.o(.ARM.exidx.text.FLASH_OB_RDP_LevelConfig), (8 bytes).
    Removing stm32f1xx_hal_flash_ex.o(.text.HAL_FLASHEx_OBProgram), (578 bytes).
    Removing stm32f1xx_hal_flash_ex.o(.ARM.exidx.text.HAL_FLASHEx_OBProgram), (8 bytes).
    Removing stm32f1xx_hal_flash_ex.o(.text.HAL_FLASHEx_OBGetConfig), (42 bytes).
    Removing stm32f1xx_hal_flash_ex.o(.ARM.exidx.text.HAL_FLASHEx_OBGetConfig), (8 bytes).
    Removing stm32f1xx_hal_flash_ex.o(.text.HAL_FLASHEx_OBGetUserData), (34 bytes).
    Removing stm32f1xx_hal_flash_ex.o(.ARM.exidx.text.HAL_FLASHEx_OBGetUserData), (8 bytes).
    Removing stm32f1xx_hal_exti.o(.text), (0 bytes).
    Removing stm32f1xx_hal_exti.o(.text.HAL_EXTI_SetConfigLine), (180 bytes).
    Removing stm32f1xx_hal_exti.o(.ARM.exidx.text.HAL_EXTI_SetConfigLine), (8 bytes).
    Removing stm32f1xx_hal_exti.o(.text.HAL_EXTI_GetConfigLine), (156 bytes).
    Removing stm32f1xx_hal_exti.o(.ARM.exidx.text.HAL_EXTI_GetConfigLine), (8 bytes).
    Removing stm32f1xx_hal_exti.o(.text.HAL_EXTI_ClearConfigLine), (140 bytes).
    Removing stm32f1xx_hal_exti.o(.ARM.exidx.text.HAL_EXTI_ClearConfigLine), (8 bytes).
    Removing stm32f1xx_hal_exti.o(.text.HAL_EXTI_RegisterCallback), (12 bytes).
    Removing stm32f1xx_hal_exti.o(.ARM.exidx.text.HAL_EXTI_RegisterCallback), (8 bytes).
    Removing stm32f1xx_hal_exti.o(.text.HAL_EXTI_GetHandle), (12 bytes).
    Removing stm32f1xx_hal_exti.o(.ARM.exidx.text.HAL_EXTI_GetHandle), (8 bytes).
    Removing stm32f1xx_hal_exti.o(.text.HAL_EXTI_IRQHandler), (40 bytes).
    Removing stm32f1xx_hal_exti.o(.ARM.exidx.text.HAL_EXTI_IRQHandler), (8 bytes).
    Removing stm32f1xx_hal_exti.o(.text.HAL_EXTI_GetPending), (28 bytes).
    Removing stm32f1xx_hal_exti.o(.ARM.exidx.text.HAL_EXTI_GetPending), (8 bytes).
    Removing stm32f1xx_hal_exti.o(.text.HAL_EXTI_ClearPending), (24 bytes).
    Removing stm32f1xx_hal_exti.o(.ARM.exidx.text.HAL_EXTI_ClearPending), (8 bytes).
    Removing stm32f1xx_hal_exti.o(.text.HAL_EXTI_GenerateSWI), (24 bytes).
    Removing stm32f1xx_hal_exti.o(.ARM.exidx.text.HAL_EXTI_GenerateSWI), (8 bytes).
    Removing system_stm32f1xx.o(.text), (0 bytes).
    Removing system_stm32f1xx.o(.ARM.exidx.text.SystemInit), (8 bytes).
    Removing system_stm32f1xx.o(.text.SystemCoreClockUpdate), (126 bytes).
    Removing system_stm32f1xx.o(.ARM.exidx.text.SystemCoreClockUpdate), (8 bytes).
    Removing llos_conf.o(.text), (0 bytes).
    Removing llos_conf.o(.text.LLOS_Cmd_Test), (120 bytes).
    Removing llos_conf.o(.ARM.exidx.text.LLOS_Cmd_Test), (8 bytes).
    Removing llos_conf.o(.text.LLOS_Cmd_Factory), (4 bytes).
    Removing llos_conf.o(.ARM.exidx.text.LLOS_Cmd_Factory), (8 bytes).
    Removing llos_conf.o(.rodata.str1.1), (31 bytes).
    Removing llos_conf.o(.data.cmdList), (40 bytes).
    Removing llos.o(.text), (0 bytes).
    Removing llos.o(.ARM.exidx.text.LLOS_Init), (8 bytes).
    Removing llos.o(.ARM.exidx.text.LLOS_malloc), (8 bytes).
    Removing llos.o(.ARM.exidx.text.LLOS_Register_Events), (8 bytes).
    Removing llos.o(.ARM.exidx.text.LLOS_Loop), (8 bytes).
    Removing llos.o(.ARM.exidx.text.LLOS_Start_Event), (8 bytes).
    Removing llos.o(.text.LLOS_Stop_Event), (120 bytes).
    Removing llos.o(.ARM.exidx.text.LLOS_Stop_Event), (8 bytes).
    Removing llos.o(.ARM.exidx.text.LLOS_Get_TaskNum), (8 bytes).
    Removing llos.o(.text.LLOS_Get_SysTick), (12 bytes).
    Removing llos.o(.ARM.exidx.text.LLOS_Get_SysTick), (8 bytes).
    Removing llos.o(.text.LLOS_Get_Version), (10 bytes).
    Removing llos.o(.ARM.exidx.text.LLOS_Get_Version), (8 bytes).
    Removing llos.o(.ARM.exidx.text.LLOS_Tick_Increase), (8 bytes).
    Removing llos.o(.ARM.exidx.text.LLOS_Ms_To_Tick), (8 bytes).
    Removing llos.o(.ARM.exidx.text.LLOS_Msg_Send), (8 bytes).
    Removing llos.o(.ARM.exidx.text.LLOS_Msg_Receive), (8 bytes).
    Removing llos.o(.ARM.exidx.text.LLOS_Msg_Clear), (8 bytes).
    Removing llos.o(.text.LLOS_DelayMs), (56 bytes).
    Removing llos.o(.ARM.exidx.text.LLOS_DelayMs), (8 bytes).
    Removing llos.o(.text.LLOS_DelayUs), (56 bytes).
    Removing llos.o(.ARM.exidx.text.LLOS_DelayUs), (8 bytes).
    Removing llos.o(.text.LLOS_Timer_Set), (136 bytes).
    Removing llos.o(.ARM.exidx.text.LLOS_Timer_Set), (8 bytes).
    Removing llos.o(.text.LLOS_RTC_SetDate), (296 bytes).
    Removing llos.o(.ARM.exidx.text.LLOS_RTC_SetDate), (8 bytes).
    Removing llos.o(.text.LLOS_RTC_GetDate), (532 bytes).
    Removing llos.o(.ARM.exidx.text.LLOS_RTC_GetDate), (8 bytes).
    Removing llos.o(.text.LLOS_RTC_SetAlarm), (388 bytes).
    Removing llos.o(.ARM.exidx.text.LLOS_RTC_SetAlarm), (8 bytes).
    Removing llos.o(.text.LLOS_free), (50 bytes).
    Removing llos.o(.ARM.exidx.text.LLOS_free), (8 bytes).
    Removing llos.o(.text.LLOS_Register_ErrorHandler), (12 bytes).
    Removing llos.o(.ARM.exidx.text.LLOS_Register_ErrorHandler), (8 bytes).
    Removing llos.o(.text.LLOS_ErrorHandler), (60 bytes).
    Removing llos.o(.ARM.exidx.text.LLOS_ErrorHandler), (8 bytes).
    Removing llos.o(.text.LLOS_System_Reset), (26 bytes).
    Removing llos.o(.ARM.exidx.text.LLOS_System_Reset), (8 bytes).
    Removing llos.o(.text.LLOS_Register_LP), (12 bytes).
    Removing llos.o(.ARM.exidx.text.LLOS_Register_LP), (8 bytes).
    Removing llos.o(.text.LLOS_Register_Device), (184 bytes).
    Removing llos.o(.ARM.exidx.text.LLOS_Register_Device), (8 bytes).
    Removing llos.o(.text.LLOS_Device_GetNum), (12 bytes).
    Removing llos.o(.ARM.exidx.text.LLOS_Device_GetNum), (8 bytes).
    Removing llos.o(.text.LLOS_Device_Find), (52 bytes).
    Removing llos.o(.ARM.exidx.text.LLOS_Device_Find), (8 bytes).
    Removing llos.o(.text.LLOS_Device_Init), (68 bytes).
    Removing llos.o(.ARM.exidx.text.LLOS_Device_Init), (8 bytes).
    Removing llos.o(.text.LLOS_Device_Open), (72 bytes).
    Removing llos.o(.ARM.exidx.text.LLOS_Device_Open), (8 bytes).
    Removing llos.o(.text.LLOS_Device_Close), (72 bytes).
    Removing llos.o(.ARM.exidx.text.LLOS_Device_Close), (8 bytes).
    Removing llos.o(.text.LLOS_Device_Read), (88 bytes).
    Removing llos.o(.ARM.exidx.text.LLOS_Device_Read), (8 bytes).
    Removing llos.o(.text.LLOS_Device_Write), (88 bytes).
    Removing llos.o(.ARM.exidx.text.LLOS_Device_Write), (8 bytes).
    Removing llos.o(.text.LLOS_Device_WriteRead), (92 bytes).
    Removing llos.o(.ARM.exidx.text.LLOS_Device_WriteRead), (8 bytes).
    Removing llos.o(.text.LLOS_Device_ReadPin), (72 bytes).
    Removing llos.o(.ARM.exidx.text.LLOS_Device_ReadPin), (8 bytes).
    Removing llos.o(.text.LLOS_Device_WritePin), (72 bytes).
    Removing llos.o(.ARM.exidx.text.LLOS_Device_WritePin), (8 bytes).
    Removing llos.o(.text.LLOS_Device_DMARead), (88 bytes).
    Removing llos.o(.ARM.exidx.text.LLOS_Device_DMARead), (8 bytes).
    Removing llos.o(.text.LLOS_Device_DMAWrite), (92 bytes).
    Removing llos.o(.ARM.exidx.text.LLOS_Device_DMAWrite), (8 bytes).
    Removing llos.o(.text.LLOS_Device_Ctrl), (68 bytes).
    Removing llos.o(.ARM.exidx.text.LLOS_Device_Ctrl), (8 bytes).
    Removing llos.o(.text.LLOS_Cmd_IDN), (80 bytes).
    Removing llos.o(.ARM.exidx.text.LLOS_Cmd_IDN), (8 bytes).
    Removing llos.o(.text.LLOS_Cmd_RST), (34 bytes).
    Removing llos.o(.ARM.exidx.text.LLOS_Cmd_RST), (8 bytes).
    Removing llos.o(.text.LLOS_Cmd_Init), (260 bytes).
    Removing llos.o(.ARM.exidx.text.LLOS_Cmd_Init), (8 bytes).
    Removing llos.o(.text.compare), (40 bytes).
    Removing llos.o(.ARM.exidx.text.compare), (8 bytes).
    Removing llos.o(.text.LLOS_Cmd_Input), (204 bytes).
    Removing llos.o(.ARM.exidx.text.LLOS_Cmd_Input), (8 bytes).
    Removing llos.o(.text.LLOS_Cmd_ParamBool), (288 bytes).
    Removing llos.o(.ARM.exidx.text.LLOS_Cmd_ParamBool), (8 bytes).
    Removing llos.o(.text.Trim), (104 bytes).
    Removing llos.o(.ARM.exidx.text.Trim), (8 bytes).
    Removing llos.o(.text.LLOS_Cmd_ParamFloat), (636 bytes).
    Removing llos.o(.ARM.exidx.text.LLOS_Cmd_ParamFloat), (8 bytes).
    Removing llos.o(.text.LLOS_Cmd_ParamInt32), (656 bytes).
    Removing llos.o(.ARM.exidx.text.LLOS_Cmd_ParamInt32), (8 bytes).
    Removing llos.o(.text.LLOS_Cmd_ParamCopyText), (276 bytes).
    Removing llos.o(.ARM.exidx.text.LLOS_Cmd_ParamCopyText), (8 bytes).
    Removing llos.o(.rodata.table_mon), (12 bytes).
    Removing llos.o(.bss.LLOS_RTC_GetDate.daycnt), (2 bytes).
    Removing llos.o(.bss.ll_calendar), (8 bytes).
    Removing llos.o(.bss.ll_errHandler_hook), (4 bytes).
    Removing llos.o(.bss.deviceIndex), (1 bytes).
    Removing llos.o(.bss.pvid), (4 bytes).
    Removing llos.o(.bss.ppid), (4 bytes).
    Removing llos.o(.bss.pversion), (4 bytes).
    Removing llos.o(.bss.psn), (4 bytes).
    Removing llos.o(.bss.ll_cmd_bufSize), (2 bytes).
    Removing llos.o(.bss.context), (8 bytes).
    Removing system.o(.text), (0 bytes).
    Removing system.o(.ARM.exidx.text.System_Init), (8 bytes).
    Removing system.o(.ARM.exidx.text.__NVIC_SystemReset), (8 bytes).
    Removing system.o(.ARM.exidx.text.System_Loop), (8 bytes).
    Removing system.o(.ARM.exidx.text.fputc), (8 bytes).
    Removing system.o(.ARM.exidx.text.HAL_UART_IdleCallback), (8 bytes).
    Removing task0.o(.text), (0 bytes).
    Removing task0.o(.ARM.exidx.text.Task0_Init), (8 bytes).
    Removing task0.o(.ARM.exidx.text.Task0_Events), (8 bytes).
    Removing task1.o(.text), (0 bytes).
    Removing task1.o(.ARM.exidx.text.Task1_Init), (8 bytes).
    Removing task1.o(.ARM.exidx.text.Task1_Events), (8 bytes).
    Removing fmul.o(.text), (100 bytes).
    Removing fdiv.o(.text), (124 bytes).
    Removing dflti.o(.text), (34 bytes).
    Removing dfixi.o(.text), (62 bytes).
    Removing f2d.o(.text), (38 bytes).
    Removing fepilogue.o(.text), (110 bytes).
    Removing dfltul.o(.text), (24 bytes).
    Removing d2f.o(.text), (56 bytes).

508 unused section(s) (total 18568 bytes) removed from the image.

==============================================================================

Image Symbol Table

    Local Symbols

    Symbol Name                              Value     Ov Type        Size  Object(Section)

    ../clib/division.s                       0x00000000   Number         0  aeabi_sdiv.o ABSOLUTE
    ../clib/microlib/ctype/ctype.c           0x00000000   Number         0  ctype_o.o ABSOLUTE
    ../clib/microlib/ctype/ctype.c           0x00000000   Number         0  isalnum_o.o ABSOLUTE
    ../clib/microlib/ctype/ctype.c           0x00000000   Number         0  isalpha_o.o ABSOLUTE
    ../clib/microlib/ctype/ctype.c           0x00000000   Number         0  isblank_o.o ABSOLUTE
    ../clib/microlib/ctype/ctype.c           0x00000000   Number         0  iscntrl_o.o ABSOLUTE
    ../clib/microlib/ctype/ctype.c           0x00000000   Number         0  isdigit_o.o ABSOLUTE
    ../clib/microlib/ctype/ctype.c           0x00000000   Number         0  isgraph_o.o ABSOLUTE
    ../clib/microlib/ctype/ctype.c           0x00000000   Number         0  islower_o.o ABSOLUTE
    ../clib/microlib/ctype/ctype.c           0x00000000   Number         0  isprint_o.o ABSOLUTE
    ../clib/microlib/ctype/ctype.c           0x00000000   Number         0  ispunct_o.o ABSOLUTE
    ../clib/microlib/ctype/ctype.c           0x00000000   Number         0  isspace_o.o ABSOLUTE
    ../clib/microlib/ctype/ctype.c           0x00000000   Number         0  isupper_o.o ABSOLUTE
    ../clib/microlib/ctype/ctype.c           0x00000000   Number         0  isxdigit_o.o ABSOLUTE
    ../clib/microlib/ctype/ctype.c           0x00000000   Number         0  isspace_c.o ABSOLUTE
    ../clib/microlib/ctype/ctype.c           0x00000000   Number         0  ctype_c.o ABSOLUTE
    ../clib/microlib/ctype/tolower.c         0x00000000   Number         0  tolower.o ABSOLUTE
    ../clib/microlib/division.c              0x00000000   Number         0  uldiv.o ABSOLUTE
    ../clib/microlib/division.c              0x00000000   Number         0  uidiv.o ABSOLUTE
    ../clib/microlib/errno.c                 0x00000000   Number         0  errno.o ABSOLUTE
    ../clib/microlib/init/entry.s            0x00000000   Number         0  entry.o ABSOLUTE
    ../clib/microlib/init/entry.s            0x00000000   Number         0  entry2.o ABSOLUTE
    ../clib/microlib/init/entry.s            0x00000000   Number         0  entry5.o ABSOLUTE
    ../clib/microlib/init/entry.s            0x00000000   Number         0  entry7a.o ABSOLUTE
    ../clib/microlib/init/entry.s            0x00000000   Number         0  entry7b.o ABSOLUTE
    ../clib/microlib/init/entry.s            0x00000000   Number         0  entry8a.o ABSOLUTE
    ../clib/microlib/init/entry.s            0x00000000   Number         0  entry8b.o ABSOLUTE
    ../clib/microlib/init/entry.s            0x00000000   Number         0  entry9a.o ABSOLUTE
    ../clib/microlib/init/entry.s            0x00000000   Number         0  entry9b.o ABSOLUTE
    ../clib/microlib/init/entry.s            0x00000000   Number         0  entry10a.o ABSOLUTE
    ../clib/microlib/init/entry.s            0x00000000   Number         0  entry10b.o ABSOLUTE
    ../clib/microlib/init/entry.s            0x00000000   Number         0  entry11a.o ABSOLUTE
    ../clib/microlib/init/entry.s            0x00000000   Number         0  entry11b.o ABSOLUTE
    ../clib/microlib/longlong.c              0x00000000   Number         0  llshl.o ABSOLUTE
    ../clib/microlib/longlong.c              0x00000000   Number         0  llushr.o ABSOLUTE
    ../clib/microlib/longlong.c              0x00000000   Number         0  llsshr.o ABSOLUTE
    ../clib/microlib/printf/printf.c         0x00000000   Number         0  printfb.o ABSOLUTE
    ../clib/microlib/printf/printf.c         0x00000000   Number         0  printf0.o ABSOLUTE
    ../clib/microlib/printf/printf.c         0x00000000   Number         0  printf1.o ABSOLUTE
    ../clib/microlib/printf/printf.c         0x00000000   Number         0  printf2.o ABSOLUTE
    ../clib/microlib/printf/printf.c         0x00000000   Number         0  printf3.o ABSOLUTE
    ../clib/microlib/printf/printf.c         0x00000000   Number         0  printf4.o ABSOLUTE
    ../clib/microlib/printf/printf.c         0x00000000   Number         0  printf5.o ABSOLUTE
    ../clib/microlib/printf/printf.c         0x00000000   Number         0  printf6.o ABSOLUTE
    ../clib/microlib/printf/printf.c         0x00000000   Number         0  printf7.o ABSOLUTE
    ../clib/microlib/printf/printf.c         0x00000000   Number         0  printf8.o ABSOLUTE
    ../clib/microlib/printf/printf.c         0x00000000   Number         0  printfa.o ABSOLUTE
    ../clib/microlib/printf/stubs.s          0x00000000   Number         0  printfstubs.o ABSOLUTE
    ../clib/microlib/stdio/puts.c            0x00000000   Number         0  puts.o ABSOLUTE
    ../clib/microlib/stdio/puts.c            0x00000000   Number         0  puts_e.o ABSOLUTE
    ../clib/microlib/stdio/streams.c         0x00000000   Number         0  stdout.o ABSOLUTE
    ../clib/microlib/stdlib/qsort.c          0x00000000   Number         0  qsort.o ABSOLUTE
    ../clib/microlib/string/strchr.c         0x00000000   Number         0  strchr.o ABSOLUTE
    ../clib/microlib/string/strcmp.c         0x00000000   Number         0  strcmp.o ABSOLUTE
    ../clib/microlib/string/strcpy.c         0x00000000   Number         0  strcpy.o ABSOLUTE
    ../clib/microlib/string/strlen.c         0x00000000   Number         0  strlen.o ABSOLUTE
    ../clib/microlib/string/strncasecmp.c    0x00000000   Number         0  strncasecmp.o ABSOLUTE
    ../clib/microlib/string/strncmp.c        0x00000000   Number         0  strncmp.o ABSOLUTE
    ../clib/microlib/string/strncpy.c        0x00000000   Number         0  strncpy.o ABSOLUTE
    ../clib/microlib/stubs.s                 0x00000000   Number         0  iusefp.o ABSOLUTE
    ../clib/scanf.c                          0x00000000   Number         0  strtol.o ABSOLUTE
    ../clib/scanf.c                          0x00000000   Number         0  _strtoul.o ABSOLUTE
    ../clib/scanf.c                          0x00000000   Number         0  strtof.o ABSOLUTE
    ../clib/scanf.c                          0x00000000   Number         0  _chval.o ABSOLUTE
    ../clib/scanf.c                          0x00000000   Number         0  strtod.o ABSOLUTE
    ../clib/scanf.c                          0x00000000   Number         0  scanf_fp.o ABSOLUTE
    ../clib/scanf.c                          0x00000000   Number         0  _sgetc.o ABSOLUTE
    ../fplib/microlib/d2f.c                  0x00000000   Number         0  d2f.o ABSOLUTE
    ../fplib/microlib/f2d.c                  0x00000000   Number         0  f2d.o ABSOLUTE
    ../fplib/microlib/fpadd.c                0x00000000   Number         0  dadd.o ABSOLUTE
    ../fplib/microlib/fpdiv.c                0x00000000   Number         0  fdiv.o ABSOLUTE
    ../fplib/microlib/fpdiv.c                0x00000000   Number         0  ddiv.o ABSOLUTE
    ../fplib/microlib/fpepilogue.c           0x00000000   Number         0  fepilogue.o ABSOLUTE
    ../fplib/microlib/fpepilogue.c           0x00000000   Number         0  depilogue.o ABSOLUTE
    ../fplib/microlib/fpfix.c                0x00000000   Number         0  dfixi.o ABSOLUTE
    ../fplib/microlib/fpfix.c                0x00000000   Number         0  dfixul.o ABSOLUTE
    ../fplib/microlib/fpflt.c                0x00000000   Number         0  dflti.o ABSOLUTE
    ../fplib/microlib/fpflt.c                0x00000000   Number         0  dfltul.o ABSOLUTE
    ../fplib/microlib/fpmul.c                0x00000000   Number         0  fmul.o ABSOLUTE
    ../fplib/microlib/fpmul.c                0x00000000   Number         0  dmul.o ABSOLUTE
    ../mathlib/strtof.c                      0x00000000   Number         0  strtof.o ABSOLUTE
    cdrcmple.s                               0x00000000   Number         0  cdrcmple.o ABSOLUTE
    dc.s                                     0x00000000   Number         0  dc.o ABSOLUTE
    dma.c                                    0x00000000   Number         0  dma.o ABSOLUTE
    gpio.c                                   0x00000000   Number         0  gpio.o ABSOLUTE
    handlers.s                               0x00000000   Number         0  handlers.o ABSOLUTE
    init.s                                   0x00000000   Number         0  init.o ABSOLUTE
    llos.c                                   0x00000000   Number         0  llos.o ABSOLUTE
    llos_conf.c                              0x00000000   Number         0  llos_conf.o ABSOLUTE
    main.c                                   0x00000000   Number         0  main.o ABSOLUTE
    startup_stm32f103xb.s                    0x00000000   Number         0  startup_stm32f103xb.o ABSOLUTE
    stm32f1xx_hal.c                          0x00000000   Number         0  stm32f1xx_hal.o ABSOLUTE
    stm32f1xx_hal_cortex.c                   0x00000000   Number         0  stm32f1xx_hal_cortex.o ABSOLUTE
    stm32f1xx_hal_dma.c                      0x00000000   Number         0  stm32f1xx_hal_dma.o ABSOLUTE
    stm32f1xx_hal_exti.c                     0x00000000   Number         0  stm32f1xx_hal_exti.o ABSOLUTE
    stm32f1xx_hal_flash.c                    0x00000000   Number         0  stm32f1xx_hal_flash.o ABSOLUTE
    stm32f1xx_hal_flash_ex.c                 0x00000000   Number         0  stm32f1xx_hal_flash_ex.o ABSOLUTE
    stm32f1xx_hal_gpio.c                     0x00000000   Number         0  stm32f1xx_hal_gpio.o ABSOLUTE
    stm32f1xx_hal_gpio_ex.c                  0x00000000   Number         0  stm32f1xx_hal_gpio_ex.o ABSOLUTE
    stm32f1xx_hal_msp.c                      0x00000000   Number         0  stm32f1xx_hal_msp.o ABSOLUTE
    stm32f1xx_hal_pwr.c                      0x00000000   Number         0  stm32f1xx_hal_pwr.o ABSOLUTE
    stm32f1xx_hal_rcc.c                      0x00000000   Number         0  stm32f1xx_hal_rcc.o ABSOLUTE
    stm32f1xx_hal_rcc_ex.c                   0x00000000   Number         0  stm32f1xx_hal_rcc_ex.o ABSOLUTE
    stm32f1xx_hal_tim.c                      0x00000000   Number         0  stm32f1xx_hal_tim.o ABSOLUTE
    stm32f1xx_hal_tim_ex.c                   0x00000000   Number         0  stm32f1xx_hal_tim_ex.o ABSOLUTE
    stm32f1xx_hal_uart.c                     0x00000000   Number         0  stm32f1xx_hal_uart.o ABSOLUTE
    stm32f1xx_it.c                           0x00000000   Number         0  stm32f1xx_it.o ABSOLUTE
    system.c                                 0x00000000   Number         0  system.o ABSOLUTE
    system_stm32f1xx.c                       0x00000000   Number         0  system_stm32f1xx.o ABSOLUTE
    task0.c                                  0x00000000   Number         0  task0.o ABSOLUTE
    task1.c                                  0x00000000   Number         0  task1.o ABSOLUTE
    usart.c                                  0x00000000   Number         0  usart.o ABSOLUTE
    RESET                                    0x08000000   Section      236  startup_stm32f103xb.o(RESET)
    .ARM.Collect$$$$00000000                 0x080000ec   Section        0  entry.o(.ARM.Collect$$$$00000000)
    .ARM.Collect$$$$00000001                 0x080000ec   Section        4  entry2.o(.ARM.Collect$$$$00000001)
    .ARM.Collect$$$$00000004                 0x080000f0   Section        4  entry5.o(.ARM.Collect$$$$00000004)
    .ARM.Collect$$$$00000008                 0x080000f4   Section        0  entry7b.o(.ARM.Collect$$$$00000008)
    .ARM.Collect$$$$0000000A                 0x080000f4   Section        0  entry8b.o(.ARM.Collect$$$$0000000A)
    .ARM.Collect$$$$0000000B                 0x080000f4   Section        8  entry9a.o(.ARM.Collect$$$$0000000B)
    __lit__00000000                          0x080000fc   Data           4  entry2.o(.ARM.Collect$$$$00002712)
    .ARM.Collect$$$$0000000D                 0x080000fc   Section        0  entry10a.o(.ARM.Collect$$$$0000000D)
    .ARM.Collect$$$$0000000F                 0x080000fc   Section        0  entry11a.o(.ARM.Collect$$$$0000000F)
    .ARM.Collect$$$$00002712                 0x080000fc   Section        4  entry2.o(.ARM.Collect$$$$00002712)
    .text                                    0x08000100   Section       36  startup_stm32f103xb.o(.text)
    .text                                    0x08000124   Section        0  uldiv.o(.text)
    .text                                    0x08000186   Section        0  dmul.o(.text)
    .text                                    0x0800026a   Section        0  ddiv.o(.text)
    .text                                    0x08000348   Section        0  uidiv.o(.text)
    .text                                    0x08000374   Section        0  llshl.o(.text)
    .text                                    0x08000392   Section        0  llushr.o(.text)
    .text                                    0x080003b2   Section        0  iusefp.o(.text)
    .text                                    0x080003b2   Section        0  depilogue.o(.text)
    .text                                    0x0800046c   Section        0  dadd.o(.text)
    .text                                    0x080005ba   Section        0  dfixul.o(.text)
    .text                                    0x080005ec   Section       48  cdrcmple.o(.text)
    .text                                    0x0800061c   Section       48  init.o(.text)
    .text                                    0x0800064c   Section        0  llsshr.o(.text)
    [Anonymous Symbol]                       0x08000670   Section        0  stm32f1xx_it.o(.text.BusFault_Handler)
    [Anonymous Symbol]                       0x08000672   Section        0  stm32f1xx_it.o(.text.DMA1_Channel4_IRQHandler)
    [Anonymous Symbol]                       0x0800067e   Section        0  stm32f1xx_it.o(.text.DMA1_Channel5_IRQHandler)
    [Anonymous Symbol]                       0x0800068a   Section        0  stm32f1xx_it.o(.text.DebugMon_Handler)
    [Anonymous Symbol]                       0x0800068c   Section        0  main.o(.text.Error_Handler)
    [Anonymous Symbol]                       0x08000696   Section        0  stm32f1xx_hal_dma.o(.text.HAL_DMA_Abort)
    [Anonymous Symbol]                       0x080006d6   Section        0  stm32f1xx_hal_dma.o(.text.HAL_DMA_Abort_IT)
    [Anonymous Symbol]                       0x08000786   Section        0  stm32f1xx_hal_dma.o(.text.HAL_DMA_IRQHandler)
    [Anonymous Symbol]                       0x080008ec   Section        0  stm32f1xx_hal_dma.o(.text.HAL_DMA_Init)
    [Anonymous Symbol]                       0x08000972   Section        0  stm32f1xx_hal_dma.o(.text.HAL_DMA_Start_IT)
    [Anonymous Symbol]                       0x08000a10   Section        0  stm32f1xx_hal.o(.text.HAL_Delay)
    [Anonymous Symbol]                       0x08000a38   Section        0  stm32f1xx_hal_gpio.o(.text.HAL_GPIO_Init)
    [Anonymous Symbol]                       0x08000c28   Section        0  stm32f1xx_hal_gpio.o(.text.HAL_GPIO_WritePin)
    [Anonymous Symbol]                       0x08000c32   Section        0  stm32f1xx_hal.o(.text.HAL_GetTick)
    [Anonymous Symbol]                       0x08000c3e   Section        0  stm32f1xx_hal.o(.text.HAL_IncTick)
    [Anonymous Symbol]                       0x08000c58   Section        0  stm32f1xx_hal.o(.text.HAL_Init)
    [Anonymous Symbol]                       0x08000c7e   Section        0  stm32f1xx_hal.o(.text.HAL_InitTick)
    [Anonymous Symbol]                       0x08000cce   Section        0  stm32f1xx_hal_msp.o(.text.HAL_MspInit)
    [Anonymous Symbol]                       0x08000d10   Section        0  stm32f1xx_hal_cortex.o(.text.HAL_NVIC_EnableIRQ)
    [Anonymous Symbol]                       0x08000d30   Section        0  stm32f1xx_hal_cortex.o(.text.HAL_NVIC_SetPriority)
    [Anonymous Symbol]                       0x08000d86   Section        0  stm32f1xx_hal_cortex.o(.text.HAL_NVIC_SetPriorityGrouping)
    [Anonymous Symbol]                       0x08000da6   Section        0  stm32f1xx_hal_rcc.o(.text.HAL_RCC_CSSCallback)
    [Anonymous Symbol]                       0x08000da8   Section        0  stm32f1xx_hal_rcc.o(.text.HAL_RCC_ClockConfig)
    [Anonymous Symbol]                       0x08000f18   Section        0  stm32f1xx_hal_rcc.o(.text.HAL_RCC_EnableCSS)
    [Anonymous Symbol]                       0x08000f24   Section        0  stm32f1xx_hal_rcc.o(.text.HAL_RCC_GetPCLK1Freq)
    [Anonymous Symbol]                       0x08000f4a   Section        0  stm32f1xx_hal_rcc.o(.text.HAL_RCC_GetPCLK2Freq)
    [Anonymous Symbol]                       0x08000f70   Section        0  stm32f1xx_hal_rcc.o(.text.HAL_RCC_GetSysClockFreq)
    HAL_RCC_GetSysClockFreq.aPLLMULFactorTable 0x08000fc8   Number         0  stm32f1xx_hal_rcc.o(.text.HAL_RCC_GetSysClockFreq)
    HAL_RCC_GetSysClockFreq.aPredivFactorTable 0x08000fd8   Number         0  stm32f1xx_hal_rcc.o(.text.HAL_RCC_GetSysClockFreq)
    [Anonymous Symbol]                       0x08000fdc   Section        0  stm32f1xx_hal_rcc.o(.text.HAL_RCC_NMI_IRQHandler)
    [Anonymous Symbol]                       0x08000ff8   Section        0  stm32f1xx_hal_rcc.o(.text.HAL_RCC_OscConfig)
    [Anonymous Symbol]                       0x0800135c   Section        0  stm32f1xx_hal_cortex.o(.text.HAL_SYSTICK_Config)
    [Anonymous Symbol]                       0x08001388   Section        0  stm32f1xx_hal_uart.o(.text.HAL_UARTEx_RxEventCallback)
    [Anonymous Symbol]                       0x0800138c   Section        0  stm32f1xx_hal_uart.o(.text.HAL_UART_DMAStop)
    [Anonymous Symbol]                       0x08001412   Section        0  stm32f1xx_hal_uart.o(.text.HAL_UART_ErrorCallback)
    [Anonymous Symbol]                       0x08001414   Section        0  stm32f1xx_hal_uart.o(.text.HAL_UART_IRQHandler)
    [Anonymous Symbol]                       0x080016c8   Section        0  system.o(.text.HAL_UART_IdleCallback)
    [Anonymous Symbol]                       0x08001778   Section        0  stm32f1xx_hal_uart.o(.text.HAL_UART_Init)
    [Anonymous Symbol]                       0x080017d6   Section        0  usart.o(.text.HAL_UART_MspInit)
    [Anonymous Symbol]                       0x080018c8   Section        0  stm32f1xx_hal_uart.o(.text.HAL_UART_Receive_DMA)
    [Anonymous Symbol]                       0x080018ea   Section        0  stm32f1xx_hal_uart.o(.text.HAL_UART_RxCpltCallback)
    [Anonymous Symbol]                       0x080018ec   Section        0  stm32f1xx_hal_uart.o(.text.HAL_UART_RxHalfCpltCallback)
    [Anonymous Symbol]                       0x080018f0   Section        0  stm32f1xx_hal_uart.o(.text.HAL_UART_Transmit)
    [Anonymous Symbol]                       0x0800199a   Section        0  stm32f1xx_hal_uart.o(.text.HAL_UART_TxCpltCallback)
    [Anonymous Symbol]                       0x0800199c   Section        0  stm32f1xx_it.o(.text.HardFault_Handler)
    [Anonymous Symbol]                       0x0800199e   Section        0  llos.o(.text.LLOS_Get_TaskNum)
    [Anonymous Symbol]                       0x080019ac   Section        0  llos.o(.text.LLOS_Init)
    [Anonymous Symbol]                       0x08001bbc   Section        0  llos.o(.text.LLOS_Loop)
    [Anonymous Symbol]                       0x08001d34   Section        0  llos.o(.text.LLOS_Ms_To_Tick)
    [Anonymous Symbol]                       0x08001d48   Section        0  llos.o(.text.LLOS_Msg_Clear)
    [Anonymous Symbol]                       0x08001da8   Section        0  llos.o(.text.LLOS_Msg_Receive)
    [Anonymous Symbol]                       0x08001db8   Section        0  llos.o(.text.LLOS_Msg_Send)
    [Anonymous Symbol]                       0x08001e20   Section        0  llos.o(.text.LLOS_Register_Events)
    [Anonymous Symbol]                       0x08001e80   Section        0  llos.o(.text.LLOS_Start_Event)
    [Anonymous Symbol]                       0x08001f1c   Section        0  llos.o(.text.LLOS_Tick_Increase)
    [Anonymous Symbol]                       0x08002030   Section        0  llos.o(.text.LLOS_malloc)
    [Anonymous Symbol]                       0x080020ce   Section        0  dma.o(.text.MX_DMA_Init)
    [Anonymous Symbol]                       0x08002112   Section        0  gpio.o(.text.MX_GPIO_Init)
    [Anonymous Symbol]                       0x080021ac   Section        0  usart.o(.text.MX_USART1_UART_Init)
    [Anonymous Symbol]                       0x080021e8   Section        0  stm32f1xx_it.o(.text.MemManage_Handler)
    [Anonymous Symbol]                       0x080021ec   Section        0  stm32f1xx_it.o(.text.NMI_Handler)
    [Anonymous Symbol]                       0x080021f2   Section        0  stm32f1xx_it.o(.text.PendSV_Handler)
    [Anonymous Symbol]                       0x080021f4   Section        0  stm32f1xx_it.o(.text.SVC_Handler)
    [Anonymous Symbol]                       0x080021f6   Section        0  stm32f1xx_it.o(.text.SysTick_Handler)
    [Anonymous Symbol]                       0x08002208   Section        0  main.o(.text.SystemClock_Config)
    [Anonymous Symbol]                       0x0800226e   Section        0  system_stm32f1xx.o(.text.SystemInit)
    [Anonymous Symbol]                       0x08002270   Section        0  system.o(.text.System_Init)
    [Anonymous Symbol]                       0x08002300   Section        0  system.o(.text.System_Loop)
    Task0_Events                             0x08002331   Thumb Code    60  task0.o(.text.Task0_Events)
    [Anonymous Symbol]                       0x08002330   Section        0  task0.o(.text.Task0_Events)
    [Anonymous Symbol]                       0x0800239c   Section        0  task0.o(.text.Task0_Init)
    Task1_Events                             0x080023e9   Thumb Code    52  task1.o(.text.Task1_Events)
    [Anonymous Symbol]                       0x080023e8   Section        0  task1.o(.text.Task1_Events)
    [Anonymous Symbol]                       0x08002428   Section        0  task1.o(.text.Task1_Init)
    UART_DMAAbortOnError                     0x0800248d   Thumb Code    12  stm32f1xx_hal_uart.o(.text.UART_DMAAbortOnError)
    [Anonymous Symbol]                       0x0800248c   Section        0  stm32f1xx_hal_uart.o(.text.UART_DMAAbortOnError)
    UART_DMAError                            0x08002499   Thumb Code   100  stm32f1xx_hal_uart.o(.text.UART_DMAError)
    [Anonymous Symbol]                       0x08002498   Section        0  stm32f1xx_hal_uart.o(.text.UART_DMAError)
    UART_DMAReceiveCplt                      0x080024fd   Thumb Code   128  stm32f1xx_hal_uart.o(.text.UART_DMAReceiveCplt)
    [Anonymous Symbol]                       0x080024fc   Section        0  stm32f1xx_hal_uart.o(.text.UART_DMAReceiveCplt)
    UART_DMARxHalfCplt                       0x0800257d   Thumb Code    24  stm32f1xx_hal_uart.o(.text.UART_DMARxHalfCplt)
    [Anonymous Symbol]                       0x0800257c   Section        0  stm32f1xx_hal_uart.o(.text.UART_DMARxHalfCplt)
    UART_EndRxTransfer                       0x08002595   Thumb Code    80  stm32f1xx_hal_uart.o(.text.UART_EndRxTransfer)
    [Anonymous Symbol]                       0x08002594   Section        0  stm32f1xx_hal_uart.o(.text.UART_EndRxTransfer)
    UART_Receive_IT                          0x080025e5   Thumb Code   190  stm32f1xx_hal_uart.o(.text.UART_Receive_IT)
    [Anonymous Symbol]                       0x080025e4   Section        0  stm32f1xx_hal_uart.o(.text.UART_Receive_IT)
    UART_SetConfig                           0x080026a3   Thumb Code   146  stm32f1xx_hal_uart.o(.text.UART_SetConfig)
    [Anonymous Symbol]                       0x080026a2   Section        0  stm32f1xx_hal_uart.o(.text.UART_SetConfig)
    [Anonymous Symbol]                       0x08002734   Section        0  stm32f1xx_hal_uart.o(.text.UART_Start_Receive_DMA)
    UART_WaitOnFlagUntilTimeout              0x080027cd   Thumb Code   122  stm32f1xx_hal_uart.o(.text.UART_WaitOnFlagUntilTimeout)
    [Anonymous Symbol]                       0x080027cc   Section        0  stm32f1xx_hal_uart.o(.text.UART_WaitOnFlagUntilTimeout)
    [Anonymous Symbol]                       0x08002846   Section        0  stm32f1xx_it.o(.text.USART1_IRQHandler)
    [Anonymous Symbol]                       0x08002860   Section        0  stm32f1xx_it.o(.text.UsageFault_Handler)
    __NVIC_SystemReset                       0x08002865   Thumb Code    36  system.o(.text.__NVIC_SystemReset)
    [Anonymous Symbol]                       0x08002864   Section        0  system.o(.text.__NVIC_SystemReset)
    [Anonymous Symbol]                       0x08002888   Section        0  system.o(.text.fputc)
    [Anonymous Symbol]                       0x080028a8   Section        0  main.o(.text.main)
    i.__0printf                              0x080028c8   Section        0  printfa.o(i.__0printf)
    i.__scatterload_copy                     0x080028e8   Section       14  handlers.o(i.__scatterload_copy)
    i.__scatterload_null                     0x080028f6   Section        2  handlers.o(i.__scatterload_null)
    i.__scatterload_zeroinit                 0x080028f8   Section       14  handlers.o(i.__scatterload_zeroinit)
    _fp_digits                               0x08002909   Thumb Code   366  printfa.o(i._fp_digits)
    i._fp_digits                             0x08002908   Section        0  printfa.o(i._fp_digits)
    _printf_core                             0x08002a8d   Thumb Code  1744  printfa.o(i._printf_core)
    i._printf_core                           0x08002a8c   Section        0  printfa.o(i._printf_core)
    _printf_post_padding                     0x08003169   Thumb Code    36  printfa.o(i._printf_post_padding)
    i._printf_post_padding                   0x08003168   Section        0  printfa.o(i._printf_post_padding)
    _printf_pre_padding                      0x0800318d   Thumb Code    46  printfa.o(i._printf_pre_padding)
    i._printf_pre_padding                    0x0800318c   Section        0  printfa.o(i._printf_pre_padding)
    i.puts                                   0x080031bc   Section        0  puts.o(i.puts)
    .Lstr.84                                 0x080031f8   Data          52  llos.o(.rodata.str1.1)
    [Anonymous Symbol]                       0x080031f8   Section        0  llos.o(.rodata.str1.1)
    .L.str.50                                0x080031ff   Data           3  llos.o(.rodata.str1.1)
    .L.str.51                                0x08003202   Data           3  llos.o(.rodata.str1.1)
    .L.str.52                                0x08003205   Data           3  llos.o(.rodata.str1.1)
    .L.str.53                                0x08003208   Data           3  llos.o(.rodata.str1.1)
    .L.str.54                                0x0800320b   Data           3  llos.o(.rodata.str1.1)
    .L.str.55                                0x0800320e   Data           3  llos.o(.rodata.str1.1)
    .L.str.56                                0x08003211   Data           3  llos.o(.rodata.str1.1)
    .L.str.57                                0x08003214   Data           3  llos.o(.rodata.str1.1)
    .L.str.58                                0x08003217   Data           3  llos.o(.rodata.str1.1)
    .L.str.59                                0x0800321a   Data           3  llos.o(.rodata.str1.1)
    .L.str.60                                0x0800321d   Data           3  llos.o(.rodata.str1.1)
    .L.str.61                                0x08003220   Data           3  llos.o(.rodata.str1.1)
    .L.str.62                                0x08003223   Data           4  llos.o(.rodata.str1.1)
    .L.str.63                                0x08003227   Data           4  llos.o(.rodata.str1.1)
    .L.str.64                                0x0800322b   Data           5  llos.o(.rodata.str1.1)
    .Lstr.85                                 0x0800322c   Data          52  llos.o(.rodata.str1.1)
    .L.str.65                                0x08003230   Data           4  llos.o(.rodata.str1.1)
    .L.str.66                                0x08003234   Data           5  llos.o(.rodata.str1.1)
    .L.str.67                                0x08003239   Data           5  llos.o(.rodata.str1.1)
    .Lstr                                    0x08003260   Data          52  llos.o(.rodata.str1.1)
    .Lstr.86                                 0x08003294   Data          52  llos.o(.rodata.str1.1)
    .Lstr.93                                 0x080032c8   Data          62  llos.o(.rodata.str1.1)
    .Lstr.94                                 0x08003306   Data          44  llos.o(.rodata.str1.1)
    .Lstr.90                                 0x08003332   Data          50  llos.o(.rodata.str1.1)
    .Lstr.92                                 0x08003364   Data          50  llos.o(.rodata.str1.1)
    .Lstr.88                                 0x08003396   Data          52  llos.o(.rodata.str1.1)
    .Lstr.91                                 0x080033ca   Data          46  llos.o(.rodata.str1.1)
    .Lstr.89                                 0x080033f8   Data          48  llos.o(.rodata.str1.1)
    .L.str.13                                0x08003428   Data           7  llos.o(.rodata.str1.1)
    [Anonymous Symbol]                       0x0800342f   Section        0  task1.o(.rodata.str1.1)
    .Lstr.105                                0x0800346e   Data          39  llos.o(.rodata.str1.1)
    .Lstr.121                                0x08003495   Data          53  llos.o(.rodata.str1.1)
    .Lstr.125                                0x080034ca   Data          60  llos.o(.rodata.str1.1)
    .Lstr.128                                0x08003506   Data          60  llos.o(.rodata.str1.1)
    .Lstr.131                                0x08003542   Data          62  llos.o(.rodata.str1.1)
    .data                                    0x20000000   Section        4  stdout.o(.data)
    tickMultiple                             0x2000000a   Data           1  llos.o(.data.tickMultiple)
    alarm_list                               0x20000010   Data           4  llos.o(.bss.alarm_list)
    device_list                              0x20000014   Data           4  llos.o(.bss.device_list)
    eventCB_list                             0x20000018   Data           4  llos.o(.bss.eventCB_list)
    ll_LP_CB                                 0x200000ec   Data           4  llos.o(.bss.ll_LP_CB)
    ll_memCfgs.0                             0x200000f0   Data           4  llos.o(.bss.ll_memCfgs.0)
    ll_memCfgs.1                             0x200000f4   Data           2  llos.o(.bss.ll_memCfgs.1)
    ll_memCfgs.2                             0x200000f6   Data           1  llos.o(.bss.ll_memCfgs.2)
    ll_memCfgs.3                             0x200000f8   Data           1  llos.o(.bss.ll_memCfgs.3)
    ll_memCfgs.4                             0x200000fc   Data           1  llos.o(.bss.ll_memCfgs.4)
    ll_memCfgs.5                             0x20000100   Data           1  llos.o(.bss.ll_memCfgs.5)
    ll_osDelayCB.0                           0x20000104   Data           4  llos.o(.bss.ll_osDelayCB.0)
    ll_osDelayCB.1                           0x20000108   Data           4  llos.o(.bss.ll_osDelayCB.1)
    ll_system_reset_hook                     0x2000010c   Data           4  llos.o(.bss.ll_system_reset_hook)
    msg_list                                 0x20000110   Data           4  llos.o(.bss.msg_list)
    pMemPool                                 0x20000114   Data        4096  system.o(.bss.pMemPool)
    rtc                                      0x20001118   Data          16  llos.o(.bss.rtc)
    sysTick                                  0x20001128   Data           8  llos.o(.bss.sysTick)
    taskIndex                                0x20001130   Data           1  llos.o(.bss.taskIndex)
    timerCB_list                             0x20001134   Data           4  llos.o(.bss.timerCB_list)
    STACK                                    0x20001240   Section     1024  startup_stm32f103xb.o(STACK)

    Global Symbols

    Symbol Name                              Value     Ov Type        Size  Object(Section)

    BuildAttributes$$THM_ISAv4$P$D$K$B$S$PE$A:L22UL41UL21$X:L11$S22US41US21$IEEE1$IW$~IW$USESV6$~STKCKD$USESV7$~SHL$OTIME$ROPI$IEEEJ$EBA8$MICROLIB$REQ8$PRES8$EABIv2 0x00000000   Number         0  anon$$obj.o ABSOLUTE
    _printf_a                                0x00000000   Number         0  printfstubs.o ABSOLUTE
    _printf_c                                0x00000000   Number         0  printfstubs.o ABSOLUTE
    _printf_charcount                        0x00000000   Number         0  printfstubs.o ABSOLUTE
    _printf_d                                0x00000000   Number         0  printfstubs.o ABSOLUTE
    _printf_e                                0x00000000   Number         0  printfstubs.o ABSOLUTE
    _printf_f                                0x00000000   Number         0  printfstubs.o ABSOLUTE
    _printf_flags                            0x00000000   Number         0  printfstubs.o ABSOLUTE
    _printf_fp_dec                           0x00000000   Number         0  printfstubs.o ABSOLUTE
    _printf_fp_hex                           0x00000000   Number         0  printfstubs.o ABSOLUTE
    _printf_g                                0x00000000   Number         0  printfstubs.o ABSOLUTE
    _printf_i                                0x00000000   Number         0  printfstubs.o ABSOLUTE
    _printf_int_dec                          0x00000000   Number         0  printfstubs.o ABSOLUTE
    _printf_l                                0x00000000   Number         0  printfstubs.o ABSOLUTE
    _printf_lc                               0x00000000   Number         0  printfstubs.o ABSOLUTE
    _printf_ll                               0x00000000   Number         0  printfstubs.o ABSOLUTE
    _printf_lld                              0x00000000   Number         0  printfstubs.o ABSOLUTE
    _printf_lli                              0x00000000   Number         0  printfstubs.o ABSOLUTE
    _printf_llo                              0x00000000   Number         0  printfstubs.o ABSOLUTE
    _printf_llu                              0x00000000   Number         0  printfstubs.o ABSOLUTE
    _printf_llx                              0x00000000   Number         0  printfstubs.o ABSOLUTE
    _printf_longlong_dec                     0x00000000   Number         0  printfstubs.o ABSOLUTE
    _printf_longlong_hex                     0x00000000   Number         0  printfstubs.o ABSOLUTE
    _printf_longlong_oct                     0x00000000   Number         0  printfstubs.o ABSOLUTE
    _printf_ls                               0x00000000   Number         0  printfstubs.o ABSOLUTE
    _printf_mbtowc                           0x00000000   Number         0  printfstubs.o ABSOLUTE
    _printf_n                                0x00000000   Number         0  printfstubs.o ABSOLUTE
    _printf_o                                0x00000000   Number         0  printfstubs.o ABSOLUTE
    _printf_p                                0x00000000   Number         0  printfstubs.o ABSOLUTE
    _printf_percent                          0x00000000   Number         0  printfstubs.o ABSOLUTE
    _printf_pre_padding                      0x00000000   Number         0  printfstubs.o ABSOLUTE
    _printf_return_value                     0x00000000   Number         0  printfstubs.o ABSOLUTE
    _printf_s                                0x00000000   Number         0  printfstubs.o ABSOLUTE
    _printf_sizespec                         0x00000000   Number         0  printfstubs.o ABSOLUTE
    _printf_str                              0x00000000   Number         0  printfstubs.o ABSOLUTE
    _printf_truncate_signed                  0x00000000   Number         0  printfstubs.o ABSOLUTE
    _printf_truncate_unsigned                0x00000000   Number         0  printfstubs.o ABSOLUTE
    _printf_u                                0x00000000   Number         0  printfstubs.o ABSOLUTE
    _printf_wc                               0x00000000   Number         0  printfstubs.o ABSOLUTE
    _printf_wctomb                           0x00000000   Number         0  printfstubs.o ABSOLUTE
    _printf_widthprec                        0x00000000   Number         0  printfstubs.o ABSOLUTE
    _printf_x                                0x00000000   Number         0  printfstubs.o ABSOLUTE
    __cpp_initialize__aeabi_                  - Undefined Weak Reference
    __cxa_finalize                            - Undefined Weak Reference
    __decompress                              - Undefined Weak Reference
    _clock_init                               - Undefined Weak Reference
    _microlib_exit                            - Undefined Weak Reference
    __Vectors_Size                           0x000000ec   Number         0  startup_stm32f103xb.o ABSOLUTE
    __Vectors                                0x08000000   Data           4  startup_stm32f103xb.o(RESET)
    __Vectors_End                            0x080000ec   Data           0  startup_stm32f103xb.o(RESET)
    __main                                   0x080000ed   Thumb Code     0  entry.o(.ARM.Collect$$$$00000000)
    _main_stk                                0x080000ed   Thumb Code     0  entry2.o(.ARM.Collect$$$$00000001)
    _main_scatterload                        0x080000f1   Thumb Code     0  entry5.o(.ARM.Collect$$$$00000004)
    __main_after_scatterload                 0x080000f5   Thumb Code     0  entry5.o(.ARM.Collect$$$$00000004)
    _main_clock                              0x080000f5   Thumb Code     0  entry7b.o(.ARM.Collect$$$$00000008)
    _main_cpp_init                           0x080000f5   Thumb Code     0  entry8b.o(.ARM.Collect$$$$0000000A)
    _main_init                               0x080000f5   Thumb Code     0  entry9a.o(.ARM.Collect$$$$0000000B)
    __rt_final_cpp                           0x080000fd   Thumb Code     0  entry10a.o(.ARM.Collect$$$$0000000D)
    __rt_final_exit                          0x080000fd   Thumb Code     0  entry11a.o(.ARM.Collect$$$$0000000F)
    Reset_Handler                            0x08000101   Thumb Code     8  startup_stm32f103xb.o(.text)
    ADC1_2_IRQHandler                        0x0800011b   Thumb Code     0  startup_stm32f103xb.o(.text)
    CAN1_RX1_IRQHandler                      0x0800011b   Thumb Code     0  startup_stm32f103xb.o(.text)
    CAN1_SCE_IRQHandler                      0x0800011b   Thumb Code     0  startup_stm32f103xb.o(.text)
    DMA1_Channel1_IRQHandler                 0x0800011b   Thumb Code     0  startup_stm32f103xb.o(.text)
    DMA1_Channel2_IRQHandler                 0x0800011b   Thumb Code     0  startup_stm32f103xb.o(.text)
    DMA1_Channel3_IRQHandler                 0x0800011b   Thumb Code     0  startup_stm32f103xb.o(.text)
    DMA1_Channel6_IRQHandler                 0x0800011b   Thumb Code     0  startup_stm32f103xb.o(.text)
    DMA1_Channel7_IRQHandler                 0x0800011b   Thumb Code     0  startup_stm32f103xb.o(.text)
    EXTI0_IRQHandler                         0x0800011b   Thumb Code     0  startup_stm32f103xb.o(.text)
    EXTI15_10_IRQHandler                     0x0800011b   Thumb Code     0  startup_stm32f103xb.o(.text)
    EXTI1_IRQHandler                         0x0800011b   Thumb Code     0  startup_stm32f103xb.o(.text)
    EXTI2_IRQHandler                         0x0800011b   Thumb Code     0  startup_stm32f103xb.o(.text)
    EXTI3_IRQHandler                         0x0800011b   Thumb Code     0  startup_stm32f103xb.o(.text)
    EXTI4_IRQHandler                         0x0800011b   Thumb Code     0  startup_stm32f103xb.o(.text)
    EXTI9_5_IRQHandler                       0x0800011b   Thumb Code     0  startup_stm32f103xb.o(.text)
    FLASH_IRQHandler                         0x0800011b   Thumb Code     0  startup_stm32f103xb.o(.text)
    I2C1_ER_IRQHandler                       0x0800011b   Thumb Code     0  startup_stm32f103xb.o(.text)
    I2C1_EV_IRQHandler                       0x0800011b   Thumb Code     0  startup_stm32f103xb.o(.text)
    I2C2_ER_IRQHandler                       0x0800011b   Thumb Code     0  startup_stm32f103xb.o(.text)
    I2C2_EV_IRQHandler                       0x0800011b   Thumb Code     0  startup_stm32f103xb.o(.text)
    PVD_IRQHandler                           0x0800011b   Thumb Code     0  startup_stm32f103xb.o(.text)
    RCC_IRQHandler                           0x0800011b   Thumb Code     0  startup_stm32f103xb.o(.text)
    RTC_Alarm_IRQHandler                     0x0800011b   Thumb Code     0  startup_stm32f103xb.o(.text)
    RTC_IRQHandler                           0x0800011b   Thumb Code     0  startup_stm32f103xb.o(.text)
    SPI1_IRQHandler                          0x0800011b   Thumb Code     0  startup_stm32f103xb.o(.text)
    SPI2_IRQHandler                          0x0800011b   Thumb Code     0  startup_stm32f103xb.o(.text)
    TAMPER_IRQHandler                        0x0800011b   Thumb Code     0  startup_stm32f103xb.o(.text)
    TIM1_BRK_IRQHandler                      0x0800011b   Thumb Code     0  startup_stm32f103xb.o(.text)
    TIM1_CC_IRQHandler                       0x0800011b   Thumb Code     0  startup_stm32f103xb.o(.text)
    TIM1_TRG_COM_IRQHandler                  0x0800011b   Thumb Code     0  startup_stm32f103xb.o(.text)
    TIM1_UP_IRQHandler                       0x0800011b   Thumb Code     0  startup_stm32f103xb.o(.text)
    TIM2_IRQHandler                          0x0800011b   Thumb Code     0  startup_stm32f103xb.o(.text)
    TIM3_IRQHandler                          0x0800011b   Thumb Code     0  startup_stm32f103xb.o(.text)
    TIM4_IRQHandler                          0x0800011b   Thumb Code     0  startup_stm32f103xb.o(.text)
    USART2_IRQHandler                        0x0800011b   Thumb Code     0  startup_stm32f103xb.o(.text)
    USART3_IRQHandler                        0x0800011b   Thumb Code     0  startup_stm32f103xb.o(.text)
    USBWakeUp_IRQHandler                     0x0800011b   Thumb Code     0  startup_stm32f103xb.o(.text)
    USB_HP_CAN1_TX_IRQHandler                0x0800011b   Thumb Code     0  startup_stm32f103xb.o(.text)
    USB_LP_CAN1_RX0_IRQHandler               0x0800011b   Thumb Code     0  startup_stm32f103xb.o(.text)
    WWDG_IRQHandler                          0x0800011b   Thumb Code     0  startup_stm32f103xb.o(.text)
    __aeabi_uldivmod                         0x08000125   Thumb Code    98  uldiv.o(.text)
    __aeabi_dmul                             0x08000187   Thumb Code   228  dmul.o(.text)
    __aeabi_ddiv                             0x0800026b   Thumb Code   222  ddiv.o(.text)
    __aeabi_uidiv                            0x08000349   Thumb Code     0  uidiv.o(.text)
    __aeabi_uidivmod                         0x08000349   Thumb Code    44  uidiv.o(.text)
    __aeabi_llsl                             0x08000375   Thumb Code    30  llshl.o(.text)
    _ll_shift_l                              0x08000375   Thumb Code     0  llshl.o(.text)
    __aeabi_llsr                             0x08000393   Thumb Code    32  llushr.o(.text)
    _ll_ushift_r                             0x08000393   Thumb Code     0  llushr.o(.text)
    __I$use$fp                               0x080003b3   Thumb Code     0  iusefp.o(.text)
    _double_round                            0x080003b3   Thumb Code    30  depilogue.o(.text)
    _double_epilogue                         0x080003d1   Thumb Code   156  depilogue.o(.text)
    __aeabi_dadd                             0x0800046d   Thumb Code   322  dadd.o(.text)
    __aeabi_dsub                             0x080005af   Thumb Code     6  dadd.o(.text)
    __aeabi_drsub                            0x080005b5   Thumb Code     6  dadd.o(.text)
    __aeabi_d2ulz                            0x080005bb   Thumb Code    48  dfixul.o(.text)
    __aeabi_cdrcmple                         0x080005ed   Thumb Code    48  cdrcmple.o(.text)
    __scatterload                            0x0800061d   Thumb Code    38  init.o(.text)
    __scatterload_rt2                        0x0800061d   Thumb Code     0  init.o(.text)
    __aeabi_lasr                             0x0800064d   Thumb Code    36  llsshr.o(.text)
    _ll_sshift_r                             0x0800064d   Thumb Code     0  llsshr.o(.text)
    BusFault_Handler                         0x08000671   Thumb Code     2  stm32f1xx_it.o(.text.BusFault_Handler)
    DMA1_Channel4_IRQHandler                 0x08000673   Thumb Code    12  stm32f1xx_it.o(.text.DMA1_Channel4_IRQHandler)
    DMA1_Channel5_IRQHandler                 0x0800067f   Thumb Code    12  stm32f1xx_it.o(.text.DMA1_Channel5_IRQHandler)
    DebugMon_Handler                         0x0800068b   Thumb Code     2  stm32f1xx_it.o(.text.DebugMon_Handler)
    Error_Handler                            0x0800068d   Thumb Code    10  main.o(.text.Error_Handler)
    HAL_DMA_Abort                            0x08000697   Thumb Code    64  stm32f1xx_hal_dma.o(.text.HAL_DMA_Abort)
    HAL_DMA_Abort_IT                         0x080006d7   Thumb Code   176  stm32f1xx_hal_dma.o(.text.HAL_DMA_Abort_IT)
    HAL_DMA_IRQHandler                       0x08000787   Thumb Code   358  stm32f1xx_hal_dma.o(.text.HAL_DMA_IRQHandler)
    HAL_DMA_Init                             0x080008ed   Thumb Code   134  stm32f1xx_hal_dma.o(.text.HAL_DMA_Init)
    HAL_DMA_Start_IT                         0x08000973   Thumb Code   158  stm32f1xx_hal_dma.o(.text.HAL_DMA_Start_IT)
    HAL_Delay                                0x08000a11   Thumb Code    40  stm32f1xx_hal.o(.text.HAL_Delay)
    HAL_GPIO_Init                            0x08000a39   Thumb Code   496  stm32f1xx_hal_gpio.o(.text.HAL_GPIO_Init)
    HAL_GPIO_WritePin                        0x08000c29   Thumb Code    10  stm32f1xx_hal_gpio.o(.text.HAL_GPIO_WritePin)
    HAL_GetTick                              0x08000c33   Thumb Code    12  stm32f1xx_hal.o(.text.HAL_GetTick)
    HAL_IncTick                              0x08000c3f   Thumb Code    26  stm32f1xx_hal.o(.text.HAL_IncTick)
    HAL_Init                                 0x08000c59   Thumb Code    38  stm32f1xx_hal.o(.text.HAL_Init)
    HAL_InitTick                             0x08000c7f   Thumb Code    80  stm32f1xx_hal.o(.text.HAL_InitTick)
    HAL_MspInit                              0x08000ccf   Thumb Code    66  stm32f1xx_hal_msp.o(.text.HAL_MspInit)
    HAL_NVIC_EnableIRQ                       0x08000d11   Thumb Code    32  stm32f1xx_hal_cortex.o(.text.HAL_NVIC_EnableIRQ)
    HAL_NVIC_SetPriority                     0x08000d31   Thumb Code    86  stm32f1xx_hal_cortex.o(.text.HAL_NVIC_SetPriority)
    HAL_NVIC_SetPriorityGrouping             0x08000d87   Thumb Code    32  stm32f1xx_hal_cortex.o(.text.HAL_NVIC_SetPriorityGrouping)
    HAL_RCC_CSSCallback                      0x08000da7   Thumb Code     2  stm32f1xx_hal_rcc.o(.text.HAL_RCC_CSSCallback)
    HAL_RCC_ClockConfig                      0x08000da9   Thumb Code   368  stm32f1xx_hal_rcc.o(.text.HAL_RCC_ClockConfig)
    HAL_RCC_EnableCSS                        0x08000f19   Thumb Code    12  stm32f1xx_hal_rcc.o(.text.HAL_RCC_EnableCSS)
    HAL_RCC_GetPCLK1Freq                     0x08000f25   Thumb Code    38  stm32f1xx_hal_rcc.o(.text.HAL_RCC_GetPCLK1Freq)
    HAL_RCC_GetPCLK2Freq                     0x08000f4b   Thumb Code    38  stm32f1xx_hal_rcc.o(.text.HAL_RCC_GetPCLK2Freq)
    HAL_RCC_GetSysClockFreq                  0x08000f71   Thumb Code    88  stm32f1xx_hal_rcc.o(.text.HAL_RCC_GetSysClockFreq)
    HAL_RCC_NMI_IRQHandler                   0x08000fdd   Thumb Code    28  stm32f1xx_hal_rcc.o(.text.HAL_RCC_NMI_IRQHandler)
    HAL_RCC_OscConfig                        0x08000ff9   Thumb Code   868  stm32f1xx_hal_rcc.o(.text.HAL_RCC_OscConfig)
    HAL_SYSTICK_Config                       0x0800135d   Thumb Code    44  stm32f1xx_hal_cortex.o(.text.HAL_SYSTICK_Config)
    HAL_UARTEx_RxEventCallback               0x08001389   Thumb Code     2  stm32f1xx_hal_uart.o(.text.HAL_UARTEx_RxEventCallback)
    HAL_UART_DMAStop                         0x0800138d   Thumb Code   134  stm32f1xx_hal_uart.o(.text.HAL_UART_DMAStop)
    HAL_UART_ErrorCallback                   0x08001413   Thumb Code     2  stm32f1xx_hal_uart.o(.text.HAL_UART_ErrorCallback)
    HAL_UART_IRQHandler                      0x08001415   Thumb Code   692  stm32f1xx_hal_uart.o(.text.HAL_UART_IRQHandler)
    HAL_UART_IdleCallback                    0x080016c9   Thumb Code   176  system.o(.text.HAL_UART_IdleCallback)
    HAL_UART_Init                            0x08001779   Thumb Code    94  stm32f1xx_hal_uart.o(.text.HAL_UART_Init)
    HAL_UART_MspInit                         0x080017d7   Thumb Code   242  usart.o(.text.HAL_UART_MspInit)
    HAL_UART_Receive_DMA                     0x080018c9   Thumb Code    34  stm32f1xx_hal_uart.o(.text.HAL_UART_Receive_DMA)
    HAL_UART_RxCpltCallback                  0x080018eb   Thumb Code     2  stm32f1xx_hal_uart.o(.text.HAL_UART_RxCpltCallback)
    HAL_UART_RxHalfCpltCallback              0x080018ed   Thumb Code     2  stm32f1xx_hal_uart.o(.text.HAL_UART_RxHalfCpltCallback)
    HAL_UART_Transmit                        0x080018f1   Thumb Code   170  stm32f1xx_hal_uart.o(.text.HAL_UART_Transmit)
    HAL_UART_TxCpltCallback                  0x0800199b   Thumb Code     2  stm32f1xx_hal_uart.o(.text.HAL_UART_TxCpltCallback)
    HardFault_Handler                        0x0800199d   Thumb Code     2  stm32f1xx_it.o(.text.HardFault_Handler)
    LLOS_Get_TaskNum                         0x0800199f   Thumb Code    12  llos.o(.text.LLOS_Get_TaskNum)
    LLOS_Init                                0x080019ad   Thumb Code   432  llos.o(.text.LLOS_Init)
    LLOS_Loop                                0x08001bbd   Thumb Code   376  llos.o(.text.LLOS_Loop)
    LLOS_Ms_To_Tick                          0x08001d35   Thumb Code    18  llos.o(.text.LLOS_Ms_To_Tick)
    LLOS_Msg_Clear                           0x08001d49   Thumb Code    48  llos.o(.text.LLOS_Msg_Clear)
    LLOS_Msg_Receive                         0x08001da9   Thumb Code    16  llos.o(.text.LLOS_Msg_Receive)
    LLOS_Msg_Send                            0x08001db9   Thumb Code    60  llos.o(.text.LLOS_Msg_Send)
    LLOS_Register_Events                     0x08001e21   Thumb Code    52  llos.o(.text.LLOS_Register_Events)
    LLOS_Start_Event                         0x08001e81   Thumb Code   108  llos.o(.text.LLOS_Start_Event)
    LLOS_Tick_Increase                       0x08001f1d   Thumb Code   276  llos.o(.text.LLOS_Tick_Increase)
    LLOS_malloc                              0x08002031   Thumb Code   158  llos.o(.text.LLOS_malloc)
    MX_DMA_Init                              0x080020cf   Thumb Code    68  dma.o(.text.MX_DMA_Init)
    MX_GPIO_Init                             0x08002113   Thumb Code   154  gpio.o(.text.MX_GPIO_Init)
    MX_USART1_UART_Init                      0x080021ad   Thumb Code    58  usart.o(.text.MX_USART1_UART_Init)
    MemManage_Handler                        0x080021e9   Thumb Code     2  stm32f1xx_it.o(.text.MemManage_Handler)
    NMI_Handler                              0x080021ed   Thumb Code     6  stm32f1xx_it.o(.text.NMI_Handler)
    PendSV_Handler                           0x080021f3   Thumb Code     2  stm32f1xx_it.o(.text.PendSV_Handler)
    SVC_Handler                              0x080021f5   Thumb Code     2  stm32f1xx_it.o(.text.SVC_Handler)
    SysTick_Handler                          0x080021f7   Thumb Code    16  stm32f1xx_it.o(.text.SysTick_Handler)
    SystemClock_Config                       0x08002209   Thumb Code   102  main.o(.text.SystemClock_Config)
    SystemInit                               0x0800226f   Thumb Code     2  system_stm32f1xx.o(.text.SystemInit)
    System_Init                              0x08002271   Thumb Code   128  system.o(.text.System_Init)
    System_Loop                              0x08002301   Thumb Code    40  system.o(.text.System_Loop)
    Task0_Init                               0x0800239d   Thumb Code    40  task0.o(.text.Task0_Init)
    Task1_Init                               0x08002429   Thumb Code    64  task1.o(.text.Task1_Init)
    UART_Start_Receive_DMA                   0x08002735   Thumb Code   150  stm32f1xx_hal_uart.o(.text.UART_Start_Receive_DMA)
    USART1_IRQHandler                        0x08002847   Thumb Code    26  stm32f1xx_it.o(.text.USART1_IRQHandler)
    UsageFault_Handler                       0x08002861   Thumb Code     2  stm32f1xx_it.o(.text.UsageFault_Handler)
    fputc                                    0x08002889   Thumb Code    32  system.o(.text.fputc)
    main                                     0x080028a9   Thumb Code    30  main.o(.text.main)
    __0printf                                0x080028c9   Thumb Code    22  printfa.o(i.__0printf)
    __1printf                                0x080028c9   Thumb Code     0  printfa.o(i.__0printf)
    __2printf                                0x080028c9   Thumb Code     0  printfa.o(i.__0printf)
    __c89printf                              0x080028c9   Thumb Code     0  printfa.o(i.__0printf)
    printf                                   0x080028c9   Thumb Code     0  printfa.o(i.__0printf)
    __scatterload_copy                       0x080028e9   Thumb Code    14  handlers.o(i.__scatterload_copy)
    __scatterload_null                       0x080028f7   Thumb Code     2  handlers.o(i.__scatterload_null)
    __scatterload_zeroinit                   0x080028f9   Thumb Code    14  handlers.o(i.__scatterload_zeroinit)
    puts                                     0x080031bd   Thumb Code    30  puts.o(i.puts)
    AHBPrescTable                            0x080031e0   Data          16  system_stm32f1xx.o(.rodata.AHBPrescTable)
    APBPrescTable                            0x080031f0   Data           8  system_stm32f1xx.o(.rodata.APBPrescTable)
    Region$$Table$$Base                      0x0800343c   Number         0  anon$$obj.o(Region$$Table)
    Region$$Table$$Limit                     0x0800345c   Number         0  anon$$obj.o(Region$$Table)
    __stdout                                 0x20000000   Data           4  stdout.o(.data)
    SystemCoreClock                          0x20000004   Data           4  system_stm32f1xx.o(.data.SystemCoreClock)
    task0Id                                  0x20000008   Data           1  task0.o(.data.task0Id)
    task1Id                                  0x20000009   Data           1  task1.o(.data.task1Id)
    uwTickFreq                               0x2000000b   Data           1  stm32f1xx_hal.o(.data.uwTickFreq)
    uwTickPrio                               0x2000000c   Data           4  stm32f1xx_hal.o(.data.uwTickPrio)
    hdma_usart1_rx                           0x2000001c   Data          68  usart.o(.bss.hdma_usart1_rx)
    hdma_usart1_tx                           0x20000060   Data          68  usart.o(.bss.hdma_usart1_tx)
    huart1                                   0x200000a4   Data          72  usart.o(.bss.huart1)
    usart1_recBuf                            0x20001138   Data         258  system.o(.bss.usart1_recBuf)
    uwTick                                   0x2000123c   Data           4  stm32f1xx_hal.o(.bss.uwTick)
    __initial_sp                             0x20001640   Data           0  startup_stm32f103xb.o(STACK)



==============================================================================

Memory Map of the image

  Image Entry point : 0x080000ed

  Load Region LR_IROM1 (Base: 0x08000000, Size: 0x00003470, Max: 0x00010000, ABSOLUTE)

    Execution Region ER_IROM1 (Exec base: 0x08000000, Load base: 0x08000000, Size: 0x0000345c, Max: 0x00010000, ABSOLUTE)

    Exec Addr    Load Addr    Size         Type   Attr      Idx    E Section Name        Object

    0x08000000   0x08000000   0x000000ec   Data   RO            3    RESET               startup_stm32f103xb.o
    0x080000ec   0x080000ec   0x00000000   Code   RO          624  * .ARM.Collect$$$$00000000  mc_w.l(entry.o)
    0x080000ec   0x080000ec   0x00000004   Code   RO          777    .ARM.Collect$$$$00000001  mc_w.l(entry2.o)
    0x080000f0   0x080000f0   0x00000004   Code   RO          780    .ARM.Collect$$$$00000004  mc_w.l(entry5.o)
    0x080000f4   0x080000f4   0x00000000   Code   RO          782    .ARM.Collect$$$$00000008  mc_w.l(entry7b.o)
    0x080000f4   0x080000f4   0x00000000   Code   RO          784    .ARM.Collect$$$$0000000A  mc_w.l(entry8b.o)
    0x080000f4   0x080000f4   0x00000008   Code   RO          785    .ARM.Collect$$$$0000000B  mc_w.l(entry9a.o)
    0x080000fc   0x080000fc   0x00000000   Code   RO          787    .ARM.Collect$$$$0000000D  mc_w.l(entry10a.o)
    0x080000fc   0x080000fc   0x00000000   Code   RO          789    .ARM.Collect$$$$0000000F  mc_w.l(entry11a.o)
    0x080000fc   0x080000fc   0x00000004   Code   RO          778    .ARM.Collect$$$$00002712  mc_w.l(entry2.o)
    0x08000100   0x08000100   0x00000024   Code   RO            4    .text               startup_stm32f103xb.o
    0x08000124   0x08000124   0x00000062   Code   RO          629    .text               mc_w.l(uldiv.o)
    0x08000186   0x08000186   0x000000e4   Code   RO          772    .text               mf_w.l(dmul.o)
    0x0800026a   0x0800026a   0x000000de   Code   RO          773    .text               mf_w.l(ddiv.o)
    0x08000348   0x08000348   0x0000002c   Code   RO          797    .text               mc_w.l(uidiv.o)
    0x08000374   0x08000374   0x0000001e   Code   RO          798    .text               mc_w.l(llshl.o)
    0x08000392   0x08000392   0x00000020   Code   RO          799    .text               mc_w.l(llushr.o)
    0x080003b2   0x080003b2   0x00000000   Code   RO          822    .text               mc_w.l(iusefp.o)
    0x080003b2   0x080003b2   0x000000ba   Code   RO          824    .text               mf_w.l(depilogue.o)
    0x0800046c   0x0800046c   0x0000014e   Code   RO          825    .text               mf_w.l(dadd.o)
    0x080005ba   0x080005ba   0x00000030   Code   RO          826    .text               mf_w.l(dfixul.o)
    0x080005ea   0x080005ea   0x00000002   PAD
    0x080005ec   0x080005ec   0x00000030   Code   RO          827    .text               mf_w.l(cdrcmple.o)
    0x0800061c   0x0800061c   0x00000030   Code   RO          828    .text               mc_w.l(init.o)
    0x0800064c   0x0800064c   0x00000024   Code   RO          829    .text               mc_w.l(llsshr.o)
    0x08000670   0x08000670   0x00000002   Code   RO           36    .text.BusFault_Handler  stm32f1xx_it.o
    0x08000672   0x08000672   0x0000000c   Code   RO           48    .text.DMA1_Channel4_IRQHandler  stm32f1xx_it.o
    0x0800067e   0x0800067e   0x0000000c   Code   RO           50    .text.DMA1_Channel5_IRQHandler  stm32f1xx_it.o
    0x0800068a   0x0800068a   0x00000002   Code   RO           42    .text.DebugMon_Handler  stm32f1xx_it.o
    0x0800068c   0x0800068c   0x0000000a   Code   RO           10    .text.Error_Handler  main.o
    0x08000696   0x08000696   0x00000040   Code   RO          301    .text.HAL_DMA_Abort  stm32f1xx_hal_dma.o
    0x080006d6   0x080006d6   0x000000b0   Code   RO          303    .text.HAL_DMA_Abort_IT  stm32f1xx_hal_dma.o
    0x08000786   0x08000786   0x00000166   Code   RO          307    .text.HAL_DMA_IRQHandler  stm32f1xx_hal_dma.o
    0x080008ec   0x080008ec   0x00000086   Code   RO          293    .text.HAL_DMA_Init  stm32f1xx_hal_dma.o
    0x08000972   0x08000972   0x0000009e   Code   RO          299    .text.HAL_DMA_Start_IT  stm32f1xx_hal_dma.o
    0x08000a10   0x08000a10   0x00000028   Code   RO          206    .text.HAL_Delay     stm32f1xx_hal.o
    0x08000a38   0x08000a38   0x000001f0   Code   RO          276    .text.HAL_GPIO_Init  stm32f1xx_hal_gpio.o
    0x08000c28   0x08000c28   0x0000000a   Code   RO          282    .text.HAL_GPIO_WritePin  stm32f1xx_hal_gpio.o
    0x08000c32   0x08000c32   0x0000000c   Code   RO          198    .text.HAL_GetTick   stm32f1xx_hal.o
    0x08000c3e   0x08000c3e   0x0000001a   Code   RO          196    .text.HAL_IncTick   stm32f1xx_hal.o
    0x08000c58   0x08000c58   0x00000026   Code   RO          186    .text.HAL_Init      stm32f1xx_hal.o
    0x08000c7e   0x08000c7e   0x00000050   Code   RO          188    .text.HAL_InitTick  stm32f1xx_hal.o
    0x08000cce   0x08000cce   0x00000042   Code   RO           55    .text.HAL_MspInit   stm32f1xx_hal_msp.o
    0x08000d10   0x08000d10   0x00000020   Code   RO          322    .text.HAL_NVIC_EnableIRQ  stm32f1xx_hal_cortex.o
    0x08000d30   0x08000d30   0x00000056   Code   RO          320    .text.HAL_NVIC_SetPriority  stm32f1xx_hal_cortex.o
    0x08000d86   0x08000d86   0x00000020   Code   RO          318    .text.HAL_NVIC_SetPriorityGrouping  stm32f1xx_hal_cortex.o
    0x08000da6   0x08000da6   0x00000002   Code   RO          266    .text.HAL_RCC_CSSCallback  stm32f1xx_hal_rcc.o
    0x08000da8   0x08000da8   0x00000170   Code   RO          244    .text.HAL_RCC_ClockConfig  stm32f1xx_hal_rcc.o
    0x08000f18   0x08000f18   0x0000000c   Code   RO          250    .text.HAL_RCC_EnableCSS  stm32f1xx_hal_rcc.o
    0x08000f24   0x08000f24   0x00000026   Code   RO          256    .text.HAL_RCC_GetPCLK1Freq  stm32f1xx_hal_rcc.o
    0x08000f4a   0x08000f4a   0x00000026   Code   RO          258    .text.HAL_RCC_GetPCLK2Freq  stm32f1xx_hal_rcc.o
    0x08000f70   0x08000f70   0x0000006c   Code   RO          246    .text.HAL_RCC_GetSysClockFreq  stm32f1xx_hal_rcc.o
    0x08000fdc   0x08000fdc   0x0000001c   Code   RO          264    .text.HAL_RCC_NMI_IRQHandler  stm32f1xx_hal_rcc.o
    0x08000ff8   0x08000ff8   0x00000364   Code   RO          242    .text.HAL_RCC_OscConfig  stm32f1xx_hal_rcc.o
    0x0800135c   0x0800135c   0x0000002c   Code   RO          330    .text.HAL_SYSTICK_Config  stm32f1xx_hal_cortex.o
    0x08001388   0x08001388   0x00000002   Code   RO          157    .text.HAL_UARTEx_RxEventCallback  stm32f1xx_hal_uart.o
    0x0800138a   0x0800138a   0x00000002   PAD
    0x0800138c   0x0800138c   0x00000086   Code   RO          111    .text.HAL_UART_DMAStop  stm32f1xx_hal_uart.o
    0x08001412   0x08001412   0x00000002   Code   RO          155    .text.HAL_UART_ErrorCallback  stm32f1xx_hal_uart.o
    0x08001414   0x08001414   0x000002b4   Code   RO          149    .text.HAL_UART_IRQHandler  stm32f1xx_hal_uart.o
    0x080016c8   0x080016c8   0x000000b0   Code   RO          605    .text.HAL_UART_IdleCallback  system.o
    0x08001778   0x08001778   0x0000005e   Code   RO           67    .text.HAL_UART_Init  stm32f1xx_hal_uart.o
    0x080017d6   0x080017d6   0x000000f2   Code   RO           22    .text.HAL_UART_MspInit  usart.o
    0x080018c8   0x080018c8   0x00000022   Code   RO          103    .text.HAL_UART_Receive_DMA  stm32f1xx_hal_uart.o
    0x080018ea   0x080018ea   0x00000002   Code   RO          163    .text.HAL_UART_RxCpltCallback  stm32f1xx_hal_uart.o
    0x080018ec   0x080018ec   0x00000002   Code   RO          165    .text.HAL_UART_RxHalfCpltCallback  stm32f1xx_hal_uart.o
    0x080018ee   0x080018ee   0x00000002   PAD
    0x080018f0   0x080018f0   0x000000aa   Code   RO           83    .text.HAL_UART_Transmit  stm32f1xx_hal_uart.o
    0x0800199a   0x0800199a   0x00000002   Code   RO          159    .text.HAL_UART_TxCpltCallback  stm32f1xx_hal_uart.o
    0x0800199c   0x0800199c   0x00000002   Code   RO           32    .text.HardFault_Handler  stm32f1xx_it.o
    0x0800199e   0x0800199e   0x0000000c   Code   RO          479    .text.LLOS_Get_TaskNum  llos.o
    0x080019aa   0x080019aa   0x00000002   PAD
    0x080019ac   0x080019ac   0x00000210   Code   RO          467    .text.LLOS_Init     llos.o
    0x08001bbc   0x08001bbc   0x00000178   Code   RO          473    .text.LLOS_Loop     llos.o
    0x08001d34   0x08001d34   0x00000012   Code   RO          487    .text.LLOS_Ms_To_Tick  llos.o
    0x08001d46   0x08001d46   0x00000002   PAD
    0x08001d48   0x08001d48   0x00000060   Code   RO          493    .text.LLOS_Msg_Clear  llos.o
    0x08001da8   0x08001da8   0x00000010   Code   RO          491    .text.LLOS_Msg_Receive  llos.o
    0x08001db8   0x08001db8   0x00000068   Code   RO          489    .text.LLOS_Msg_Send  llos.o
    0x08001e20   0x08001e20   0x00000060   Code   RO          471    .text.LLOS_Register_Events  llos.o
    0x08001e80   0x08001e80   0x0000009c   Code   RO          475    .text.LLOS_Start_Event  llos.o
    0x08001f1c   0x08001f1c   0x00000114   Code   RO          485    .text.LLOS_Tick_Increase  llos.o
    0x08002030   0x08002030   0x0000009e   Code   RO          469    .text.LLOS_malloc   llos.o
    0x080020ce   0x080020ce   0x00000044   Code   RO           17    .text.MX_DMA_Init   dma.o
    0x08002112   0x08002112   0x0000009a   Code   RO           14    .text.MX_GPIO_Init  gpio.o
    0x080021ac   0x080021ac   0x0000003a   Code   RO           20    .text.MX_USART1_UART_Init  usart.o
    0x080021e6   0x080021e6   0x00000002   PAD
    0x080021e8   0x080021e8   0x00000002   Code   RO           34    .text.MemManage_Handler  stm32f1xx_it.o
    0x080021ea   0x080021ea   0x00000002   PAD
    0x080021ec   0x080021ec   0x00000006   Code   RO           30    .text.NMI_Handler   stm32f1xx_it.o
    0x080021f2   0x080021f2   0x00000002   Code   RO           44    .text.PendSV_Handler  stm32f1xx_it.o
    0x080021f4   0x080021f4   0x00000002   Code   RO           40    .text.SVC_Handler   stm32f1xx_it.o
    0x080021f6   0x080021f6   0x00000010   Code   RO           46    .text.SysTick_Handler  stm32f1xx_it.o
    0x08002206   0x08002206   0x00000002   PAD
    0x08002208   0x08002208   0x00000066   Code   RO            8    .text.SystemClock_Config  main.o
    0x0800226e   0x0800226e   0x00000002   Code   RO          452    .text.SystemInit    system_stm32f1xx.o
    0x08002270   0x08002270   0x00000090   Code   RO          597    .text.System_Init   system.o
    0x08002300   0x08002300   0x00000030   Code   RO          601    .text.System_Loop   system.o
    0x08002330   0x08002330   0x0000006c   Code   RO          612    .text.Task0_Events  task0.o
    0x0800239c   0x0800239c   0x0000004c   Code   RO          610    .text.Task0_Init    task0.o
    0x080023e8   0x080023e8   0x00000040   Code   RO          618    .text.Task1_Events  task1.o
    0x08002428   0x08002428   0x00000064   Code   RO          616    .text.Task1_Init    task1.o
    0x0800248c   0x0800248c   0x0000000c   Code   RO          153    .text.UART_DMAAbortOnError  stm32f1xx_hal_uart.o
    0x08002498   0x08002498   0x00000064   Code   RO          101    .text.UART_DMAError  stm32f1xx_hal_uart.o
    0x080024fc   0x080024fc   0x00000080   Code   RO          181    .text.UART_DMAReceiveCplt  stm32f1xx_hal_uart.o
    0x0800257c   0x0800257c   0x00000018   Code   RO          183    .text.UART_DMARxHalfCplt  stm32f1xx_hal_uart.o
    0x08002594   0x08002594   0x00000050   Code   RO          113    .text.UART_EndRxTransfer  stm32f1xx_hal_uart.o
    0x080025e4   0x080025e4   0x000000be   Code   RO          151    .text.UART_Receive_IT  stm32f1xx_hal_uart.o
    0x080026a2   0x080026a2   0x00000092   Code   RO           71    .text.UART_SetConfig  stm32f1xx_hal_uart.o
    0x08002734   0x08002734   0x00000096   Code   RO          105    .text.UART_Start_Receive_DMA  stm32f1xx_hal_uart.o
    0x080027ca   0x080027ca   0x00000002   PAD
    0x080027cc   0x080027cc   0x0000007a   Code   RO           85    .text.UART_WaitOnFlagUntilTimeout  stm32f1xx_hal_uart.o
    0x08002846   0x08002846   0x0000001a   Code   RO           52    .text.USART1_IRQHandler  stm32f1xx_it.o
    0x08002860   0x08002860   0x00000002   Code   RO           38    .text.UsageFault_Handler  stm32f1xx_it.o
    0x08002862   0x08002862   0x00000002   PAD
    0x08002864   0x08002864   0x00000024   Code   RO          599    .text.__NVIC_SystemReset  system.o
    0x08002888   0x08002888   0x00000020   Code   RO          603    .text.fputc         system.o
    0x080028a8   0x080028a8   0x0000001e   Code   RO            6    .text.main          main.o
    0x080028c6   0x080028c6   0x00000002   PAD
    0x080028c8   0x080028c8   0x00000020   Code   RO          755    i.__0printf         mc_w.l(printfa.o)
    0x080028e8   0x080028e8   0x0000000e   Code   RO          843    i.__scatterload_copy  mc_w.l(handlers.o)
    0x080028f6   0x080028f6   0x00000002   Code   RO          844    i.__scatterload_null  mc_w.l(handlers.o)
    0x080028f8   0x080028f8   0x0000000e   Code   RO          845    i.__scatterload_zeroinit  mc_w.l(handlers.o)
    0x08002906   0x08002906   0x00000002   PAD
    0x08002908   0x08002908   0x00000184   Code   RO          762    i._fp_digits        mc_w.l(printfa.o)
    0x08002a8c   0x08002a8c   0x000006dc   Code   RO          763    i._printf_core      mc_w.l(printfa.o)
    0x08003168   0x08003168   0x00000024   Code   RO          764    i._printf_post_padding  mc_w.l(printfa.o)
    0x0800318c   0x0800318c   0x0000002e   Code   RO          765    i._printf_pre_padding  mc_w.l(printfa.o)
    0x080031ba   0x080031ba   0x00000002   PAD
    0x080031bc   0x080031bc   0x00000024   Code   RO          627    i.puts              mc_w.l(puts.o)
    0x080031e0   0x080031e0   0x00000010   Data   RO          457    .rodata.AHBPrescTable  system_stm32f1xx.o
    0x080031f0   0x080031f0   0x00000008   Data   RO          458    .rodata.APBPrescTable  system_stm32f1xx.o
    0x080031f8   0x080031f8   0x00000237   Data   RO          579    .rodata.str1.1      llos.o
    0x0800342f   0x0800342f   0x0000000c   Data   RO          621    .rodata.str1.1      task1.o
    0x0800343b   0x0800343b   0x00000001   PAD
    0x0800343c   0x0800343c   0x00000020   Data   RO          842    Region$$Table       anon$$obj.o


    Execution Region RW_IRAM1 (Exec base: 0x20000000, Load base: 0x08003460, Size: 0x00001640, Max: 0x00005000, ABSOLUTE)

    Exec Addr    Load Addr    Size         Type   Attr      Idx    E Section Name        Object

    0x20000000   0x08003460   0x00000004   Data   RW          791    .data               mc_w.l(stdout.o)
    0x20000004   0x08003464   0x00000004   Data   RW          456    .data.SystemCoreClock  system_stm32f1xx.o
    0x20000008   0x08003468   0x00000001   Data   RW          614    .data.task0Id       task0.o
    0x20000009   0x08003469   0x00000001   Data   RW          620    .data.task1Id       task1.o
    0x2000000a   0x0800346a   0x00000001   Data   RW          583    .data.tickMultiple  llos.o
    0x2000000b   0x0800346b   0x00000001   Data   RW          237    .data.uwTickFreq    stm32f1xx_hal.o
    0x2000000c   0x0800346c   0x00000004   Data   RW          236    .data.uwTickPrio    stm32f1xx_hal.o
    0x20000010        -       0x00000004   Zero   RW          577    .bss.alarm_list     llos.o
    0x20000014        -       0x00000004   Zero   RW          578    .bss.device_list    llos.o
    0x20000018        -       0x00000004   Zero   RW          574    .bss.eventCB_list   llos.o
    0x2000001c        -       0x00000044   Zero   RW           27    .bss.hdma_usart1_rx  usart.o
    0x20000060        -       0x00000044   Zero   RW           28    .bss.hdma_usart1_tx  usart.o
    0x200000a4        -       0x00000048   Zero   RW           26    .bss.huart1         usart.o
    0x200000ec        -       0x00000004   Zero   RW          582    .bss.ll_LP_CB       llos.o
    0x200000f0        -       0x00000004   Zero   RW          568    .bss.ll_memCfgs.0   llos.o
    0x200000f4        -       0x00000002   Zero   RW          569    .bss.ll_memCfgs.1   llos.o
    0x200000f6        -       0x00000001   Zero   RW          570    .bss.ll_memCfgs.2   llos.o
    0x200000f7   0x08003470   0x00000001   PAD
    0x200000f8        -       0x00000001   Zero   RW          571    .bss.ll_memCfgs.3   llos.o
    0x200000f9   0x08003470   0x00000003   PAD
    0x200000fc        -       0x00000001   Zero   RW          572    .bss.ll_memCfgs.4   llos.o
    0x200000fd   0x08003470   0x00000003   PAD
    0x20000100        -       0x00000001   Zero   RW          573    .bss.ll_memCfgs.5   llos.o
    0x20000101   0x08003470   0x00000003   PAD
    0x20000104        -       0x00000004   Zero   RW          566    .bss.ll_osDelayCB.0  llos.o
    0x20000108        -       0x00000004   Zero   RW          567    .bss.ll_osDelayCB.1  llos.o
    0x2000010c        -       0x00000004   Zero   RW          565    .bss.ll_system_reset_hook  llos.o
    0x20000110        -       0x00000004   Zero   RW          575    .bss.msg_list       llos.o
    0x20000114        -       0x00001000   Zero   RW          608    .bss.pMemPool       system.o
    0x20001114   0x08003470   0x00000004   PAD
    0x20001118        -       0x00000010   Zero   RW          584    .bss.rtc            llos.o
    0x20001128        -       0x00000008   Zero   RW          581    .bss.sysTick        llos.o
    0x20001130        -       0x00000001   Zero   RW          580    .bss.taskIndex      llos.o
    0x20001131   0x08003470   0x00000003   PAD
    0x20001134        -       0x00000004   Zero   RW          576    .bss.timerCB_list   llos.o
    0x20001138        -       0x00000102   Zero   RW          607    .bss.usart1_recBuf  system.o
    0x2000123a   0x08003470   0x00000002   PAD
    0x2000123c        -       0x00000004   Zero   RW          238    .bss.uwTick         stm32f1xx_hal.o
    0x20001240        -       0x00000400   Zero   RW            1    STACK               startup_stm32f103xb.o


==============================================================================

Image component sizes


      Code (inc. data)   RO Data    RW Data    ZI Data      Debug   Object Name

        68          0          0          0          0          0   dma.o
       154          0          0          0          0          0   gpio.o
      1836        280        567          1         71          0   llos.o
       142          0          0          0          0          0   main.o
        36          8        236          0       1024          0   startup_stm32f103xb.o
       196          0          0          5          4          0   stm32f1xx_hal.o
       194          0          0          0          0          0   stm32f1xx_hal_cortex.o
       890          0          0          0          0          0   stm32f1xx_hal_dma.o
       506          4          0          0          0          0   stm32f1xx_hal_gpio.o
        66          0          0          0          0          0   stm32f1xx_hal_msp.o
      1462         20          0          0          0          0   stm32f1xx_hal_rcc.o
      2086          0          0          0          0          0   stm32f1xx_hal_uart.o
        86          0          0          0          0          0   stm32f1xx_it.o
       436         24          0          0       4354          0   system.o
         2          0         24          4          0          0   system_stm32f1xx.o
       184         84          0          1          0          0   task0.o
       164         48         12          1          0          0   task1.o
       300          0          0          0        208          0   usart.o

    ----------------------------------------------------------------------
      8828        468        872         12       5680          0   Object Totals
         0          0         32          0          0          0   (incl. Generated)
        20          0          1          0         19          0   (incl. Padding)

    ----------------------------------------------------------------------

      Code (inc. data)   RO Data    RW Data    ZI Data      Debug   Library Member Name

         0          0          0          0          0          0   entry.o
         0          0          0          0          0          0   entry10a.o
         0          0          0          0          0          0   entry11a.o
         8          4          0          0          0          0   entry2.o
         4          0          0          0          0          0   entry5.o
         0          0          0          0          0          0   entry7b.o
         0          0          0          0          0          0   entry8b.o
         8          4          0          0          0          0   entry9a.o
        30          0          0          0          0          0   handlers.o
        48         10          0          0          0          0   init.o
         0          0          0          0          0          0   iusefp.o
        30          0          0          0          0          0   llshl.o
        36          0          0          0          0          0   llsshr.o
        32          0          0          0          0          0   llushr.o
      2258         90          0          0          0          0   printfa.o
        36          6          0          0          0          0   puts.o
         0          0          0          4          0          0   stdout.o
        44          0          0          0          0          0   uidiv.o
        98          0          0          0          0          0   uldiv.o
        48          0          0          0          0          0   cdrcmple.o
       334          0          0          0          0          0   dadd.o
       222          0          0          0          0          0   ddiv.o
       186          0          0          0          0          0   depilogue.o
        48          0          0          0          0          0   dfixul.o
       228          0          0          0          0          0   dmul.o

    ----------------------------------------------------------------------
      3704        114          0          4          0          0   Library Totals
         6          0          0          0          0          0   (incl. Padding)

    ----------------------------------------------------------------------

      Code (inc. data)   RO Data    RW Data    ZI Data      Debug   Library Name

      2632        114          0          4          0          0   mc_w.l
      1066          0          0          0          0          0   mf_w.l

    ----------------------------------------------------------------------
      3704        114          0          4          0          0   Library Totals

    ----------------------------------------------------------------------

==============================================================================


      Code (inc. data)   RO Data    RW Data    ZI Data      Debug   

     12532        582        872         16       5680          0   Grand Totals
     12532        582        872         16       5680          0   ELF Image Totals
     12532        582        872         16          0          0   ROM Totals

==============================================================================

    Total RO  Size (Code + RO Data)                13404 (  13.09kB)
    Total RW  Size (RW Data + ZI Data)              5696 (   5.56kB)
    Total ROM Size (Code + RO Data + RW Data)      13420 (  13.11kB)

==============================================================================

