Component: Arm Compiler for Embedded 6.21 Tool: armlink [5ec1fa00]

==============================================================================

Section Cross References

    startup_stm32f103xb.o(RESET) refers to startup_stm32f103xb.o(STACK) for __initial_sp
    startup_stm32f103xb.o(RESET) refers to startup_stm32f103xb.o(.text) for Reset_Handler
    startup_stm32f103xb.o(RESET) refers to stm32f1xx_it.o(.text.NMI_Handler) for NMI_Handler
    startup_stm32f103xb.o(RESET) refers to stm32f1xx_it.o(.text.HardFault_Handler) for HardFault_Handler
    startup_stm32f103xb.o(RESET) refers to stm32f1xx_it.o(.text.MemManage_Handler) for MemManage_Handler
    startup_stm32f103xb.o(RESET) refers to stm32f1xx_it.o(.text.BusFault_Handler) for BusFault_Handler
    startup_stm32f103xb.o(RESET) refers to stm32f1xx_it.o(.text.UsageFault_Handler) for UsageFault_Handler
    startup_stm32f103xb.o(RESET) refers to stm32f1xx_it.o(.text.SVC_Handler) for SVC_Handler
    startup_stm32f103xb.o(RESET) refers to stm32f1xx_it.o(.text.DebugMon_Handler) for DebugMon_Handler
    startup_stm32f103xb.o(RESET) refers to stm32f1xx_it.o(.text.PendSV_Handler) for PendSV_Handler
    startup_stm32f103xb.o(RESET) refers to stm32f1xx_it.o(.text.SysTick_Handler) for SysTick_Handler
    startup_stm32f103xb.o(RESET) refers to stm32f1xx_it.o(.text.DMA1_Channel4_IRQHandler) for DMA1_Channel4_IRQHandler
    startup_stm32f103xb.o(RESET) refers to stm32f1xx_it.o(.text.DMA1_Channel5_IRQHandler) for DMA1_Channel5_IRQHandler
    startup_stm32f103xb.o(RESET) refers to stm32f1xx_it.o(.text.USART1_IRQHandler) for USART1_IRQHandler
    startup_stm32f103xb.o(.text) refers to system_stm32f1xx.o(.text.SystemInit) for SystemInit
    startup_stm32f103xb.o(.text) refers to entry.o(.ARM.Collect$$$$00000000) for __main
    main.o(.text.main) refers to stm32f1xx_hal.o(.text.HAL_Init) for HAL_Init
    main.o(.text.main) refers to stm32f1xx_hal_rcc.o(.text.HAL_RCC_OscConfig) for HAL_RCC_OscConfig
    main.o(.text.main) refers to stm32f1xx_hal_rcc.o(.text.HAL_RCC_ClockConfig) for HAL_RCC_ClockConfig
    main.o(.text.main) refers to stm32f1xx_hal_rcc.o(.text.HAL_RCC_EnableCSS) for HAL_RCC_EnableCSS
    main.o(.text.main) refers to gpio.o(.text.MX_GPIO_Init) for MX_GPIO_Init
    main.o(.text.main) refers to dma.o(.text.MX_DMA_Init) for MX_DMA_Init
    main.o(.text.main) refers to usart.o(.text.MX_USART1_UART_Init) for MX_USART1_UART_Init
    main.o(.text.main) refers to system.o(.text.System_Init) for System_Init
    main.o(.text.main) refers to system.o(.text.System_Loop) for System_Loop
    main.o(.ARM.exidx.text.main) refers to main.o(.text.main) for [Anonymous Symbol]
    main.o(.text.SystemClock_Config) refers to stm32f1xx_hal_rcc.o(.text.HAL_RCC_OscConfig) for HAL_RCC_OscConfig
    main.o(.text.SystemClock_Config) refers to stm32f1xx_hal_rcc.o(.text.HAL_RCC_ClockConfig) for HAL_RCC_ClockConfig
    main.o(.text.SystemClock_Config) refers to stm32f1xx_hal_rcc.o(.text.HAL_RCC_EnableCSS) for HAL_RCC_EnableCSS
    main.o(.ARM.exidx.text.SystemClock_Config) refers to main.o(.text.SystemClock_Config) for [Anonymous Symbol]
    main.o(.ARM.exidx.text.Error_Handler) refers to main.o(.text.Error_Handler) for [Anonymous Symbol]
    gpio.o(.text.MX_GPIO_Init) refers to stm32f1xx_hal_gpio.o(.text.HAL_GPIO_WritePin) for HAL_GPIO_WritePin
    gpio.o(.text.MX_GPIO_Init) refers to stm32f1xx_hal_gpio.o(.text.HAL_GPIO_Init) for HAL_GPIO_Init
    gpio.o(.ARM.exidx.text.MX_GPIO_Init) refers to gpio.o(.text.MX_GPIO_Init) for [Anonymous Symbol]
    dma.o(.text.MX_DMA_Init) refers to stm32f1xx_hal_cortex.o(.text.HAL_NVIC_SetPriority) for HAL_NVIC_SetPriority
    dma.o(.text.MX_DMA_Init) refers to stm32f1xx_hal_cortex.o(.text.HAL_NVIC_EnableIRQ) for HAL_NVIC_EnableIRQ
    dma.o(.ARM.exidx.text.MX_DMA_Init) refers to dma.o(.text.MX_DMA_Init) for [Anonymous Symbol]
    usart.o(.text.MX_USART1_UART_Init) refers to usart.o(.bss.huart1) for huart1
    usart.o(.text.MX_USART1_UART_Init) refers to stm32f1xx_hal_uart.o(.text.HAL_UART_Init) for HAL_UART_Init
    usart.o(.text.MX_USART1_UART_Init) refers to main.o(.text.Error_Handler) for Error_Handler
    usart.o(.ARM.exidx.text.MX_USART1_UART_Init) refers to usart.o(.text.MX_USART1_UART_Init) for [Anonymous Symbol]
    usart.o(.text.HAL_UART_MspInit) refers to stm32f1xx_hal_gpio.o(.text.HAL_GPIO_Init) for HAL_GPIO_Init
    usart.o(.text.HAL_UART_MspInit) refers to usart.o(.bss.hdma_usart1_rx) for hdma_usart1_rx
    usart.o(.text.HAL_UART_MspInit) refers to stm32f1xx_hal_dma.o(.text.HAL_DMA_Init) for HAL_DMA_Init
    usart.o(.text.HAL_UART_MspInit) refers to main.o(.text.Error_Handler) for Error_Handler
    usart.o(.text.HAL_UART_MspInit) refers to usart.o(.bss.hdma_usart1_tx) for hdma_usart1_tx
    usart.o(.text.HAL_UART_MspInit) refers to stm32f1xx_hal_cortex.o(.text.HAL_NVIC_SetPriority) for HAL_NVIC_SetPriority
    usart.o(.text.HAL_UART_MspInit) refers to stm32f1xx_hal_cortex.o(.text.HAL_NVIC_EnableIRQ) for HAL_NVIC_EnableIRQ
[...]
    Removing stm32f1xx_hal_exti.o(.text.HAL_EXTI_ClearConfigLine), (140 bytes).
    Removing stm32f1xx_hal_exti.o(.ARM.exidx.text.HAL_EXTI_ClearConfigLine), (8 bytes).
    Removing stm32f1xx_hal_exti.o(.text.HAL_EXTI_RegisterCallback), (12 bytes).
    Removing stm32f1xx_hal_exti.o(.ARM.exidx.text.HAL_EXTI_RegisterCallback), (8 bytes).
    Removing stm32f1xx_hal_exti.o(.text.HAL_EXTI_GetHandle), (12 bytes).
    Removing stm32f1xx_hal_exti.o(.ARM.exidx.text.HAL_EXTI_GetHandle), (8 bytes).
    Removing stm32f1xx_hal_exti.o(.text.HAL_EXTI_IRQHandler), (42 bytes).
    Removing stm32f1xx_hal_exti.o(.ARM.exidx.text.HAL_EXTI_IRQHandler), (8 bytes).
    Removing stm32f1xx_hal_exti.o(.text.HAL_EXTI_GetPending), (28 bytes).
    Removing stm32f1xx_hal_exti.o(.ARM.exidx.text.HAL_EXTI_GetPending), (8 bytes).
    Removing stm32f1xx_hal_exti.o(.text.HAL_EXTI_ClearPending), (24 bytes).
    Removing stm32f1xx_hal_exti.o(.ARM.exidx.text.HAL_EXTI_ClearPending), (8 bytes).
    Removing stm32f1xx_hal_exti.o(.text.HAL_EXTI_GenerateSWI), (24 bytes).
    Removing stm32f1xx_hal_exti.o(.ARM.exidx.text.HAL_EXTI_GenerateSWI), (8 bytes).
    Removing system_stm32f1xx.o(.text), (0 bytes).
    Removing system_stm32f1xx.o(.ARM.exidx.text.SystemInit), (8 bytes).
    Removing system_stm32f1xx.o(.text.SystemCoreClockUpdate), (130 bytes).
    Removing system_stm32f1xx.o(.ARM.exidx.text.SystemCoreClockUpdate), (8 bytes).
    Removing llos_conf.o(.text), (0 bytes).
    Removing llos_conf.o(.text.LLOS_Cmd_Test), (124 bytes).
    Removing llos_conf.o(.ARM.exidx.text.LLOS_Cmd_Test), (8 bytes).
    Removing llos_conf.o(.text.LLOS_Cmd_Factory), (4 bytes).
    Removing llos_conf.o(.ARM.exidx.text.LLOS_Cmd_Factory), (8 bytes).
    Removing llos_conf.o(.rodata.str1.1), (31 bytes).
    Removing llos_conf.o(.data.cmdList), (40 bytes).
    Removing llos.o(.text), (0 bytes).
    Removing llos.o(.ARM.exidx.text.LLOS_Init), (8 bytes).
    Removing llos.o(.ARM.exidx.text.LLOS_malloc), (8 bytes).
    Removing llos.o(.ARM.exidx.text.LLOS_Register_Events), (8 bytes).
    Removing llos.o(.ARM.exidx.text.LLOS_Loop), (8 bytes).
    Removing llos.o(.ARM.exidx.text.LLOS_Start_Event), (8 bytes).
    Removing llos.o(.text.LLOS_Stop_Event), (520 bytes).
    Removing llos.o(.ARM.exidx.text.LLOS_Stop_Event), (8 bytes).
    Removing llos.o(.text.LLOS_Get_TaskNum), (12 bytes).
    Removing llos.o(.ARM.exidx.text.LLOS_Get_TaskNum), (8 bytes).
    Removing llos.o(.text.LLOS_Get_SysTick), (14 bytes).
    Removing llos.o(.ARM.exidx.text.LLOS_Get_SysTick), (8 bytes).
    Removing llos.o(.text.LLOS_Get_Version), (10 bytes).
    Removing llos.o(.ARM.exidx.text.LLOS_Get_Version), (8 bytes).
    Removing llos.o(.ARM.exidx.text.LLOS_Tick_Increase), (8 bytes).
    Removing llos.o(.ARM.exidx.text.LLOS_Ms_To_Tick), (8 bytes).
    Removing llos.o(.text.LLOS_Msg_Send), (116 bytes).
    Removing llos.o(.ARM.exidx.text.LLOS_Msg_Send), (8 bytes).
    Removing llos.o(.ARM.exidx.text.LLOS_Msg_Receive), (8 bytes).
    Removing llos.o(.ARM.exidx.text.LLOS_Msg_Clear), (8 bytes).
    Removing llos.o(.text.LLOS_DelayMs), (60 bytes).
    Removing llos.o(.ARM.exidx.text.LLOS_DelayMs), (8 bytes).
    Removing llos.o(.text.LLOS_DelayUs), (60 bytes).
    Removing llos.o(.ARM.exidx.text.LLOS_DelayUs), (8 bytes).
    Removing llos.o(.ARM.exidx.text.LLOS_Timer_Set), (8 bytes).
    Removing llos.o(.text.LLOS_RTC_SetDate), (972 bytes).
    Removing llos.o(.ARM.exidx.text.LLOS_RTC_SetDate), (8 bytes).
    Removing llos.o(.text.LLOS_RTC_GetDate), (696 bytes).
    Removing llos.o(.ARM.exidx.text.LLOS_RTC_GetDate), (8 bytes).
    Removing llos.o(.text.LLOS_RTC_SetAlarm), (1060 bytes).
    Removing llos.o(.ARM.exidx.text.LLOS_RTC_SetAlarm), (8 bytes).
    Removing llos.o(.text.LLOS_free), (100 bytes).
    Removing llos.o(.ARM.exidx.text.LLOS_free), (8 bytes).
    Removing llos.o(.text.LLOS_Register_ErrorHandler), (12 bytes).
    Removing llos.o(.ARM.exidx.text.LLOS_Register_ErrorHandler), (8 bytes).
    Removing llos.o(.text.LLOS_ErrorHandler), (64 bytes).
    Removing llos.o(.ARM.exidx.text.LLOS_ErrorHandler), (8 bytes).
    Removing llos.o(.text.LLOS_System_Reset), (28 bytes).
    Removing llos.o(.ARM.exidx.text.LLOS_System_Reset), (8 bytes).
    Removing llos.o(.text.LLOS_Register_LP), (12 bytes).
    Removing llos.o(.ARM.exidx.text.LLOS_Register_LP), (8 bytes).
    Removing llos.o(.text.LLOS_Register_Device), (176 bytes).
    Removing llos.o(.ARM.exidx.text.LLOS_Register_Device), (8 bytes).
    Removing llos.o(.text.LLOS_Device_GetNum), (12 bytes).
    Removing llos.o(.ARM.exidx.text.LLOS_Device_GetNum), (8 bytes).
    Removing llos.o(.text.LLOS_Device_Find), (48 bytes).
    Removing llos.o(.ARM.exidx.text.LLOS_Device_Find), (8 bytes).
    Removing llos.o(.text.LLOS_Device_Init), (68 bytes).
    Removing llos.o(.ARM.exidx.text.LLOS_Device_Init), (8 bytes).
    Removing llos.o(.text.LLOS_Device_Open), (72 bytes).
    Removing llos.o(.ARM.exidx.text.LLOS_Device_Open), (8 bytes).
    Removing llos.o(.text.LLOS_Device_Close), (72 bytes).
    Removing llos.o(.ARM.exidx.text.LLOS_Device_Close), (8 bytes).
    Removing llos.o(.text.LLOS_Device_Read), (88 bytes).
    Removing llos.o(.ARM.exidx.text.LLOS_Device_Read), (8 bytes).
    Removing llos.o(.text.LLOS_Device_Write), (88 bytes).
    Removing llos.o(.ARM.exidx.text.LLOS_Device_Write), (8 bytes).
    Removing llos.o(.text.LLOS_Device_WriteRead), (92 bytes).
    Removing llos.o(.ARM.exidx.text.LLOS_Device_WriteRead), (8 bytes).
    Removing llos.o(.text.LLOS_Device_ReadPin), (72 bytes).
    Removing llos.o(.ARM.exidx.text.LLOS_Device_ReadPin), (8 bytes).
    Removing llos.o(.text.LLOS_Device_WritePin), (72 bytes).
    Removing llos.o(.ARM.exidx.text.LLOS_Device_WritePin), (8 bytes).
    Removing llos.o(.text.LLOS_Device_DMARead), (88 bytes).
    Removing llos.o(.ARM.exidx.text.LLOS_Device_DMARead), (8 bytes).
    Removing llos.o(.text.LLOS_Device_DMAWrite), (92 bytes).
    Removing llos.o(.ARM.exidx.text.LLOS_Device_DMAWrite), (8 bytes).
    Removing llos.o(.text.LLOS_Device_Ctrl), (68 bytes).
    Removing llos.o(.ARM.exidx.text.LLOS_Device_Ctrl), (8 bytes).
    Removing llos.o(.text.LLOS_Cmd_IDN), (52 bytes).
    Removing llos.o(.ARM.exidx.text.LLOS_Cmd_IDN), (8 bytes).
    Removing llos.o(.text.LLOS_Cmd_RST), (36 bytes).
    Removing llos.o(.ARM.exidx.text.LLOS_Cmd_RST), (8 bytes).
    Removing llos.o(.text.LLOS_Cmd_Init), (572 bytes).
    Removing llos.o(.ARM.exidx.text.LLOS_Cmd_Init), (8 bytes).
    Removing llos.o(.text.compare), (40 bytes).
    Removing llos.o(.ARM.exidx.text.compare), (8 bytes).
    Removing llos.o(.text.LLOS_Cmd_Input), (196 bytes).
    Removing llos.o(.ARM.exidx.text.LLOS_Cmd_Input), (8 bytes).
    Removing llos.o(.text.LLOS_Cmd_ParamBool), (408 bytes).
    Removing llos.o(.ARM.exidx.text.LLOS_Cmd_ParamBool), (8 bytes).
    Removing llos.o(.text.LLOS_Cmd_ParamFloat), (788 bytes).
    Removing llos.o(.ARM.exidx.text.LLOS_Cmd_ParamFloat), (8 bytes).
    Removing llos.o(.text.LLOS_Cmd_ParamInt32), (812 bytes).
    Removing llos.o(.ARM.exidx.text.LLOS_Cmd_ParamInt32), (8 bytes).
    Removing llos.o(.text.LLOS_Cmd_ParamCopyText), (396 bytes).
    Removing llos.o(.ARM.exidx.text.LLOS_Cmd_ParamCopyText), (8 bytes).
    Removing llos.o(.rodata.table_mon), (12 bytes).
    Removing llos.o(.bss.ll_errHandler_hook), (4 bytes).
    Removing llos_key.o(.text), (0 bytes).
    Removing llos_key.o(.ARM.exidx.text.LLOS_Key_Init), (8 bytes).
    Removing llos_key.o(.ARM.exidx.text.LLOS_Key_Tick), (8 bytes).
    Removing llos_led.o(.text), (0 bytes).
    Removing llos_led.o(.text.LLOS_LED_Init), (136 bytes).
    Removing llos_led.o(.ARM.exidx.text.LLOS_LED_Init), (8 bytes).
    Removing llos_led.o(.text.LLOS_LED_Tick), (380 bytes).
    Removing llos_led.o(.ARM.exidx.text.LLOS_LED_Tick), (8 bytes).
    Removing llos_led.o(.ARM.exidx.text.LLOS_LED_Set), (8 bytes).
    Removing llos_led.o(.text.LLOS_LED_Blink), (192 bytes).
    Removing llos_led.o(.ARM.exidx.text.LLOS_LED_Blink), (8 bytes).
    Removing llos_fifo.o(.text), (0 bytes).
    Removing llos_fifo.o(.ARM.exidx.text.LLOS_FIFO_Init), (8 bytes).
    Removing llos_fifo.o(.text.LLOS_FIFO_Clear), (26 bytes).
    Removing llos_fifo.o(.ARM.exidx.text.LLOS_FIFO_Clear), (8 bytes).
    Removing llos_fifo.o(.ARM.exidx.text.LLOS_FIFO_Get_UsedSize), (8 bytes).
    Removing llos_fifo.o(.ARM.exidx.text.LLOS_FIFO_Get_AvailableSize), (8 bytes).
    Removing llos_fifo.o(.ARM.exidx.text.LLOS_FIFO_Input), (8 bytes).
    Removing llos_fifo.o(.ARM.exidx.text.LLOS_FIFO_Output), (8 bytes).
    Removing system.o(.text), (0 bytes).
    Removing system.o(.ARM.exidx.text.System_Init), (8 bytes).
    Removing system.o(.ARM.exidx.text.__NVIC_SystemReset), (8 bytes).
    Removing system.o(.ARM.exidx.text.keyCB), (8 bytes).
    Removing system.o(.ARM.exidx.text.System_Loop), (8 bytes).
    Removing system.o(.ARM.exidx.text.fputc), (8 bytes).
    Removing system.o(.ARM.exidx.text.HAL_UART_IdleCallback), (8 bytes).
    Removing taskuart.o(.text), (0 bytes).
    Removing taskuart.o(.ARM.exidx.text.Task_UART_Events), (8 bytes).
    Removing taskuart.o(.ARM.exidx.text.Task_UART_Init), (8 bytes).
    Removing fmul.o(.text), (100 bytes).
    Removing fdiv.o(.text), (124 bytes).
    Removing dflti.o(.text), (34 bytes).
    Removing dfixi.o(.text), (62 bytes).
    Removing f2d.o(.text), (38 bytes).
    Removing fepilogue.o(.text), (110 bytes).
    Removing dfltul.o(.text), (24 bytes).
    Removing d2f.o(.text), (56 bytes).

511 unused section(s) (total 27079 bytes) removed from the image.

==============================================================================

Image Symbol Table

    Local Symbols

    Symbol Name                              Value     Ov Type        Size  Object(Section)

    ../clib/division.s                       0x00000000   Number         0  aeabi_sdiv.o ABSOLUTE
    ../clib/microlib/ctype/ctype.c           0x00000000   Number         0  ctype_o.o ABSOLUTE
    ../clib/microlib/ctype/ctype.c           0x00000000   Number         0  isalnum_o.o ABSOLUTE
    ../clib/microlib/ctype/ctype.c           0x00000000   Number         0  isalpha_o.o ABSOLUTE
    ../clib/microlib/ctype/ctype.c           0x00000000   Number         0  isblank_o.o ABSOLUTE
    ../clib/microlib/ctype/ctype.c           0x00000000   Number         0  iscntrl_o.o ABSOLUTE
    ../clib/microlib/ctype/ctype.c           0x00000000   Number         0  isdigit_o.o ABSOLUTE
    ../clib/microlib/ctype/ctype.c           0x00000000   Number         0  isgraph_o.o ABSOLUTE
    ../clib/microlib/ctype/ctype.c           0x00000000   Number         0  islower_o.o ABSOLUTE
    ../clib/microlib/ctype/ctype.c           0x00000000   Number         0  isprint_o.o ABSOLUTE
    ../clib/microlib/ctype/ctype.c           0x00000000   Number         0  ispunct_o.o ABSOLUTE
    ../clib/microlib/ctype/ctype.c           0x00000000   Number         0  isspace_o.o ABSOLUTE
    ../clib/microlib/ctype/ctype.c           0x00000000   Number         0  isupper_o.o ABSOLUTE
    ../clib/microlib/ctype/ctype.c           0x00000000   Number         0  isxdigit_o.o ABSOLUTE
    ../clib/microlib/ctype/ctype.c           0x00000000   Number         0  isspace_c.o ABSOLUTE
    ../clib/microlib/ctype/ctype.c           0x00000000   Number         0  ctype_c.o ABSOLUTE
    ../clib/microlib/ctype/tolower.c         0x00000000   Number         0  tolower.o ABSOLUTE
    ../clib/microlib/division.c              0x00000000   Number         0  uldiv.o ABSOLUTE
    ../clib/microlib/division.c              0x00000000   Number         0  uidiv.o ABSOLUTE
    ../clib/microlib/errno.c                 0x00000000   Number         0  errno.o ABSOLUTE
    ../clib/microlib/init/entry.s            0x00000000   Number         0  entry.o ABSOLUTE
    ../clib/microlib/init/entry.s            0x00000000   Number         0  entry2.o ABSOLUTE
    ../clib/microlib/init/entry.s            0x00000000   Number         0  entry5.o ABSOLUTE
    ../clib/microlib/init/entry.s            0x00000000   Number         0  entry7a.o ABSOLUTE
    ../clib/microlib/init/entry.s            0x00000000   Number         0  entry7b.o ABSOLUTE
    ../clib/microlib/init/entry.s            0x00000000   Number         0  entry8a.o ABSOLUTE
    ../clib/microlib/init/entry.s            0x00000000   Number         0  entry8b.o ABSOLUTE
    ../clib/microlib/init/entry.s            0x00000000   Number         0  entry9a.o ABSOLUTE
    ../clib/microlib/init/entry.s            0x00000000   Number         0  entry9b.o ABSOLUTE
    ../clib/microlib/init/entry.s            0x00000000   Number         0  entry10a.o ABSOLUTE
    ../clib/microlib/init/entry.s            0x00000000   Number         0  entry10b.o ABSOLUTE
    ../clib/microlib/init/entry.s            0x00000000   Number         0  entry11a.o ABSOLUTE
    ../clib/microlib/init/entry.s            0x00000000   Number         0  entry11b.o ABSOLUTE
    ../clib/microlib/longlong.c              0x00000000   Number         0  llshl.o ABSOLUTE
    ../clib/microlib/longlong.c              0x00000000   Number         0  llushr.o ABSOLUTE
    ../clib/microlib/longlong.c              0x00000000   Number         0  llsshr.o ABSOLUTE
    ../clib/microlib/printf/printf.c         0x00000000   Number         0  printfb.o ABSOLUTE
    ../clib/microlib/printf/printf.c         0x00000000   Number         0  printf0.o ABSOLUTE
    ../clib/microlib/printf/printf.c         0x00000000   Number         0  printf1.o ABSOLUTE
    ../clib/microlib/printf/printf.c         0x00000000   Number         0  printf2.o ABSOLUTE
    ../clib/microlib/printf/printf.c         0x00000000   Number         0  printf3.o ABSOLUTE
    ../clib/microlib/printf/printf.c         0x00000000   Number         0  printf4.o ABSOLUTE
    ../clib/microlib/printf/printf.c         0x00000000   Number         0  printf5.o ABSOLUTE
    ../clib/microlib/printf/printf.c         0x00000000   Number         0  printf6.o ABSOLUTE
    ../clib/microlib/printf/printf.c         0x00000000   Number         0  printf7.o ABSOLUTE
    ../clib/microlib/printf/printf.c         0x00000000   Number         0  printf8.o ABSOLUTE
    ../clib/microlib/printf/printf.c         0x00000000   Number         0  printfa.o ABSOLUTE
    ../clib/microlib/printf/stubs.s          0x00000000   Number         0  printfstubs.o ABSOLUTE
    ../clib/microlib/stdio/puts.c            0x00000000   Number         0  puts.o ABSOLUTE
    ../clib/microlib/stdio/puts.c            0x00000000   Number         0  puts_e.o ABSOLUTE
    ../clib/microlib/stdio/streams.c         0x00000000   Number         0  stdout.o ABSOLUTE
    ../clib/microlib/stdlib/qsort.c          0x00000000   Number         0  qsort.o ABSOLUTE
    ../clib/microlib/string/memcpy.c         0x00000000   Number         0  memcpya.o ABSOLUTE
    ../clib/microlib/string/memcpy.c         0x00000000   Number         0  memcpyb.o ABSOLUTE
    ../clib/microlib/string/memset.c         0x00000000   Number         0  memseta.o ABSOLUTE
    ../clib/microlib/string/strchr.c         0x00000000   Number         0  strchr.o ABSOLUTE
    ../clib/microlib/string/strcmp.c         0x00000000   Number         0  strcmp.o ABSOLUTE
    ../clib/microlib/string/strcpy.c         0x00000000   Number         0  strcpy.o ABSOLUTE
    ../clib/microlib/string/strlen.c         0x00000000   Number         0  strlen.o ABSOLUTE
    ../clib/microlib/string/strncasecmp.c    0x00000000   Number         0  strncasecmp.o ABSOLUTE
    ../clib/microlib/string/strncmp.c        0x00000000   Number         0  strncmp.o ABSOLUTE
    ../clib/microlib/string/strncpy.c        0x00000000   Number         0  strncpy.o ABSOLUTE
    ../clib/microlib/stubs.s                 0x00000000   Number         0  iusefp.o ABSOLUTE
    ../clib/scanf.c                          0x00000000   Number         0  strtol.o ABSOLUTE
    ../clib/scanf.c                          0x00000000   Number         0  _strtoul.o ABSOLUTE
    ../clib/scanf.c                          0x00000000   Number         0  strtof.o ABSOLUTE
    ../clib/scanf.c                          0x00000000   Number         0  _chval.o ABSOLUTE
    ../clib/scanf.c                          0x00000000   Number         0  strtod.o ABSOLUTE
    ../clib/scanf.c                          0x00000000   Number         0  scanf_fp.o ABSOLUTE
    ../clib/scanf.c                          0x00000000   Number         0  _sgetc.o ABSOLUTE
    ../fplib/microlib/d2f.c                  0x00000000   Number         0  d2f.o ABSOLUTE
    ../fplib/microlib/f2d.c                  0x00000000   Number         0  f2d.o ABSOLUTE
    ../fplib/microlib/fpadd.c                0x00000000   Number         0  dadd.o ABSOLUTE
    ../fplib/microlib/fpdiv.c                0x00000000   Number         0  fdiv.o ABSOLUTE
    ../fplib/microlib/fpdiv.c                0x00000000   Number         0  ddiv.o ABSOLUTE
    ../fplib/microlib/fpepilogue.c           0x00000000   Number         0  fepilogue.o ABSOLUTE
    ../fplib/microlib/fpepilogue.c           0x00000000   Number         0  depilogue.o ABSOLUTE
    ../fplib/microlib/fpfix.c                0x00000000   Number         0  dfixi.o ABSOLUTE
    ../fplib/microlib/fpfix.c                0x00000000   Number         0  dfixul.o ABSOLUTE
    ../fplib/microlib/fpflt.c                0x00000000   Number         0  dflti.o ABSOLUTE
    ../fplib/microlib/fpflt.c                0x00000000   Number         0  dfltul.o ABSOLUTE
    ../fplib/microlib/fpmul.c                0x00000000   Number         0  fmul.o ABSOLUTE
    ../fplib/microlib/fpmul.c                0x00000000   Number         0  dmul.o ABSOLUTE
    ../mathlib/strtof.c                      0x00000000   Number         0  strtof.o ABSOLUTE
    cdrcmple.s                               0x00000000   Number         0  cdrcmple.o ABSOLUTE
    dc.s                                     0x00000000   Number         0  dc.o ABSOLUTE
    dma.c                                    0x00000000   Number         0  dma.o ABSOLUTE
    gpio.c                                   0x00000000   Number         0  gpio.o ABSOLUTE
    handlers.s                               0x00000000   Number         0  handlers.o ABSOLUTE
    init.s                                   0x00000000   Number         0  init.o ABSOLUTE
    llos.c                                   0x00000000   Number         0  llos.o ABSOLUTE
    llos_conf.c                              0x00000000   Number         0  llos_conf.o ABSOLUTE
    llos_fifo.c                              0x00000000   Number         0  llos_fifo.o ABSOLUTE
    llos_key.c                               0x00000000   Number         0  llos_key.o ABSOLUTE
    llos_led.c                               0x00000000   Number         0  llos_led.o ABSOLUTE
    main.c                                   0x00000000   Number         0  main.o ABSOLUTE
    startup_stm32f103xb.s                    0x00000000   Number         0  startup_stm32f103xb.o ABSOLUTE
    stm32f1xx_hal.c                          0x00000000   Number         0  stm32f1xx_hal.o ABSOLUTE
    stm32f1xx_hal_cortex.c                   0x00000000   Number         0  stm32f1xx_hal_cortex.o ABSOLUTE
    stm32f1xx_hal_dma.c                      0x00000000   Number         0  stm32f1xx_hal_dma.o ABSOLUTE
    stm32f1xx_hal_exti.c                     0x00000000   Number         0  stm32f1xx_hal_exti.o ABSOLUTE
    stm32f1xx_hal_flash.c                    0x00000000   Number         0  stm32f1xx_hal_flash.o ABSOLUTE
    stm32f1xx_hal_flash_ex.c                 0x00000000   Number         0  stm32f1xx_hal_flash_ex.o ABSOLUTE
    stm32f1xx_hal_gpio.c                     0x00000000   Number         0  stm32f1xx_hal_gpio.o ABSOLUTE
    stm32f1xx_hal_gpio_ex.c                  0x00000000   Number         0  stm32f1xx_hal_gpio_ex.o ABSOLUTE
    stm32f1xx_hal_msp.c                      0x00000000   Number         0  stm32f1xx_hal_msp.o ABSOLUTE
    stm32f1xx_hal_pwr.c                      0x00000000   Number         0  stm32f1xx_hal_pwr.o ABSOLUTE
    stm32f1xx_hal_rcc.c                      0x00000000   Number         0  stm32f1xx_hal_rcc.o ABSOLUTE
    stm32f1xx_hal_rcc_ex.c                   0x00000000   Number         0  stm32f1xx_hal_rcc_ex.o ABSOLUTE
    stm32f1xx_hal_tim.c                      0x00000000   Number         0  stm32f1xx_hal_tim.o ABSOLUTE
    stm32f1xx_hal_tim_ex.c                   0x00000000   Number         0  stm32f1xx_hal_tim_ex.o ABSOLUTE
    stm32f1xx_hal_uart.c                     0x00000000   Number         0  stm32f1xx_hal_uart.o ABSOLUTE
    stm32f1xx_it.c                           0x00000000   Number         0  stm32f1xx_it.o ABSOLUTE
    system.c                                 0x00000000   Number         0  system.o ABSOLUTE
    system_stm32f1xx.c                       0x00000000   Number         0  system_stm32f1xx.o ABSOLUTE
    taskUART.c                               0x00000000   Number         0  taskuart.o ABSOLUTE
    usart.c                                  0x00000000   Number         0  usart.o ABSOLUTE
    RESET                                    0x08000000   Section      236  startup_stm32f103xb.o(RESET)
    .ARM.Collect$$$$00000000                 0x080000ec   Section        0  entry.o(.ARM.Collect$$$$00000000)
    .ARM.Collect$$$$00000001                 0x080000ec   Section        4  entry2.o(.ARM.Collect$$$$00000001)
    .ARM.Collect$$$$00000004                 0x080000f0   Section        4  entry5.o(.ARM.Collect$$$$00000004)
    .ARM.Collect$$$$00000008                 0x080000f4   Section        0  entry7b.o(.ARM.Collect$$$$00000008)
    .ARM.Collect$$$$0000000A                 0x080000f4   Section        0  entry8b.o(.ARM.Collect$$$$0000000A)
    .ARM.Collect$$$$0000000B                 0x080000f4   Section        8  entry9a.o(.ARM.Collect$$$$0000000B)
    __lit__00000000                          0x080000fc   Data           4  entry2.o(.ARM.Collect$$$$00002712)
    .ARM.Collect$$$$0000000D                 0x080000fc   Section        0  entry10a.o(.ARM.Collect$$$$0000000D)
    .ARM.Collect$$$$0000000F                 0x080000fc   Section        0  entry11a.o(.ARM.Collect$$$$0000000F)
    .ARM.Collect$$$$00002712                 0x080000fc   Section        4  entry2.o(.ARM.Collect$$$$00002712)
    .text                                    0x08000100   Section       36  startup_stm32f103xb.o(.text)
    .text                                    0x08000124   Section        0  uldiv.o(.text)
    .text                                    0x08000186   Section        0  memcpya.o(.text)
    .text                                    0x080001aa   Section        0  memseta.o(.text)
    .text                                    0x080001ce   Section        0  dmul.o(.text)
    .text                                    0x080002b2   Section        0  ddiv.o(.text)
    .text                                    0x08000390   Section        0  uidiv.o(.text)
    .text                                    0x080003bc   Section        0  llshl.o(.text)
    .text                                    0x080003da   Section        0  llushr.o(.text)
    .text                                    0x080003fa   Section        0  iusefp.o(.text)
    .text                                    0x080003fa   Section        0  depilogue.o(.text)
    .text                                    0x080004b4   Section        0  dadd.o(.text)
    .text                                    0x08000602   Section        0  dfixul.o(.text)
    .text                                    0x08000634   Section       48  cdrcmple.o(.text)
    .text                                    0x08000664   Section       48  init.o(.text)
    .text                                    0x08000694   Section        0  llsshr.o(.text)
    [Anonymous Symbol]                       0x080006b8   Section        0  stm32f1xx_it.o(.text.BusFault_Handler)
    [Anonymous Symbol]                       0x080006bc   Section        0  stm32f1xx_it.o(.text.DMA1_Channel4_IRQHandler)
    [Anonymous Symbol]                       0x080006c8   Section        0  stm32f1xx_it.o(.text.DMA1_Channel5_IRQHandler)
    [Anonymous Symbol]                       0x080006d4   Section        0  stm32f1xx_it.o(.text.DebugMon_Handler)
    [Anonymous Symbol]                       0x080006d8   Section        0  main.o(.text.Error_Handler)
    [Anonymous Symbol]                       0x080006e4   Section        0  stm32f1xx_hal_dma.o(.text.HAL_DMA_Abort)
    [Anonymous Symbol]                       0x0800072c   Section        0  stm32f1xx_hal_dma.o(.text.HAL_DMA_Abort_IT)
    [Anonymous Symbol]                       0x080007e0   Section        0  stm32f1xx_hal_dma.o(.text.HAL_DMA_IRQHandler)
    [Anonymous Symbol]                       0x08000980   Section        0  stm32f1xx_hal_dma.o(.text.HAL_DMA_Init)
    [Anonymous Symbol]                       0x08000a08   Section        0  stm32f1xx_hal_dma.o(.text.HAL_DMA_Start_IT)
    [Anonymous Symbol]                       0x08000aa8   Section        0  stm32f1xx_hal.o(.text.HAL_Delay)
    [Anonymous Symbol]                       0x08000ad0   Section        0  stm32f1xx_hal_gpio.o(.text.HAL_GPIO_Init)
    [Anonymous Symbol]                       0x08000ce0   Section        0  stm32f1xx_hal_gpio.o(.text.HAL_GPIO_WritePin)
    [Anonymous Symbol]                       0x08000cec   Section        0  stm32f1xx_hal.o(.text.HAL_GetTick)
    [Anonymous Symbol]                       0x08000cf8   Section        0  stm32f1xx_hal.o(.text.HAL_IncTick)
    [Anonymous Symbol]                       0x08000d14   Section        0  stm32f1xx_hal.o(.text.HAL_Init)
    [Anonymous Symbol]                       0x08000d3c   Section        0  stm32f1xx_hal.o(.text.HAL_InitTick)
    [Anonymous Symbol]                       0x08000d84   Section        0  stm32f1xx_hal_msp.o(.text.HAL_MspInit)
    [Anonymous Symbol]                       0x08000dc8   Section        0  stm32f1xx_hal_cortex.o(.text.HAL_NVIC_EnableIRQ)
    [Anonymous Symbol]                       0x08000dec   Section        0  stm32f1xx_hal_cortex.o(.text.HAL_NVIC_SetPriority)
    [Anonymous Symbol]                       0x08000e44   Section        0  stm32f1xx_hal_cortex.o(.text.HAL_NVIC_SetPriorityGrouping)
    [Anonymous Symbol]                       0x08000e64   Section        0  stm32f1xx_hal_rcc.o(.text.HAL_RCC_CSSCallback)
    [Anonymous Symbol]                       0x08000e68   Section        0  stm32f1xx_hal_rcc.o(.text.HAL_RCC_ClockConfig)
    [Anonymous Symbol]                       0x0800103c   Section        0  stm32f1xx_hal_rcc.o(.text.HAL_RCC_EnableCSS)
    [Anonymous Symbol]                       0x08001048   Section        0  stm32f1xx_hal_rcc.o(.text.HAL_RCC_GetPCLK1Freq)
    [Anonymous Symbol]                       0x08001070   Section        0  stm32f1xx_hal_rcc.o(.text.HAL_RCC_GetPCLK2Freq)
    [Anonymous Symbol]                       0x08001098   Section        0  stm32f1xx_hal_rcc.o(.text.HAL_RCC_NMI_IRQHandler)
    [Anonymous Symbol]                       0x080010b4   Section        0  stm32f1xx_hal_rcc.o(.text.HAL_RCC_OscConfig)
    [Anonymous Symbol]                       0x080014b4   Section        0  stm32f1xx_hal_cortex.o(.text.HAL_SYSTICK_Config)
    [Anonymous Symbol]                       0x080014e0   Section        0  stm32f1xx_hal_uart.o(.text.HAL_UARTEx_RxEventCallback)
    [Anonymous Symbol]                       0x080014e4   Section        0  stm32f1xx_hal_uart.o(.text.HAL_UART_DMAStop)
    [Anonymous Symbol]                       0x08001700   Section        0  stm32f1xx_hal_uart.o(.text.HAL_UART_ErrorCallback)
    [Anonymous Symbol]                       0x08001704   Section        0  stm32f1xx_hal_uart.o(.text.HAL_UART_IRQHandler)
    [Anonymous Symbol]                       0x08001c74   Section        0  system.o(.text.HAL_UART_IdleCallback)
    [Anonymous Symbol]                       0x08001d28   Section        0  stm32f1xx_hal_uart.o(.text.HAL_UART_Init)
    [Anonymous Symbol]                       0x08001e0c   Section        0  usart.o(.text.HAL_UART_MspInit)
    [Anonymous Symbol]                       0x08001f08   Section        0  stm32f1xx_hal_uart.o(.text.HAL_UART_Receive_DMA)
    [Anonymous Symbol]                       0x08002068   Section        0  stm32f1xx_hal_uart.o(.text.HAL_UART_RxCpltCallback)
    [Anonymous Symbol]                       0x0800206c   Section        0  stm32f1xx_hal_uart.o(.text.HAL_UART_RxHalfCpltCallback)
    [Anonymous Symbol]                       0x08002070   Section        0  stm32f1xx_hal_uart.o(.text.HAL_UART_Transmit)
    [Anonymous Symbol]                       0x080021e8   Section        0  stm32f1xx_hal_uart.o(.text.HAL_UART_TxCpltCallback)
    [Anonymous Symbol]                       0x080021ec   Section        0  stm32f1xx_it.o(.text.HardFault_Handler)
    [Anonymous Symbol]                       0x080021f0   Section        0  llos_fifo.o(.text.LLOS_FIFO_Get_AvailableSize)
    [Anonymous Symbol]                       0x08002200   Section        0  llos_fifo.o(.text.LLOS_FIFO_Get_UsedSize)
    [Anonymous Symbol]                       0x08002210   Section        0  llos_fifo.o(.text.LLOS_FIFO_Init)
    [Anonymous Symbol]                       0x080022d4   Section        0  llos_fifo.o(.text.LLOS_FIFO_Input)
    [Anonymous Symbol]                       0x0800240c   Section        0  llos_fifo.o(.text.LLOS_FIFO_Output)
    [Anonymous Symbol]                       0x08002530   Section        0  llos.o(.text.LLOS_Init)
    [Anonymous Symbol]                       0x08002ad8   Section        0  llos_key.o(.text.LLOS_Key_Init)
    LLOS_Key_Tick                            0x08002c05   Thumb Code   360  llos_key.o(.text.LLOS_Key_Tick)
    [Anonymous Symbol]                       0x08002c04   Section        0  llos_key.o(.text.LLOS_Key_Tick)
    [Anonymous Symbol]                       0x08002d6c   Section        0  llos_led.o(.text.LLOS_LED_Set)
    [Anonymous Symbol]                       0x08002ee8   Section        0  llos.o(.text.LLOS_Loop)
    [Anonymous Symbol]                       0x08003048   Section        0  llos.o(.text.LLOS_Ms_To_Tick)
    [Anonymous Symbol]                       0x0800305c   Section        0  llos.o(.text.LLOS_Msg_Clear)
    [Anonymous Symbol]                       0x080030b4   Section        0  llos.o(.text.LLOS_Msg_Receive)
    [Anonymous Symbol]                       0x080030c4   Section        0  llos.o(.text.LLOS_Register_Events)
    [Anonymous Symbol]                       0x08003120   Section        0  llos.o(.text.LLOS_Start_Event)
    [Anonymous Symbol]                       0x080033a8   Section        0  llos.o(.text.LLOS_Tick_Increase)
    [Anonymous Symbol]                       0x080034b0   Section        0  llos.o(.text.LLOS_Timer_Set)
    [Anonymous Symbol]                       0x08003538   Section        0  llos.o(.text.LLOS_malloc)
    [Anonymous Symbol]                       0x0800369c   Section        0  dma.o(.text.MX_DMA_Init)
    [Anonymous Symbol]                       0x080036e0   Section        0  gpio.o(.text.MX_GPIO_Init)
    [Anonymous Symbol]                       0x0800377c   Section        0  usart.o(.text.MX_USART1_UART_Init)
    [Anonymous Symbol]                       0x080037b8   Section        0  stm32f1xx_it.o(.text.MemManage_Handler)
    [Anonymous Symbol]                       0x080037bc   Section        0  stm32f1xx_it.o(.text.NMI_Handler)
    [Anonymous Symbol]                       0x080037c4   Section        0  stm32f1xx_it.o(.text.PendSV_Handler)
    [Anonymous Symbol]                       0x080037c8   Section        0  stm32f1xx_it.o(.text.SVC_Handler)
    [Anonymous Symbol]                       0x080037cc   Section        0  stm32f1xx_it.o(.text.SysTick_Handler)
    [Anonymous Symbol]                       0x080037dc   Section        0  system_stm32f1xx.o(.text.SystemInit)
    [Anonymous Symbol]                       0x080037e0   Section        0  system.o(.text.System_Init)
    [Anonymous Symbol]                       0x08003880   Section        0  system.o(.text.System_Loop)
    [Anonymous Symbol]                       0x080038d4   Section        0  taskuart.o(.text.Task_UART_Events)
    [Anonymous Symbol]                       0x08003990   Section        0  taskuart.o(.text.Task_UART_Init)
    UART_DMAAbortOnError                     0x08003a05   Thumb Code    12  stm32f1xx_hal_uart.o(.text.UART_DMAAbortOnError)
    [Anonymous Symbol]                       0x08003a04   Section        0  stm32f1xx_hal_uart.o(.text.UART_DMAAbortOnError)
    UART_DMAError                            0x08003a11   Thumb Code   380  stm32f1xx_hal_uart.o(.text.UART_DMAError)
    [Anonymous Symbol]                       0x08003a10   Section        0  stm32f1xx_hal_uart.o(.text.UART_DMAError)
    UART_DMAReceiveCplt                      0x08003b8d   Thumb Code   350  stm32f1xx_hal_uart.o(.text.UART_DMAReceiveCplt)
    [Anonymous Symbol]                       0x08003b8c   Section        0  stm32f1xx_hal_uart.o(.text.UART_DMAReceiveCplt)
    UART_DMARxHalfCplt                       0x08003ced   Thumb Code    24  stm32f1xx_hal_uart.o(.text.UART_DMARxHalfCplt)
    [Anonymous Symbol]                       0x08003cec   Section        0  stm32f1xx_hal_uart.o(.text.UART_DMARxHalfCplt)
    UART_Receive_IT                          0x08003d05   Thumb Code   254  stm32f1xx_hal_uart.o(.text.UART_Receive_IT)
    [Anonymous Symbol]                       0x08003d04   Section        0  stm32f1xx_hal_uart.o(.text.UART_Receive_IT)
    [Anonymous Symbol]                       0x08003e04   Section        0  stm32f1xx_it.o(.text.USART1_IRQHandler)
    [Anonymous Symbol]                       0x08003e20   Section        0  stm32f1xx_it.o(.text.UsageFault_Handler)
    __NVIC_SystemReset                       0x08003e25   Thumb Code    42  system.o(.text.__NVIC_SystemReset)
    [Anonymous Symbol]                       0x08003e24   Section        0  system.o(.text.__NVIC_SystemReset)
    [Anonymous Symbol]                       0x08003e50   Section        0  system.o(.text.fputc)
    keyCB                                    0x08003e71   Thumb Code    44  system.o(.text.keyCB)
    [Anonymous Symbol]                       0x08003e70   Section        0  system.o(.text.keyCB)
    [Anonymous Symbol]                       0x08003ea4   Section        0  main.o(.text.main)
    i.__0printf                              0x08003f20   Section        0  printfa.o(i.__0printf)
    i.__scatterload_copy                     0x08003f40   Section       14  handlers.o(i.__scatterload_copy)
    i.__scatterload_null                     0x08003f4e   Section        2  handlers.o(i.__scatterload_null)
    i.__scatterload_zeroinit                 0x08003f50   Section       14  handlers.o(i.__scatterload_zeroinit)
    _fp_digits                               0x08003f61   Thumb Code   366  printfa.o(i._fp_digits)
    i._fp_digits                             0x08003f60   Section        0  printfa.o(i._fp_digits)
    _printf_core                             0x080040e5   Thumb Code  1744  printfa.o(i._printf_core)
    i._printf_core                           0x080040e4   Section        0  printfa.o(i._printf_core)
    _printf_post_padding                     0x080047c1   Thumb Code    36  printfa.o(i._printf_post_padding)
    i._printf_post_padding                   0x080047c0   Section        0  printfa.o(i._printf_post_padding)
    _printf_pre_padding                      0x080047e5   Thumb Code    46  printfa.o(i._printf_pre_padding)
    i._printf_pre_padding                    0x080047e4   Section        0  printfa.o(i._printf_pre_padding)
    i.puts                                   0x08004814   Section        0  puts.o(i.puts)
    HAL_RCC_GetSysClockFreq.aPredivFactorTable 0x08004850   Data           2  stm32f1xx_hal_rcc.o(.rodata.HAL_RCC_GetSysClockFreq.aPredivFactorTable)
    [Anonymous Symbol]                       0x08004850   Section        0  stm32f1xx_hal_rcc.o(.rodata.HAL_RCC_GetSysClockFreq.aPredivFactorTable)
    HAL_RCC_GetSysClockFreq.aPLLMULFactorTable 0x08004852   Data          16  stm32f1xx_hal_rcc.o(.rodata.cst16)
    [Anonymous Symbol]                       0x08004852   Section        0  stm32f1xx_hal_rcc.o(.rodata.cst16)
    .Lstr.84                                 0x08004862   Data          52  llos.o(.rodata.str1.1)
    [Anonymous Symbol]                       0x08004862   Section        0  llos.o(.rodata.str1.1)
    .L.str.50                                0x08004869   Data           3  llos.o(.rodata.str1.1)
    .L.str.51                                0x0800486c   Data           3  llos.o(.rodata.str1.1)
    .L.str.52                                0x0800486f   Data           3  llos.o(.rodata.str1.1)
    .L.str.53                                0x08004872   Data           3  llos.o(.rodata.str1.1)
    .L.str.54                                0x08004875   Data           3  llos.o(.rodata.str1.1)
    .L.str.55                                0x08004878   Data           3  llos.o(.rodata.str1.1)
    .L.str.56                                0x0800487b   Data           3  llos.o(.rodata.str1.1)
    .L.str.57                                0x0800487e   Data           3  llos.o(.rodata.str1.1)
    .L.str.58                                0x08004881   Data           3  llos.o(.rodata.str1.1)
    .L.str.59                                0x08004884   Data           3  llos.o(.rodata.str1.1)
    .L.str.60                                0x08004887   Data           3  llos.o(.rodata.str1.1)
    .L.str.61                                0x0800488a   Data           3  llos.o(.rodata.str1.1)
    .L.str.62                                0x0800488d   Data           4  llos.o(.rodata.str1.1)
    .L.str.63                                0x08004891   Data           4  llos.o(.rodata.str1.1)
    .L.str.64                                0x08004895   Data           5  llos.o(.rodata.str1.1)
    .Lstr.87                                 0x08004896   Data          52  llos.o(.rodata.str1.1)
    .L.str.65                                0x0800489a   Data           4  llos.o(.rodata.str1.1)
    .L.str.66                                0x0800489e   Data           5  llos.o(.rodata.str1.1)
    .L.str.67                                0x080048a3   Data           5  llos.o(.rodata.str1.1)
    .Lstr.85                                 0x080048ca   Data          52  llos.o(.rodata.str1.1)
    .Lstr                                    0x080048fe   Data          52  llos.o(.rodata.str1.1)
    .Lstr.86                                 0x08004932   Data          52  llos.o(.rodata.str1.1)
    .Lstr.93                                 0x08004966   Data          62  llos.o(.rodata.str1.1)
    .Lstr.94                                 0x080049a4   Data          44  llos.o(.rodata.str1.1)
    .Lstr.92                                 0x080049d0   Data          50  llos.o(.rodata.str1.1)
    .Lstr.91                                 0x08004a02   Data          46  llos.o(.rodata.str1.1)
    .L.str.13                                0x08004a30   Data           7  llos.o(.rodata.str1.1)
    .Lstr.5                                  0x08004a6f   Data          50  llos_key.o(.rodata.str1.1)
    [Anonymous Symbol]                       0x08004a6f   Section        0  llos_key.o(.rodata.str1.1)
    .Lstr.105                                0x08004a76   Data          39  llos.o(.rodata.str1.1)
    .Lstr.121                                0x08004a9d   Data          53  llos.o(.rodata.str1.1)
    .Lstr.6                                  0x08004aa1   Data          40  llos_key.o(.rodata.str1.1)
    .Lstr.122                                0x08004ad2   Data          30  llos.o(.rodata.str1.1)
    .Lstr.123                                0x08004af0   Data          33  llos.o(.rodata.str1.1)
    .Lstr.125                                0x08004b11   Data          60  llos.o(.rodata.str1.1)
    .Lstr.128                                0x08004b4d   Data          60  llos.o(.rodata.str1.1)
    .Lstr.131                                0x08004b89   Data          62  llos.o(.rodata.str1.1)
    .data                                    0x20000000   Section        4  stdout.o(.data)
    .L_MergedGlobals                         0x20000004   Data           8  stm32f1xx_hal.o(.data..L_MergedGlobals)
    [Anonymous Symbol]                       0x20000004   Section        0  stm32f1xx_hal.o(.data..L_MergedGlobals)
    taskUART                                 0x20000010   Data           1  taskuart.o(.data.taskUART)
    [Anonymous Symbol]                       0x20000010   Section        0  taskuart.o(.data.taskUART)
    tickMultiple                             0x20000011   Data           1  llos.o(.data.tickMultiple)
    [Anonymous Symbol]                       0x20000011   Section        0  llos.o(.data.tickMultiple)
    .L_MergedGlobals                         0x20000018   Data         120  llos.o(.bss..L_MergedGlobals)
    ll_memCfgs.2                             0x20000018   Data           1  llos.o(.bss..L_MergedGlobals)
    [Anonymous Symbol]                       0x20000018   Section        0  llos.o(.bss..L_MergedGlobals)
    ll_memCfgs.3                             0x2000001c   Data           1  llos.o(.bss..L_MergedGlobals)
    ll_memCfgs.4                             0x20000020   Data           1  llos.o(.bss..L_MergedGlobals)
    ll_memCfgs.5                             0x20000024   Data           1  llos.o(.bss..L_MergedGlobals)
    taskIndex                                0x20000025   Data           1  llos.o(.bss..L_MergedGlobals)
    deviceIndex                              0x20000026   Data           1  llos.o(.bss..L_MergedGlobals)
    ll_memCfgs.1                             0x20000028   Data           2  llos.o(.bss..L_MergedGlobals)
    LLOS_RTC_GetDate.daycnt                  0x2000002a   Data           2  llos.o(.bss..L_MergedGlobals)
    ll_cmd_bufSize                           0x2000002c   Data           2  llos.o(.bss..L_MergedGlobals)
    ll_system_reset_hook                     0x20000030   Data           4  llos.o(.bss..L_MergedGlobals)
    ll_osDelayCB.0                           0x20000034   Data           4  llos.o(.bss..L_MergedGlobals)
    ll_osDelayCB.1                           0x20000038   Data           4  llos.o(.bss..L_MergedGlobals)
    ll_memCfgs.0                             0x2000003c   Data           4  llos.o(.bss..L_MergedGlobals)
    eventCB_list                             0x20000040   Data           4  llos.o(.bss..L_MergedGlobals)
    msg_list                                 0x20000044   Data           4  llos.o(.bss..L_MergedGlobals)
    timerCB_list                             0x20000048   Data           4  llos.o(.bss..L_MergedGlobals)
    alarm_list                               0x2000004c   Data           4  llos.o(.bss..L_MergedGlobals)
    device_list                              0x20000050   Data           4  llos.o(.bss..L_MergedGlobals)
    ll_LP_CB                                 0x20000054   Data           4  llos.o(.bss..L_MergedGlobals)
    pvid                                     0x20000058   Data           4  llos.o(.bss..L_MergedGlobals)
    ppid                                     0x2000005c   Data           4  llos.o(.bss..L_MergedGlobals)
    pversion                                 0x20000060   Data           4  llos.o(.bss..L_MergedGlobals)
    psn                                      0x20000064   Data           4  llos.o(.bss..L_MergedGlobals)
    sysTick                                  0x20000068   Data           8  llos.o(.bss..L_MergedGlobals)
    context                                  0x20000078   Data           8  llos.o(.bss..L_MergedGlobals)
    rtc                                      0x20000080   Data          16  llos.o(.bss..L_MergedGlobals)
    .L_MergedGlobals                         0x20000090   Data          24  llos_key.o(.bss..L_MergedGlobals)
    ll_keyNum                                0x20000090   Data           1  llos_key.o(.bss..L_MergedGlobals)
    [Anonymous Symbol]                       0x20000090   Section        0  llos_key.o(.bss..L_MergedGlobals)
    i                                        0x20000091   Data           1  llos_key.o(.bss..L_MergedGlobals)
    keyTaskPeriod                            0x20000092   Data           2  llos_key.o(.bss..L_MergedGlobals)
    ll_overTime                              0x20000094   Data           2  llos_key.o(.bss..L_MergedGlobals)
    ll_longPressTime                         0x20000096   Data           2  llos_key.o(.bss..L_MergedGlobals)
    keyChangeCB                              0x2000009c   Data           4  llos_key.o(.bss..L_MergedGlobals)
    ll_keyConfig                             0x200000a0   Data           4  llos_key.o(.bss..L_MergedGlobals)
    FSM_value                                0x200000a4   Data           4  llos_key.o(.bss..L_MergedGlobals)
    .L_MergedGlobals                         0x200000a8   Data           8  llos_led.o(.bss..L_MergedGlobals)
    ll_ledNum                                0x200000a8   Data           1  llos_led.o(.bss..L_MergedGlobals)
    [Anonymous Symbol]                       0x200000a8   Section        0  llos_led.o(.bss..L_MergedGlobals)
    ledIndex                                 0x200000a9   Data           1  llos_led.o(.bss..L_MergedGlobals)
    ledTaskPeriod                            0x200000aa   Data           2  llos_led.o(.bss..L_MergedGlobals)
    ledList                                  0x200000ac   Data           4  llos_led.o(.bss..L_MergedGlobals)
    bufferUART                               0x200000b0   Data        1024  taskuart.o(.bss.bufferUART)
    [Anonymous Symbol]                       0x200000b0   Section        0  taskuart.o(.bss.bufferUART)
    pMemPool                                 0x20000590   Data        4096  system.o(.bss.pMemPool)
    [Anonymous Symbol]                       0x20000590   Section        0  system.o(.bss.pMemPool)
    STACK                                    0x20001698   Section     1024  startup_stm32f103xb.o(STACK)

    Global Symbols

    Symbol Name                              Value     Ov Type        Size  Object(Section)

    BuildAttributes$$THM_ISAv4$P$D$K$B$S$PE$A:L22UL41UL21$X:L11$S22US41US21$IEEE1$IW$~IW$USESV6$~STKCKD$USESV7$~SHL$OTIME$ROPI$IEEEJ$EBA8$MICROLIB$REQ8$PRES8$EABIv2 0x00000000   Number         0  anon$$obj.o ABSOLUTE
    _printf_a                                0x00000000   Number         0  printfstubs.o ABSOLUTE
    _printf_c                                0x00000000   Number         0  printfstubs.o ABSOLUTE
    _printf_charcount                        0x00000000   Number         0  printfstubs.o ABSOLUTE
    _printf_d                                0x00000000   Number         0  printfstubs.o ABSOLUTE
    _printf_e                                0x00000000   Number         0  printfstubs.o ABSOLUTE
    _printf_f                                0x00000000   Number         0  printfstubs.o ABSOLUTE
    _printf_flags                            0x00000000   Number         0  printfstubs.o ABSOLUTE
    _printf_fp_dec                           0x00000000   Number         0  printfstubs.o ABSOLUTE
    _printf_fp_hex                           0x00000000   Number         0  printfstubs.o ABSOLUTE
    _printf_g                                0x00000000   Number         0  printfstubs.o ABSOLUTE
    _printf_i                                0x00000000   Number         0  printfstubs.o ABSOLUTE
    _printf_int_dec                          0x00000000   Number         0  printfstubs.o ABSOLUTE
    _printf_l                                0x00000000   Number         0  printfstubs.o ABSOLUTE
    _printf_lc                               0x00000000   Number         0  printfstubs.o ABSOLUTE
    _printf_ll                               0x00000000   Number         0  printfstubs.o ABSOLUTE
    _printf_lld                              0x00000000   Number         0  printfstubs.o ABSOLUTE
    _printf_lli                              0x00000000   Number         0  printfstubs.o ABSOLUTE
    _printf_llo                              0x00000000   Number         0  printfstubs.o ABSOLUTE
    _printf_llu                              0x00000000   Number         0  printfstubs.o ABSOLUTE
    _printf_llx                              0x00000000   Number         0  printfstubs.o ABSOLUTE
    _printf_longlong_dec                     0x00000000   Number         0  printfstubs.o ABSOLUTE
    _printf_longlong_hex                     0x00000000   Number         0  printfstubs.o ABSOLUTE
    _printf_longlong_oct                     0x00000000   Number         0  printfstubs.o ABSOLUTE
    _printf_ls                               0x00000000   Number         0  printfstubs.o ABSOLUTE
    _printf_mbtowc                           0x00000000   Number         0  printfstubs.o ABSOLUTE
    _printf_n                                0x00000000   Number         0  printfstubs.o ABSOLUTE
    _printf_o                                0x00000000   Number         0  printfstubs.o ABSOLUTE
    _printf_p                                0x00000000   Number         0  printfstubs.o ABSOLUTE
    _printf_percent                          0x00000000   Number         0  printfstubs.o ABSOLUTE
    _printf_pre_padding                      0x00000000   Number         0  printfstubs.o ABSOLUTE
    _printf_return_value                     0x00000000   Number         0  printfstubs.o ABSOLUTE
    _printf_s                                0x00000000   Number         0  printfstubs.o ABSOLUTE
    _printf_sizespec                         0x00000000   Number         0  printfstubs.o ABSOLUTE
    _printf_str                              0x00000000   Number         0  printfstubs.o ABSOLUTE
    _printf_truncate_signed                  0x00000000   Number         0  printfstubs.o ABSOLUTE
    _printf_truncate_unsigned                0x00000000   Number         0  printfstubs.o ABSOLUTE
    _printf_u                                0x00000000   Number         0  printfstubs.o ABSOLUTE
    _printf_wc                               0x00000000   Number         0  printfstubs.o ABSOLUTE
    _printf_wctomb                           0x00000000   Number         0  printfstubs.o ABSOLUTE
    _printf_widthprec                        0x00000000   Number         0  printfstubs.o ABSOLUTE
    _printf_x                                0x00000000   Number         0  printfstubs.o ABSOLUTE
    __cpp_initialize__aeabi_                  - Undefined Weak Reference
    __cxa_finalize                            - Undefined Weak Reference
    __decompress                              - Undefined Weak Reference
    _clock_init                               - Undefined Weak Reference
    _microlib_exit                            - Undefined Weak Reference
    __Vectors_Size                           0x000000ec   Number         0  startup_stm32f103xb.o ABSOLUTE
    __Vectors                                0x08000000   Data           4  startup_stm32f103xb.o(RESET)
    __Vectors_End                            0x080000ec   Data           0  startup_stm32f103xb.o(RESET)
    __main                                   0x080000ed   Thumb Code     0  entry.o(.ARM.Collect$$$$00000000)
    _main_stk                                0x080000ed   Thumb Code     0  entry2.o(.ARM.Collect$$$$00000001)
    _main_scatterload                        0x080000f1   Thumb Code     0  entry5.o(.ARM.Collect$$$$00000004)
    __main_after_scatterload                 0x080000f5   Thumb Code     0  entry5.o(.ARM.Collect$$$$00000004)
    _main_clock                              0x080000f5   Thumb Code     0  entry7b.o(.ARM.Collect$$$$00000008)
    _main_cpp_init                           0x080000f5   Thumb Code     0  entry8b.o(.ARM.Collect$$$$0000000A)
    _main_init                               0x080000f5   Thumb Code     0  entry9a.o(.ARM.Collect$$$$0000000B)
    __rt_final_cpp                           0x080000fd   Thumb Code     0  entry10a.o(.ARM.Collect$$$$0000000D)
    __rt_final_exit                          0x080000fd   Thumb Code     0  entry11a.o(.ARM.Collect$$$$0000000F)
    Reset_Handler                            0x08000101   Thumb Code     8  startup_stm32f103xb.o(.text)
    ADC1_2_IRQHandler                        0x0800011b   Thumb Code     0  startup_stm32f103xb.o(.text)
    CAN1_RX1_IRQHandler                      0x0800011b   Thumb Code     0  startup_stm32f103xb.o(.text)
    CAN1_SCE_IRQHandler                      0x0800011b   Thumb Code     0  startup_stm32f103xb.o(.text)
    DMA1_Channel1_IRQHandler                 0x0800011b   Thumb Code     0  startup_stm32f103xb.o(.text)
    DMA1_Channel2_IRQHandler                 0x0800011b   Thumb Code     0  startup_stm32f103xb.o(.text)
    DMA1_Channel3_IRQHandler                 0x0800011b   Thumb Code     0  startup_stm32f103xb.o(.text)
    DMA1_Channel6_IRQHandler                 0x0800011b   Thumb Code     0  startup_stm32f103xb.o(.text)
    DMA1_Channel7_IRQHandler                 0x0800011b   Thumb Code     0  startup_stm32f103xb.o(.text)
    EXTI0_IRQHandler                         0x0800011b   Thumb Code     0  startup_stm32f103xb.o(.text)
    EXTI15_10_IRQHandler                     0x0800011b   Thumb Code     0  startup_stm32f103xb.o(.text)
    EXTI1_IRQHandler                         0x0800011b   Thumb Code     0  startup_stm32f103xb.o(.text)
    EXTI2_IRQHandler                         0x0800011b   Thumb Code     0  startup_stm32f103xb.o(.text)
    EXTI3_IRQHandler                         0x0800011b   Thumb Code     0  startup_stm32f103xb.o(.text)
    EXTI4_IRQHandler                         0x0800011b   Thumb Code     0  startup_stm32f103xb.o(.text)
    EXTI9_5_IRQHandler                       0x0800011b   Thumb Code     0  startup_stm32f103xb.o(.text)
    FLASH_IRQHandler                         0x0800011b   Thumb Code     0  startup_stm32f103xb.o(.text)
    I2C1_ER_IRQHandler                       0x0800011b   Thumb Code     0  startup_stm32f103xb.o(.text)
    I2C1_EV_IRQHandler                       0x0800011b   Thumb Code     0  startup_stm32f103xb.o(.text)
    I2C2_ER_IRQHandler                       0x0800011b   Thumb Code     0  startup_stm32f103xb.o(.text)
    I2C2_EV_IRQHandler                       0x0800011b   Thumb Code     0  startup_stm32f103xb.o(.text)
    PVD_IRQHandler                           0x0800011b   Thumb Code     0  startup_stm32f103xb.o(.text)
    RCC_IRQHandler                           0x0800011b   Thumb Code     0  startup_stm32f103xb.o(.text)
    RTC_Alarm_IRQHandler                     0x0800011b   Thumb Code     0  startup_stm32f103xb.o(.text)
    RTC_IRQHandler                           0x0800011b   Thumb Code     0  startup_stm32f103xb.o(.text)
    SPI1_IRQHandler                          0x0800011b   Thumb Code     0  startup_stm32f103xb.o(.text)
    SPI2_IRQHandler                          0x0800011b   Thumb Code     0  startup_stm32f103xb.o(.text)
    TAMPER_IRQHandler                        0x0800011b   Thumb Code     0  startup_stm32f103xb.o(.text)
    TIM1_BRK_IRQHandler                      0x0800011b   Thumb Code     0  startup_stm32f103xb.o(.text)
    TIM1_CC_IRQHandler                       0x0800011b   Thumb Code     0  startup_stm32f103xb.o(.text)
    TIM1_TRG_COM_IRQHandler                  0x0800011b   Thumb Code     0  startup_stm32f103xb.o(.text)
    TIM1_UP_IRQHandler                       0x0800011b   Thumb Code     0  startup_stm32f103xb.o(.text)
    TIM2_IRQHandler                          0x0800011b   Thumb Code     0  startup_stm32f103xb.o(.text)
    TIM3_IRQHandler                          0x0800011b   Thumb Code     0  startup_stm32f103xb.o(.text)
    TIM4_IRQHandler                          0x0800011b   Thumb Code     0  startup_stm32f103xb.o(.text)
    USART2_IRQHandler                        0x0800011b   Thumb Code     0  startup_stm32f103xb.o(.text)
    USART3_IRQHandler                        0x0800011b   Thumb Code     0  startup_stm32f103xb.o(.text)
    USBWakeUp_IRQHandler                     0x0800011b   Thumb Code     0  startup_stm32f103xb.o(.text)
    USB_HP_CAN1_TX_IRQHandler                0x0800011b   Thumb Code     0  startup_stm32f103xb.o(.text)
    USB_LP_CAN1_RX0_IRQHandler               0x0800011b   Thumb Code     0  startup_stm32f103xb.o(.text)
    WWDG_IRQHandler                          0x0800011b   Thumb Code     0  startup_stm32f103xb.o(.text)
    __aeabi_uldivmod                         0x08000125   Thumb Code    98  uldiv.o(.text)
    __aeabi_memcpy                           0x08000187   Thumb Code    36  memcpya.o(.text)
    __aeabi_memcpy4                          0x08000187   Thumb Code     0  memcpya.o(.text)
    __aeabi_memcpy8                          0x08000187   Thumb Code     0  memcpya.o(.text)
    __aeabi_memset                           0x080001ab   Thumb Code    14  memseta.o(.text)
    __aeabi_memset4                          0x080001ab   Thumb Code     0  memseta.o(.text)
    __aeabi_memset8                          0x080001ab   Thumb Code     0  memseta.o(.text)
    __aeabi_memclr                           0x080001b9   Thumb Code     4  memseta.o(.text)
    __aeabi_memclr4                          0x080001b9   Thumb Code     0  memseta.o(.text)
    __aeabi_memclr8                          0x080001b9   Thumb Code     0  memseta.o(.text)
    _memset$wrapper                          0x080001bd   Thumb Code    18  memseta.o(.text)
    __aeabi_dmul                             0x080001cf   Thumb Code   228  dmul.o(.text)
    __aeabi_ddiv                             0x080002b3   Thumb Code   222  ddiv.o(.text)
    __aeabi_uidiv                            0x08000391   Thumb Code     0  uidiv.o(.text)
    __aeabi_uidivmod                         0x08000391   Thumb Code    44  uidiv.o(.text)
    __aeabi_llsl                             0x080003bd   Thumb Code    30  llshl.o(.text)
    _ll_shift_l                              0x080003bd   Thumb Code     0  llshl.o(.text)
    __aeabi_llsr                             0x080003db   Thumb Code    32  llushr.o(.text)
    _ll_ushift_r                             0x080003db   Thumb Code     0  llushr.o(.text)
    __I$use$fp                               0x080003fb   Thumb Code     0  iusefp.o(.text)
    _double_round                            0x080003fb   Thumb Code    30  depilogue.o(.text)
    _double_epilogue                         0x08000419   Thumb Code   156  depilogue.o(.text)
    __aeabi_dadd                             0x080004b5   Thumb Code   322  dadd.o(.text)
    __aeabi_dsub                             0x080005f7   Thumb Code     6  dadd.o(.text)
    __aeabi_drsub                            0x080005fd   Thumb Code     6  dadd.o(.text)
    __aeabi_d2ulz                            0x08000603   Thumb Code    48  dfixul.o(.text)
    __aeabi_cdrcmple                         0x08000635   Thumb Code    48  cdrcmple.o(.text)
    __scatterload                            0x08000665   Thumb Code    38  init.o(.text)
    __scatterload_rt2                        0x08000665   Thumb Code     0  init.o(.text)
    __aeabi_lasr                             0x08000695   Thumb Code    36  llsshr.o(.text)
    _ll_sshift_r                             0x08000695   Thumb Code     0  llsshr.o(.text)
    BusFault_Handler                         0x080006b9   Thumb Code     2  stm32f1xx_it.o(.text.BusFault_Handler)
    DMA1_Channel4_IRQHandler                 0x080006bd   Thumb Code    12  stm32f1xx_it.o(.text.DMA1_Channel4_IRQHandler)
    DMA1_Channel5_IRQHandler                 0x080006c9   Thumb Code    12  stm32f1xx_it.o(.text.DMA1_Channel5_IRQHandler)
    DebugMon_Handler                         0x080006d5   Thumb Code     2  stm32f1xx_it.o(.text.DebugMon_Handler)
    Error_Handler                            0x080006d9   Thumb Code    10  main.o(.text.Error_Handler)
    HAL_DMA_Abort                            0x080006e5   Thumb Code    70  stm32f1xx_hal_dma.o(.text.HAL_DMA_Abort)
    HAL_DMA_Abort_IT                         0x0800072d   Thumb Code   180  stm32f1xx_hal_dma.o(.text.HAL_DMA_Abort_IT)
    HAL_DMA_IRQHandler                       0x080007e1   Thumb Code   416  stm32f1xx_hal_dma.o(.text.HAL_DMA_IRQHandler)
    HAL_DMA_Init                             0x08000981   Thumb Code   134  stm32f1xx_hal_dma.o(.text.HAL_DMA_Init)
    HAL_DMA_Start_IT                         0x08000a09   Thumb Code   160  stm32f1xx_hal_dma.o(.text.HAL_DMA_Start_IT)
    HAL_Delay                                0x08000aa9   Thumb Code    40  stm32f1xx_hal.o(.text.HAL_Delay)
    HAL_GPIO_Init                            0x08000ad1   Thumb Code   526  stm32f1xx_hal_gpio.o(.text.HAL_GPIO_Init)
    HAL_GPIO_WritePin                        0x08000ce1   Thumb Code    10  stm32f1xx_hal_gpio.o(.text.HAL_GPIO_WritePin)
    HAL_GetTick                              0x08000ced   Thumb Code    12  stm32f1xx_hal.o(.text.HAL_GetTick)
    HAL_IncTick                              0x08000cf9   Thumb Code    26  stm32f1xx_hal.o(.text.HAL_IncTick)
    HAL_Init                                 0x08000d15   Thumb Code    38  stm32f1xx_hal.o(.text.HAL_Init)
    HAL_InitTick                             0x08000d3d   Thumb Code    72  stm32f1xx_hal.o(.text.HAL_InitTick)
    HAL_MspInit                              0x08000d85   Thumb Code    66  stm32f1xx_hal_msp.o(.text.HAL_MspInit)
    HAL_NVIC_EnableIRQ                       0x08000dc9   Thumb Code    34  stm32f1xx_hal_cortex.o(.text.HAL_NVIC_EnableIRQ)
    HAL_NVIC_SetPriority                     0x08000ded   Thumb Code    86  stm32f1xx_hal_cortex.o(.text.HAL_NVIC_SetPriority)
    HAL_NVIC_SetPriorityGrouping             0x08000e45   Thumb Code    32  stm32f1xx_hal_cortex.o(.text.HAL_NVIC_SetPriorityGrouping)
    HAL_RCC_CSSCallback                      0x08000e65   Thumb Code     2  stm32f1xx_hal_rcc.o(.text.HAL_RCC_CSSCallback)
    HAL_RCC_ClockConfig                      0x08000e69   Thumb Code   466  stm32f1xx_hal_rcc.o(.text.HAL_RCC_ClockConfig)
    HAL_RCC_EnableCSS                        0x0800103d   Thumb Code    12  stm32f1xx_hal_rcc.o(.text.HAL_RCC_EnableCSS)
    HAL_RCC_GetPCLK1Freq                     0x08001049   Thumb Code    38  stm32f1xx_hal_rcc.o(.text.HAL_RCC_GetPCLK1Freq)
    HAL_RCC_GetPCLK2Freq                     0x08001071   Thumb Code    38  stm32f1xx_hal_rcc.o(.text.HAL_RCC_GetPCLK2Freq)
    HAL_RCC_NMI_IRQHandler                   0x08001099   Thumb Code    28  stm32f1xx_hal_rcc.o(.text.HAL_RCC_NMI_IRQHandler)
    HAL_RCC_OscConfig                        0x080010b5   Thumb Code  1024  stm32f1xx_hal_rcc.o(.text.HAL_RCC_OscConfig)
    HAL_SYSTICK_Config                       0x080014b5   Thumb Code    44  stm32f1xx_hal_cortex.o(.text.HAL_SYSTICK_Config)
    HAL_UARTEx_RxEventCallback               0x080014e1   Thumb Code     2  stm32f1xx_hal_uart.o(.text.HAL_UARTEx_RxEventCallback)
    HAL_UART_DMAStop                         0x080014e5   Thumb Code   540  stm32f1xx_hal_uart.o(.text.HAL_UART_DMAStop)
    HAL_UART_ErrorCallback                   0x08001701   Thumb Code     2  stm32f1xx_hal_uart.o(.text.HAL_UART_ErrorCallback)
    HAL_UART_IRQHandler                      0x08001705   Thumb Code  1392  stm32f1xx_hal_uart.o(.text.HAL_UART_IRQHandler)
    HAL_UART_IdleCallback                    0x08001c75   Thumb Code   180  system.o(.text.HAL_UART_IdleCallback)
    HAL_UART_Init                            0x08001d29   Thumb Code   226  stm32f1xx_hal_uart.o(.text.HAL_UART_Init)
    HAL_UART_MspInit                         0x08001e0d   Thumb Code   252  usart.o(.text.HAL_UART_MspInit)
    HAL_UART_Receive_DMA                     0x08001f09   Thumb Code   352  stm32f1xx_hal_uart.o(.text.HAL_UART_Receive_DMA)
    HAL_UART_RxCpltCallback                  0x08002069   Thumb Code     2  stm32f1xx_hal_uart.o(.text.HAL_UART_RxCpltCallback)
    HAL_UART_RxHalfCpltCallback              0x0800206d   Thumb Code     2  stm32f1xx_hal_uart.o(.text.HAL_UART_RxHalfCpltCallback)
    HAL_UART_Transmit                        0x08002071   Thumb Code   376  stm32f1xx_hal_uart.o(.text.HAL_UART_Transmit)
    HAL_UART_TxCpltCallback                  0x080021e9   Thumb Code     2  stm32f1xx_hal_uart.o(.text.HAL_UART_TxCpltCallback)
    HardFault_Handler                        0x080021ed   Thumb Code     2  stm32f1xx_it.o(.text.HardFault_Handler)
    LLOS_FIFO_Get_AvailableSize              0x080021f1   Thumb Code    16  llos_fifo.o(.text.LLOS_FIFO_Get_AvailableSize)
    LLOS_FIFO_Get_UsedSize                   0x08002201   Thumb Code    14  llos_fifo.o(.text.LLOS_FIFO_Get_UsedSize)
    LLOS_FIFO_Init                           0x08002211   Thumb Code   104  llos_fifo.o(.text.LLOS_FIFO_Init)
    LLOS_FIFO_Input                          0x080022d5   Thumb Code   268  llos_fifo.o(.text.LLOS_FIFO_Input)
    LLOS_FIFO_Output                         0x0800240d   Thumb Code   248  llos_fifo.o(.text.LLOS_FIFO_Output)
    LLOS_Init                                0x08002531   Thumb Code  1352  llos.o(.text.LLOS_Init)
    LLOS_Key_Init                            0x08002ad9   Thumb Code   196  llos_key.o(.text.LLOS_Key_Init)
    LLOS_LED_Set                             0x08002d6d   Thumb Code   380  llos_led.o(.text.LLOS_LED_Set)
    LLOS_Loop                                0x08002ee9   Thumb Code   352  llos.o(.text.LLOS_Loop)
    LLOS_Ms_To_Tick                          0x08003049   Thumb Code    18  llos.o(.text.LLOS_Ms_To_Tick)
    LLOS_Msg_Clear                           0x0800305d   Thumb Code    40  llos.o(.text.LLOS_Msg_Clear)
    LLOS_Msg_Receive                         0x080030b5   Thumb Code    16  llos.o(.text.LLOS_Msg_Receive)
    LLOS_Register_Events                     0x080030c5   Thumb Code    48  llos.o(.text.LLOS_Register_Events)
    LLOS_Start_Event                         0x08003121   Thumb Code   600  llos.o(.text.LLOS_Start_Event)
    LLOS_Tick_Increase                       0x080033a9   Thumb Code   264  llos.o(.text.LLOS_Tick_Increase)
    LLOS_Timer_Set                           0x080034b1   Thumb Code    88  llos.o(.text.LLOS_Timer_Set)
    LLOS_malloc                              0x08003539   Thumb Code   356  llos.o(.text.LLOS_malloc)
    MX_DMA_Init                              0x0800369d   Thumb Code    68  dma.o(.text.MX_DMA_Init)
    MX_GPIO_Init                             0x080036e1   Thumb Code   154  gpio.o(.text.MX_GPIO_Init)
    MX_USART1_UART_Init                      0x0800377d   Thumb Code    60  usart.o(.text.MX_USART1_UART_Init)
    MemManage_Handler                        0x080037b9   Thumb Code     2  stm32f1xx_it.o(.text.MemManage_Handler)
    NMI_Handler                              0x080037bd   Thumb Code     6  stm32f1xx_it.o(.text.NMI_Handler)
    PendSV_Handler                           0x080037c5   Thumb Code     2  stm32f1xx_it.o(.text.PendSV_Handler)
    SVC_Handler                              0x080037c9   Thumb Code     2  stm32f1xx_it.o(.text.SVC_Handler)
    SysTick_Handler                          0x080037cd   Thumb Code    16  stm32f1xx_it.o(.text.SysTick_Handler)
    SystemInit                               0x080037dd   Thumb Code     2  system_stm32f1xx.o(.text.SystemInit)
    System_Init                              0x080037e1   Thumb Code   158  system.o(.text.System_Init)
    System_Loop                              0x08003881   Thumb Code    82  system.o(.text.System_Loop)
    Task_UART_Events                         0x080038d5   Thumb Code   112  taskuart.o(.text.Task_UART_Events)
    Task_UART_Init                           0x08003991   Thumb Code    80  taskuart.o(.text.Task_UART_Init)
    USART1_IRQHandler                        0x08003e05   Thumb Code    26  stm32f1xx_it.o(.text.USART1_IRQHandler)
    UsageFault_Handler                       0x08003e21   Thumb Code     2  stm32f1xx_it.o(.text.UsageFault_Handler)
    fputc                                    0x08003e51   Thumb Code    32  system.o(.text.fputc)
    main                                     0x08003ea5   Thumb Code   122  main.o(.text.main)
    __0printf                                0x08003f21   Thumb Code    22  printfa.o(i.__0printf)
    __1printf                                0x08003f21   Thumb Code     0  printfa.o(i.__0printf)
    __2printf                                0x08003f21   Thumb Code     0  printfa.o(i.__0printf)
    __c89printf                              0x08003f21   Thumb Code     0  printfa.o(i.__0printf)
    printf                                   0x08003f21   Thumb Code     0  printfa.o(i.__0printf)
    __scatterload_copy                       0x08003f41   Thumb Code    14  handlers.o(i.__scatterload_copy)
    __scatterload_null                       0x08003f4f   Thumb Code     2  handlers.o(i.__scatterload_null)
    __scatterload_zeroinit                   0x08003f51   Thumb Code    14  handlers.o(i.__scatterload_zeroinit)
    puts                                     0x08004815   Thumb Code    30  puts.o(i.puts)
    AHBPrescTable                            0x08004838   Data          16  system_stm32f1xx.o(.rodata.AHBPrescTable)
    APBPrescTable                            0x08004848   Data           8  system_stm32f1xx.o(.rodata.APBPrescTable)
    Region$$Table$$Base                      0x08004acc   Number         0  anon$$obj.o(Region$$Table)
    Region$$Table$$Limit                     0x08004aec   Number         0  anon$$obj.o(Region$$Table)
    __stdout                                 0x20000000   Data           4  stdout.o(.data)
    uwTickFreq                               0x20000004   Data           1  stm32f1xx_hal.o(.data..L_MergedGlobals)
    uwTickPrio                               0x20000008   Data           4  stm32f1xx_hal.o(.data..L_MergedGlobals)
    SystemCoreClock                          0x2000000c   Data           4  system_stm32f1xx.o(.data.SystemCoreClock)
    ll_calendar                              0x20000070   Data           8  llos.o(.bss..L_MergedGlobals)
    ll_keyWhich                              0x20000098   Data           4  llos_key.o(.bss..L_MergedGlobals)
    fifoUART                                 0x200004b0   Data          16  taskuart.o(.bss.fifoUART)
    hdma_usart1_rx                           0x200004c0   Data          68  usart.o(.bss.hdma_usart1_rx)
    hdma_usart1_tx                           0x20000504   Data          68  usart.o(.bss.hdma_usart1_tx)
    huart1                                   0x20000548   Data          72  usart.o(.bss.huart1)
    usart1_recBuf                            0x20001590   Data         258  system.o(.bss.usart1_recBuf)
    uwTick                                   0x20001694   Data           4  stm32f1xx_hal.o(.bss.uwTick)
    __initial_sp                             0x20001a98   Data           0  startup_stm32f103xb.o(STACK)



==============================================================================

Memory Map of the image

  Image Entry point : 0x080000ed

  Load Region LR_IROM1 (Base: 0x08000000, Size: 0x00004b08, Max: 0x00010000, ABSOLUTE)

    Execution Region ER_IROM1 (Exec base: 0x08000000, Load base: 0x08000000, Size: 0x00004aec, Max: 0x00010000, ABSOLUTE)

    Exec Addr    Load Addr    Size         Type   Attr      Idx    E Section Name        Object

    0x08000000   0x08000000   0x000000ec   Data   RO            3    RESET               startup_stm32f103xb.o
    0x080000ec   0x080000ec   0x00000000   Code   RO          800  * .ARM.Collect$$$$00000000  mc_w.l(entry.o)
    0x080000ec   0x080000ec   0x00000004   Code   RO         1108    .ARM.Collect$$$$00000001  mc_w.l(entry2.o)
    0x080000f0   0x080000f0   0x00000004   Code   RO         1111    .ARM.Collect$$$$00000004  mc_w.l(entry5.o)
    0x080000f4   0x080000f4   0x00000000   Code   RO         1113    .ARM.Collect$$$$00000008  mc_w.l(entry7b.o)
    0x080000f4   0x080000f4   0x00000000   Code   RO         1115    .ARM.Collect$$$$0000000A  mc_w.l(entry8b.o)
    0x080000f4   0x080000f4   0x00000008   Code   RO         1116    .ARM.Collect$$$$0000000B  mc_w.l(entry9a.o)
    0x080000fc   0x080000fc   0x00000000   Code   RO         1118    .ARM.Collect$$$$0000000D  mc_w.l(entry10a.o)
    0x080000fc   0x080000fc   0x00000000   Code   RO         1120    .ARM.Collect$$$$0000000F  mc_w.l(entry11a.o)
    0x080000fc   0x080000fc   0x00000004   Code   RO         1109    .ARM.Collect$$$$00002712  mc_w.l(entry2.o)
    0x08000100   0x08000100   0x00000024   Code   RO            4    .text               startup_stm32f103xb.o
    0x08000124   0x08000124   0x00000062   Code   RO          807    .text               mc_w.l(uldiv.o)
    0x08000186   0x08000186   0x00000024   Code   RO          811    .text               mc_w.l(memcpya.o)
    0x080001aa   0x080001aa   0x00000024   Code   RO          813    .text               mc_w.l(memseta.o)
    0x080001ce   0x080001ce   0x000000e4   Code   RO         1098    .text               mf_w.l(dmul.o)
    0x080002b2   0x080002b2   0x000000de   Code   RO         1100    .text               mf_w.l(ddiv.o)
    0x08000390   0x08000390   0x0000002c   Code   RO         1132    .text               mc_w.l(uidiv.o)
    0x080003bc   0x080003bc   0x0000001e   Code   RO         1134    .text               mc_w.l(llshl.o)
    0x080003da   0x080003da   0x00000020   Code   RO         1136    .text               mc_w.l(llushr.o)
    0x080003fa   0x080003fa   0x00000000   Code   RO         1179    .text               mc_w.l(iusefp.o)
    0x080003fa   0x080003fa   0x000000ba   Code   RO         1182    .text               mf_w.l(depilogue.o)
    0x080004b4   0x080004b4   0x0000014e   Code   RO         1184    .text               mf_w.l(dadd.o)
    0x08000602   0x08000602   0x00000030   Code   RO         1186    .text               mf_w.l(dfixul.o)
    0x08000632   0x08000632   0x00000002   PAD
    0x08000634   0x08000634   0x00000030   Code   RO         1188    .text               mf_w.l(cdrcmple.o)
    0x08000664   0x08000664   0x00000030   Code   RO         1190    .text               mc_w.l(init.o)
    0x08000694   0x08000694   0x00000024   Code   RO         1192    .text               mc_w.l(llsshr.o)
    0x080006b8   0x080006b8   0x00000002   Code   RO           68    .text.BusFault_Handler  stm32f1xx_it.o
    0x080006ba   0x080006ba   0x00000002   PAD
    0x080006bc   0x080006bc   0x0000000c   Code   RO           80    .text.DMA1_Channel4_IRQHandler  stm32f1xx_it.o
    0x080006c8   0x080006c8   0x0000000c   Code   RO           82    .text.DMA1_Channel5_IRQHandler  stm32f1xx_it.o
    0x080006d4   0x080006d4   0x00000002   Code   RO           74    .text.DebugMon_Handler  stm32f1xx_it.o
    0x080006d6   0x080006d6   0x00000002   PAD
    0x080006d8   0x080006d8   0x0000000a   Code   RO           15    .text.Error_Handler  main.o
    0x080006e2   0x080006e2   0x00000002   PAD
    0x080006e4   0x080006e4   0x00000046   Code   RO          382    .text.HAL_DMA_Abort  stm32f1xx_hal_dma.o
    0x0800072a   0x0800072a   0x00000002   PAD
    0x0800072c   0x0800072c   0x000000b4   Code   RO          384    .text.HAL_DMA_Abort_IT  stm32f1xx_hal_dma.o
    0x080007e0   0x080007e0   0x000001a0   Code   RO          388    .text.HAL_DMA_IRQHandler  stm32f1xx_hal_dma.o
    0x08000980   0x08000980   0x00000086   Code   RO          374    .text.HAL_DMA_Init  stm32f1xx_hal_dma.o
    0x08000a06   0x08000a06   0x00000002   PAD
    0x08000a08   0x08000a08   0x000000a0   Code   RO          380    .text.HAL_DMA_Start_IT  stm32f1xx_hal_dma.o
    0x08000aa8   0x08000aa8   0x00000028   Code   RO          258    .text.HAL_Delay     stm32f1xx_hal.o
    0x08000ad0   0x08000ad0   0x0000020e   Code   RO          350    .text.HAL_GPIO_Init  stm32f1xx_hal_gpio.o
    0x08000cde   0x08000cde   0x00000002   PAD
    0x08000ce0   0x08000ce0   0x0000000a   Code   RO          356    .text.HAL_GPIO_WritePin  stm32f1xx_hal_gpio.o
    0x08000cea   0x08000cea   0x00000002   PAD
    0x08000cec   0x08000cec   0x0000000c   Code   RO          250    .text.HAL_GetTick   stm32f1xx_hal.o
    0x08000cf8   0x08000cf8   0x0000001a   Code   RO          248    .text.HAL_IncTick   stm32f1xx_hal.o
    0x08000d12   0x08000d12   0x00000002   PAD
    0x08000d14   0x08000d14   0x00000026   Code   RO          238    .text.HAL_Init      stm32f1xx_hal.o
    0x08000d3a   0x08000d3a   0x00000002   PAD
    0x08000d3c   0x08000d3c   0x00000048   Code   RO          240    .text.HAL_InitTick  stm32f1xx_hal.o
    0x08000d84   0x08000d84   0x00000042   Code   RO           93    .text.HAL_MspInit   stm32f1xx_hal_msp.o
    0x08000dc6   0x08000dc6   0x00000002   PAD
    0x08000dc8   0x08000dc8   0x00000022   Code   RO          410    .text.HAL_NVIC_EnableIRQ  stm32f1xx_hal_cortex.o
    0x08000dea   0x08000dea   0x00000002   PAD
    0x08000dec   0x08000dec   0x00000056   Code   RO          408    .text.HAL_NVIC_SetPriority  stm32f1xx_hal_cortex.o
    0x08000e42   0x08000e42   0x00000002   PAD
    0x08000e44   0x08000e44   0x00000020   Code   RO          406    .text.HAL_NVIC_SetPriorityGrouping  stm32f1xx_hal_cortex.o
    0x08000e64   0x08000e64   0x00000002   Code   RO          324    .text.HAL_RCC_CSSCallback  stm32f1xx_hal_rcc.o
    0x08000e66   0x08000e66   0x00000002   PAD
    0x08000e68   0x08000e68   0x000001d2   Code   RO          302    .text.HAL_RCC_ClockConfig  stm32f1xx_hal_rcc.o
    0x0800103a   0x0800103a   0x00000002   PAD
    0x0800103c   0x0800103c   0x0000000c   Code   RO          308    .text.HAL_RCC_EnableCSS  stm32f1xx_hal_rcc.o
    0x08001048   0x08001048   0x00000026   Code   RO          314    .text.HAL_RCC_GetPCLK1Freq  stm32f1xx_hal_rcc.o
    0x0800106e   0x0800106e   0x00000002   PAD
    0x08001070   0x08001070   0x00000026   Code   RO          316    .text.HAL_RCC_GetPCLK2Freq  stm32f1xx_hal_rcc.o
    0x08001096   0x08001096   0x00000002   PAD
    0x08001098   0x08001098   0x0000001c   Code   RO          322    .text.HAL_RCC_NMI_IRQHandler  stm32f1xx_hal_rcc.o
    0x080010b4   0x080010b4   0x00000400   Code   RO          300    .text.HAL_RCC_OscConfig  stm32f1xx_hal_rcc.o
    0x080014b4   0x080014b4   0x0000002c   Code   RO          418    .text.HAL_SYSTICK_Config  stm32f1xx_hal_cortex.o
    0x080014e0   0x080014e0   0x00000002   Code   RO          202    .text.HAL_UARTEx_RxEventCallback  stm32f1xx_hal_uart.o
    0x080014e2   0x080014e2   0x00000002   PAD
    0x080014e4   0x080014e4   0x0000021c   Code   RO          158    .text.HAL_UART_DMAStop  stm32f1xx_hal_uart.o
    0x08001700   0x08001700   0x00000002   Code   RO          200    .text.HAL_UART_ErrorCallback  stm32f1xx_hal_uart.o
    0x08001702   0x08001702   0x00000002   PAD
    0x08001704   0x08001704   0x00000570   Code   RO          194    .text.HAL_UART_IRQHandler  stm32f1xx_hal_uart.o
    0x08001c74   0x08001c74   0x000000b4   Code   RO          770    .text.HAL_UART_IdleCallback  system.o
    0x08001d28   0x08001d28   0x000000e2   Code   RO          118    .text.HAL_UART_Init  stm32f1xx_hal_uart.o
    0x08001e0a   0x08001e0a   0x00000002   PAD
    0x08001e0c   0x08001e0c   0x000000fc   Code   RO           47    .text.HAL_UART_MspInit  usart.o
    0x08001f08   0x08001f08   0x00000160   Code   RO          150    .text.HAL_UART_Receive_DMA  stm32f1xx_hal_uart.o
    0x08002068   0x08002068   0x00000002   Code   RO          208    .text.HAL_UART_RxCpltCallback  stm32f1xx_hal_uart.o
    0x0800206a   0x0800206a   0x00000002   PAD
    0x0800206c   0x0800206c   0x00000002   Code   RO          210    .text.HAL_UART_RxHalfCpltCallback  stm32f1xx_hal_uart.o
    0x0800206e   0x0800206e   0x00000002   PAD
    0x08002070   0x08002070   0x00000178   Code   RO          132    .text.HAL_UART_Transmit  stm32f1xx_hal_uart.o
    0x080021e8   0x080021e8   0x00000002   Code   RO          204    .text.HAL_UART_TxCpltCallback  stm32f1xx_hal_uart.o
    0x080021ea   0x080021ea   0x00000002   PAD
    0x080021ec   0x080021ec   0x00000002   Code   RO           64    .text.HardFault_Handler  stm32f1xx_it.o
    0x080021ee   0x080021ee   0x00000002   PAD
    0x080021f0   0x080021f0   0x00000010   Code   RO          746    .text.LLOS_FIFO_Get_AvailableSize  llos_fifo.o
    0x08002200   0x08002200   0x0000000e   Code   RO          744    .text.LLOS_FIFO_Get_UsedSize  llos_fifo.o
    0x0800220e   0x0800220e   0x00000002   PAD
    0x08002210   0x08002210   0x000000c4   Code   RO          740    .text.LLOS_FIFO_Init  llos_fifo.o
    0x080022d4   0x080022d4   0x00000138   Code   RO          748    .text.LLOS_FIFO_Input  llos_fifo.o
    0x0800240c   0x0800240c   0x00000124   Code   RO          750    .text.LLOS_FIFO_Output  llos_fifo.o
    0x08002530   0x08002530   0x000005a8   Code   RO          600    .text.LLOS_Init     llos.o
    0x08002ad8   0x08002ad8   0x0000012c   Code   RO          709    .text.LLOS_Key_Init  llos_key.o
    0x08002c04   0x08002c04   0x00000168   Code   RO          711    .text.LLOS_Key_Tick  llos_key.o
    0x08002d6c   0x08002d6c   0x0000017c   Code   RO          727    .text.LLOS_LED_Set  llos_led.o
    0x08002ee8   0x08002ee8   0x00000160   Code   RO          606    .text.LLOS_Loop     llos.o
    0x08003048   0x08003048   0x00000012   Code   RO          620    .text.LLOS_Ms_To_Tick  llos.o
    0x0800305a   0x0800305a   0x00000002   PAD
    0x0800305c   0x0800305c   0x00000058   Code   RO          626    .text.LLOS_Msg_Clear  llos.o
    0x080030b4   0x080030b4   0x00000010   Code   RO          624    .text.LLOS_Msg_Receive  llos.o
    0x080030c4   0x080030c4   0x0000005c   Code   RO          604    .text.LLOS_Register_Events  llos.o
    0x08003120   0x08003120   0x00000288   Code   RO          608    .text.LLOS_Start_Event  llos.o
    0x080033a8   0x080033a8   0x00000108   Code   RO          618    .text.LLOS_Tick_Increase  llos.o
    0x080034b0   0x080034b0   0x00000088   Code   RO          632    .text.LLOS_Timer_Set  llos.o
    0x08003538   0x08003538   0x00000164   Code   RO          602    .text.LLOS_malloc   llos.o
    0x0800369c   0x0800369c   0x00000044   Code   RO           36    .text.MX_DMA_Init   dma.o
    0x080036e0   0x080036e0   0x0000009a   Code   RO           26    .text.MX_GPIO_Init  gpio.o
    0x0800377a   0x0800377a   0x00000002   PAD
    0x0800377c   0x0800377c   0x0000003c   Code   RO           45    .text.MX_USART1_UART_Init  usart.o
    0x080037b8   0x080037b8   0x00000002   Code   RO           66    .text.MemManage_Handler  stm32f1xx_it.o
    0x080037ba   0x080037ba   0x00000002   PAD
    0x080037bc   0x080037bc   0x00000006   Code   RO           62    .text.NMI_Handler   stm32f1xx_it.o
    0x080037c2   0x080037c2   0x00000002   PAD
    0x080037c4   0x080037c4   0x00000002   Code   RO           76    .text.PendSV_Handler  stm32f1xx_it.o
    0x080037c6   0x080037c6   0x00000002   PAD
    0x080037c8   0x080037c8   0x00000002   Code   RO           72    .text.SVC_Handler   stm32f1xx_it.o
    0x080037ca   0x080037ca   0x00000002   PAD
    0x080037cc   0x080037cc   0x00000010   Code   RO           78    .text.SysTick_Handler  stm32f1xx_it.o
    0x080037dc   0x080037dc   0x00000002   Code   RO          571    .text.SystemInit    system_stm32f1xx.o
    0x080037de   0x080037de   0x00000002   PAD
    0x080037e0   0x080037e0   0x0000009e   Code   RO          760    .text.System_Init   system.o
    0x0800387e   0x0800387e   0x00000002   PAD
    0x08003880   0x08003880   0x00000052   Code   RO          766    .text.System_Loop   system.o
    0x080038d2   0x080038d2   0x00000002   PAD
    0x080038d4   0x080038d4   0x000000bc   Code   RO          782    .text.Task_UART_Events  taskuart.o
    0x08003990   0x08003990   0x00000074   Code   RO          784    .text.Task_UART_Init  taskuart.o
    0x08003a04   0x08003a04   0x0000000c   Code   RO          198    .text.UART_DMAAbortOnError  stm32f1xx_hal_uart.o
    0x08003a10   0x08003a10   0x0000017c   Code   RO          148    .text.UART_DMAError  stm32f1xx_hal_uart.o
    0x08003b8c   0x08003b8c   0x0000015e   Code   RO          226    .text.UART_DMAReceiveCplt  stm32f1xx_hal_uart.o
    0x08003cea   0x08003cea   0x00000002   PAD
    0x08003cec   0x08003cec   0x00000018   Code   RO          228    .text.UART_DMARxHalfCplt  stm32f1xx_hal_uart.o
    0x08003d04   0x08003d04   0x000000fe   Code   RO          196    .text.UART_Receive_IT  stm32f1xx_hal_uart.o
    0x08003e02   0x08003e02   0x00000002   PAD
    0x08003e04   0x08003e04   0x0000001a   Code   RO           84    .text.USART1_IRQHandler  stm32f1xx_it.o
    0x08003e1e   0x08003e1e   0x00000002   PAD
    0x08003e20   0x08003e20   0x00000002   Code   RO           70    .text.UsageFault_Handler  stm32f1xx_it.o
    0x08003e22   0x08003e22   0x00000002   PAD
    0x08003e24   0x08003e24   0x0000002a   Code   RO          762    .text.__NVIC_SystemReset  system.o
    0x08003e4e   0x08003e4e   0x00000002   PAD
    0x08003e50   0x08003e50   0x00000020   Code   RO          768    .text.fputc         system.o
    0x08003e70   0x08003e70   0x00000034   Code   RO          764    .text.keyCB         system.o
    0x08003ea4   0x08003ea4   0x0000007a   Code   RO           11    .text.main          main.o
    0x08003f1e   0x08003f1e   0x00000002   PAD
    0x08003f20   0x08003f20   0x00000020   Code   RO         1064    i.__0printf         mc_w.l(printfa.o)
    0x08003f40   0x08003f40   0x0000000e   Code   RO         1215    i.__scatterload_copy  mc_w.l(handlers.o)
    0x08003f4e   0x08003f4e   0x00000002   Code   RO         1216    i.__scatterload_null  mc_w.l(handlers.o)
    0x08003f50   0x08003f50   0x0000000e   Code   RO         1217    i.__scatterload_zeroinit  mc_w.l(handlers.o)
    0x08003f5e   0x08003f5e   0x00000002   PAD
    0x08003f60   0x08003f60   0x00000184   Code   RO         1071    i._fp_digits        mc_w.l(printfa.o)
    0x080040e4   0x080040e4   0x000006dc   Code   RO         1072    i._printf_core      mc_w.l(printfa.o)
    0x080047c0   0x080047c0   0x00000024   Code   RO         1073    i._printf_post_padding  mc_w.l(printfa.o)
    0x080047e4   0x080047e4   0x0000002e   Code   RO         1074    i._printf_pre_padding  mc_w.l(printfa.o)
    0x08004812   0x08004812   0x00000002   PAD
    0x08004814   0x08004814   0x00000024   Code   RO          803    i.puts              mc_w.l(puts.o)
    0x08004838   0x08004838   0x00000010   Data   RO          576    .rodata.AHBPrescTable  system_stm32f1xx.o
    0x08004848   0x08004848   0x00000008   Data   RO          577    .rodata.APBPrescTable  system_stm32f1xx.o
    0x08004850   0x08004850   0x00000002   Data   RO          327    .rodata.HAL_RCC_GetSysClockFreq.aPredivFactorTable  stm32f1xx_hal_rcc.o
    0x08004852   0x08004852   0x00000010   Data   RO          326    .rodata.cst16       stm32f1xx_hal_rcc.o
    0x08004862   0x08004862   0x0000020d   Data   RO          696    .rodata.str1.1      llos.o
    0x08004a6f   0x08004a6f   0x0000005a   Data   RO          713    .rodata.str1.1      llos_key.o
    0x08004ac9   0x08004ac9   0x00000003   PAD
    0x08004acc   0x08004acc   0x00000020   Data   RO         1214    Region$$Table       anon$$obj.o


    Execution Region RW_IRAM1 (Exec base: 0x20000000, Load base: 0x08004af0, Size: 0x00001a98, Max: 0x00005000, ABSOLUTE)

    Exec Addr    Load Addr    Size         Type   Attr      Idx    E Section Name        Object

    0x20000000   0x08004af0   0x00000004   Data   RW         1122    .data               mc_w.l(stdout.o)
    0x20000004   0x08004af4   0x00000008   Data   RW          289    .data..L_MergedGlobals  stm32f1xx_hal.o
    0x2000000c   0x08004afc   0x00000004   Data   RW          575    .data.SystemCoreClock  system_stm32f1xx.o
    0x20000010   0x08004b00   0x00000001   Data   RW          787    .data.taskUART      taskuart.o
    0x20000011   0x08004b01   0x00000001   Data   RW          697    .data.tickMultiple  llos.o
    0x20000012   0x08004b02   0x00000006   PAD
    0x20000018        -       0x00000078   Zero   RW          700    .bss..L_MergedGlobals  llos.o
    0x20000090        -       0x00000018   Zero   RW          714    .bss..L_MergedGlobals  llos_key.o
    0x200000a8        -       0x00000008   Zero   RW          731    .bss..L_MergedGlobals  llos_led.o
    0x200000b0        -       0x00000400   Zero   RW          788    .bss.bufferUART     taskuart.o
    0x200004b0        -       0x00000010   Zero   RW          786    .bss.fifoUART       taskuart.o
    0x200004c0        -       0x00000044   Zero   RW           52    .bss.hdma_usart1_rx  usart.o
    0x20000504        -       0x00000044   Zero   RW           53    .bss.hdma_usart1_tx  usart.o
    0x20000548        -       0x00000048   Zero   RW           51    .bss.huart1         usart.o
    0x20000590        -       0x00001000   Zero   RW          773    .bss.pMemPool       system.o
    0x20001590        -       0x00000102   Zero   RW          772    .bss.usart1_recBuf  system.o
    0x20001692   0x08004b02   0x00000002   PAD
    0x20001694        -       0x00000004   Zero   RW          288    .bss.uwTick         stm32f1xx_hal.o
    0x20001698        -       0x00000400   Zero   RW            1    STACK               startup_stm32f103xb.o


==============================================================================

Image component sizes


      Code (inc. data)   RO Data    RW Data    ZI Data      Debug   Object Name

        68          0          0          0          0       2199   dma.o
       154          0          0          0          0       1788   gpio.o
      3418        284        525          1        120      35524   llos.o
       830        180          0          0          0       3794   llos_fifo.o
       660        104         90          0         24       2978   llos_key.o
       380          0          0          0          8       3029   llos_led.o
       132          0          0          0          0       2761   main.o
        36          8        236          0       1024        808   startup_stm32f103xb.o
       188          0          0          8          4       5774   stm32f1xx_hal.o
       196          0          0          0          0       8465   stm32f1xx_hal_cortex.o
       960          0          0          0          0       8504   stm32f1xx_hal_dma.o
       536         20          0          0          0       4647   stm32f1xx_hal_gpio.o
        66          0          0          0          0       1223   stm32f1xx_hal_msp.o
      1608          0         18          0          0       8024   stm32f1xx_hal_rcc.o
      3916          0          0          0          0      32540   stm32f1xx_hal_uart.o
        86          0          0          0          0       4117   stm32f1xx_it.o
       546          8          0          0       4354       6348   system.o
         2          0         24          4          0       1687   system_stm32f1xx.o
       304        112          0          1       1040       1768   taskuart.o
       312          0          0          0        208       5822   usart.o

    ----------------------------------------------------------------------
     14476        716        928         16       6788     141800   Object Totals
         0          0         32          0          0          0   (incl. Generated)
        78          0          3          2          6          0   (incl. Padding)

    ----------------------------------------------------------------------

      Code (inc. data)   RO Data    RW Data    ZI Data      Debug   Library Member Name

         0          0          0          0          0          0   entry.o
         0          0          0          0          0          0   entry10a.o
         0          0          0          0          0          0   entry11a.o
         8          4          0          0          0          0   entry2.o
         4          0          0          0          0          0   entry5.o
         0          0          0          0          0          0   entry7b.o
         0          0          0          0          0          0   entry8b.o
         8          4          0          0          0          0   entry9a.o
        30          0          0          0          0          0   handlers.o
        48         10          0          0          0         68   init.o
         0          0          0          0          0          0   iusefp.o
        30          0          0          0          0         68   llshl.o
        36          0          0          0          0         68   llsshr.o
        32          0          0          0          0         68   llushr.o
        36          0          0          0          0         68   memcpya.o
        36          0          0          0          0        108   memseta.o
      2258         90          0          0          0        452   printfa.o
        36          6          0          0          0         80   puts.o
         0          0          0          4          0          0   stdout.o
        44          0          0          0          0         80   uidiv.o
        98          0          0          0          0         92   uldiv.o
        48          0          0          0          0         68   cdrcmple.o
       334          0          0          0          0        148   dadd.o
       222          0          0          0          0        100   ddiv.o
       186          0          0          0          0        176   depilogue.o
        48          0          0          0          0         68   dfixul.o
       228          0          0          0          0         96   dmul.o

    ----------------------------------------------------------------------
      3776        114          0          4          0       1808   Library Totals
         6          0          0          0          0          0   (incl. Padding)

    ----------------------------------------------------------------------

      Code (inc. data)   RO Data    RW Data    ZI Data      Debug   Library Name

      2704        114          0          4          0       1152   mc_w.l
      1066          0          0          0          0        656   mf_w.l

    ----------------------------------------------------------------------
      3776        114          0          4          0       1808   Library Totals

    ----------------------------------------------------------------------

==============================================================================


      Code (inc. data)   RO Data    RW Data    ZI Data      Debug   

     18252        830        928         20       6788     142464   Grand Totals
     18252        830        928         20       6788     142464   ELF Image Totals
     18252        830        928         20          0          0   ROM Totals

==============================================================================

    Total RO  Size (Code + RO Data)                19180 (  18.73kB)
    Total RW  Size (RW Data + ZI Data)              6808 (   6.65kB)
    Total ROM Size (Code + RO Data + RW Data)      19200 (  18.75kB)

==============================================================================

